00:00 +0: loading /Users/raudineisilvapereira/dev/appdart/test/ui/components/side_menu_test.dart
00:00 +0: /Users/raudineisilvapereira/dev/appdart/test/ui/components/side_menu_test.dart: AppRoutes.getLevel 1️⃣ L0 — Dashboard/Mapa (raiz absoluta) Dashboard raiz é L0
00:00 +0 -1: /Users/raudineisilvapereira/dev/appdart/test/ui/components/side_menu_test.dart: AppRoutes.getLevel 1️⃣ L0 — Dashboard/Mapa (raiz absoluta) Dashboard raiz é L0 [E]
  Expected: RouteLevel:<RouteLevel.l0>
    Actual: RouteLevel:<RouteLevel.l2Plus>
  
  package:matcher                                     expect
  package:flutter_test/src/widget_tester.dart 473:18  expect
  test/ui/components/side_menu_test.dart 26:9         main.<fn>.<fn>.<fn>
  
00:00 +0 -1: /Users/raudineisilvapereira/dev/appdart/test/ui/components/side_menu_test.dart: AppRoutes.getLevel 1️⃣ L0 — Dashboard/Mapa (raiz absoluta) Sub-rota do dashboard (mapa-tecnico) é L0
00:00 +0 -2: /Users/raudineisilvapereira/dev/appdart/test/ui/components/side_menu_test.dart: AppRoutes.getLevel 1️⃣ L0 — Dashboard/Mapa (raiz absoluta) Sub-rota do dashboard (mapa-tecnico) é L0 [E]
  Expected: RouteLevel:<RouteLevel.l0>
    Actual: RouteLevel:<RouteLevel.l2Plus>
  
  package:matcher                                     expect
  package:flutter_test/src/widget_tester.dart 473:18  expect
  test/ui/components/side_menu_test.dart 30:9         main.<fn>.<fn>.<fn>
  
00:00 +0 -2: /Users/raudineisilvapereira/dev/appdart/test/ui/components/side_menu_test.dart: AppRoutes.getLevel 1️⃣ L0 — Dashboard/Mapa (raiz absoluta) Sub-rota profunda do dashboard é L0
00:00 +0 -3: /Users/raudineisilvapereira/dev/appdart/test/ui/components/side_menu_test.dart: AppRoutes.getLevel 1️⃣ L0 — Dashboard/Mapa (raiz absoluta) Sub-rota profunda do dashboard é L0 [E]
  Expected: RouteLevel:<RouteLevel.l0>
    Actual: RouteLevel:<RouteLevel.l2Plus>
  
  package:matcher                                     expect
  package:flutter_test/src/widget_tester.dart 473:18  expect
  test/ui/components/side_menu_test.dart 34:9         main.<fn>.<fn>.<fn>
  
00:00 +0 -3: /Users/raudineisilvapereira/dev/appdart/test/ui/components/side_menu_test.dart: AppRoutes.getLevel 2️⃣ L1 — Módulos raiz Settings é L1
00:00 +1 -3: /Users/raudineisilvapereira/dev/appdart/test/ui/components/side_menu_test.dart: AppRoutes.getLevel 2️⃣ L1 — Módulos raiz Agenda é L1
00:00 +2 -3: /Users/raudineisilvapereira/dev/appdart/test/ui/components/side_menu_test.dart: AppRoutes.getLevel 2️⃣ L1 — Módulos raiz Feedback é L1
00:00 +3 -3: /Users/raudineisilvapereira/dev/appdart/test/ui/components/side_menu_test.dart: AppRoutes.getLevel 2️⃣ L1 — Módulos raiz Clientes é L1
00:00 +4 -3: /Users/raudineisilvapereira/dev/appdart/test/ui/components/side_menu_test.dart: AppRoutes.getLevel 2️⃣ L1 — Módulos raiz Relatórios é L1
00:00 +5 -3: /Users/raudineisilvapereira/dev/appdart/test/ui/components/side_menu_test.dart: AppRoutes.getLevel 3️⃣ L2+ — Subtelas Detalhe de cliente é L2+
00:00 +6 -3: /Users/raudineisilvapereira/dev/appdart/test/ui/components/side_menu_test.dart: AppRoutes.getLevel 3️⃣ L2+ — Subtelas Novo cliente é L2+
00:00 +7 -3: /Users/raudineisilvapereira/dev/appdart/test/ui/components/side_menu_test.dart: AppRoutes.getLevel 3️⃣ L2+ — Subtelas Detalhe de fazenda é L2+
00:00 +8 -3: /Users/raudineisilvapereira/dev/appdart/test/ui/components/side_menu_test.dart: AppRoutes.getLevel 3️⃣ L2+ — Subtelas Detalhe de talhão é L2+
00:00 +9 -3: /Users/raudineisilvapereira/dev/appdart/test/ui/components/side_menu_test.dart: AppRoutes.getLevel 3️⃣ L2+ — Subtelas Detalhe de relatório é L2+
00:00 +10 -3: /Users/raudineisilvapereira/dev/appdart/test/ui/components/side_menu_test.dart: AppRoutes.getLevel 3️⃣ L2+ — Subtelas Novo relatório é L2+
00:00 +11 -3: /Users/raudineisilvapereira/dev/appdart/test/ui/components/side_menu_test.dart: AppRoutes.getLevel 3️⃣ L2+ — Subtelas Rota desconhecida é L2+ (fallback seguro)
00:00 +12 -3: /Users/raudineisilvapereira/dev/appdart/test/ui/components/side_menu_test.dart: AppRoutes.getLevel 4️⃣ PUBLIC — Rotas públicas Public map é PUBLIC
00:00 +13 -3: /Users/raudineisilvapereira/dev/appdart/test/ui/components/side_menu_test.dart: AppRoutes.getLevel 4️⃣ PUBLIC — Rotas públicas Login é PUBLIC
00:00 +14 -3: /Users/raudineisilvapereira/dev/appdart/test/ui/components/side_menu_test.dart: AppRoutes.getLevel 4️⃣ PUBLIC — Rotas públicas Signup é PUBLIC
00:00 +14 -4: /Users/raudineisilvapereira/dev/appdart/test/ui/components/side_menu_test.dart: AppRoutes.getLevel 4️⃣ PUBLIC — Rotas públicas Signup é PUBLIC [E]
  Expected: RouteLevel:<RouteLevel.public>
    Actual: RouteLevel:<RouteLevel.l2Plus>
  
  package:matcher                                     expect
  package:flutter_test/src/widget_tester.dart 473:18  expect
  test/ui/components/side_menu_test.dart 123:9        main.<fn>.<fn>.<fn>
  
00:00 +14 -4: /Users/raudineisilvapereira/dev/appdart/test/ui/components/side_menu_test.dart: AppRoutes.getLevel 4️⃣ PUBLIC — Rotas públicas Raiz (/) é PUBLIC
00:00 +15 -4: /Users/raudineisilvapereira/dev/appdart/test/ui/components/side_menu_test.dart: AppRoutes.getLevel 5️⃣ Casos defensivos Rota vazia é L2+ (fallback)
00:00 +16 -4: /Users/raudineisilvapereira/dev/appdart/test/ui/components/side_menu_test.dart: AppRoutes.getLevel 5️⃣ Casos defensivos Dashboard com barra final é L0
00:00 +16 -5: /Users/raudineisilvapereira/dev/appdart/test/ui/components/side_menu_test.dart: AppRoutes.getLevel 5️⃣ Casos defensivos Dashboard com barra final é L0 [E]
  Expected: RouteLevel:<RouteLevel.l0>
    Actual: RouteLevel:<RouteLevel.l2Plus>
  
  package:matcher                                     expect
  package:flutter_test/src/widget_tester.dart 473:18  expect
  test/ui/components/side_menu_test.dart 138:9        main.<fn>.<fn>.<fn>
  
00:00 +16 -5: /Users/raudineisilvapereira/dev/appdart/test/ui/components/side_menu_test.dart: AppRoutes.getLevel 6️⃣ AppRoutes.canOpenSideMenu Pode abrir SideMenu no dashboard
00:00 +16 -6: /Users/raudineisilvapereira/dev/appdart/test/ui/components/side_menu_test.dart: AppRoutes.getLevel 6️⃣ AppRoutes.canOpenSideMenu Pode abrir SideMenu no dashboard [E]
  Expected: <true>
    Actual: <false>
  
  package:matcher                                     expect
  package:flutter_test/src/widget_tester.dart 473:18  expect
  test/ui/components/side_menu_test.dart 144:9        main.<fn>.<fn>.<fn>
  
00:00 +16 -6: /Users/raudineisilvapereira/dev/appdart/test/ui/components/side_menu_test.dart: AppRoutes.getLevel 6️⃣ AppRoutes.canOpenSideMenu Pode abrir SideMenu em sub-rota do dashboard
00:00 +16 -7: /Users/raudineisilvapereira/dev/appdart/test/ui/components/side_menu_test.dart: AppRoutes.getLevel 6️⃣ AppRoutes.canOpenSideMenu Pode abrir SideMenu em sub-rota do dashboard [E]
  Expected: <true>
    Actual: <false>
  
  package:matcher                                     expect
  package:flutter_test/src/widget_tester.dart 473:18  expect
  test/ui/components/side_menu_test.dart 148:9        main.<fn>.<fn>.<fn>
  
00:00 +16 -7: /Users/raudineisilvapereira/dev/appdart/test/ui/components/side_menu_test.dart: AppRoutes.getLevel 6️⃣ AppRoutes.canOpenSideMenu Não pode abrir SideMenu em /settings
00:00 +17 -7: /Users/raudineisilvapereira/dev/appdart/test/ui/components/side_menu_test.dart: AppRoutes.getLevel 6️⃣ AppRoutes.canOpenSideMenu Não pode abrir SideMenu em /consultoria/clientes
00:00 +18 -7: /Users/raudineisilvapereira/dev/appdart/test/ui/components/side_menu_test.dart: AppRoutes.getLevel 6️⃣ AppRoutes.canOpenSideMenu Não pode abrir SideMenu em detalhe de cliente
00:00 +19 -7: /Users/raudineisilvapereira/dev/appdart/test/ui/components/side_menu_test.dart: AppRoutes.getLevel 6️⃣ AppRoutes.canOpenSideMenu Não pode abrir SideMenu no mapa público
00:00 +20 -7: /Users/raudineisilvapereira/dev/appdart/test/ui/components/side_menu_test.dart: AppRoutes.getLevel 7️⃣ Performance Executa rápido (<1ms para 1000 chamadas)
00:00 +21 -7: /Users/raudineisilvapereira/dev/appdart/test/ui/components/map/providers/marker_providers_test.dart: publicationMarkersProvider deve retornar lista vazia quando não há publicações
00:00 +22 -7: /Users/raudineisilvapereira/dev/appdart/test/ui/components/map/providers/marker_providers_test.dart: localPublicationMarkersProvider deve retornar lista vazia quando não há publicações locais
00:00 +23 -7: /Users/raudineisilvapereira/dev/appdart/test/ui/components/map/providers/marker_providers_test.dart: localPublicationMarkersProvider deve criar markers para publicações locais
00:00 +24 -7: /Users/raudineisilvapereira/dev/appdart/test/ui/components/map/providers/marker_providers_test.dart: localPublicationMarkersProvider markers devem ter keys únicas e estáveis
00:00 +25 -7: /Users/raudineisilvapereira/dev/appdart/test/ui/components/map/providers/marker_providers_test.dart: localPublicationMarkersProvider markers devem ter tamanho correto e keys únicas
00:00 +26 -7: /Users/raudineisilvapereira/dev/appdart/test/ui/components/map/providers/marker_providers_test.dart: occurrenceMarkersProvider deve filtrar ocorrências com lat/long null
00:00 +27 -7: /Users/raudineisilvapereira/dev/appdart/test/ui/components/map/providers/marker_providers_test.dart: Isolamento de Rebuilds publicationMarkersProvider não deve rebuildar por outros providers
00:00 +28 -7: /Users/raudineisilvapereira/dev/appdart/test/ui/components/map/providers/marker_providers_test.dart: Otimizações providers devem retornar listas de Marker corretas
00:00 +29 -7: /Users/raudineisilvapereira/dev/appdart/test/ui/components/smart_button_test.dart: SmartButton - Map-First Contract DADO que estou na rota /map QUANDO o SmartButton é renderizado ENTÃO deve exibir ícone de menu (☰) E ao clicar deve abrir o SideMenu E NÃO deve executar navegação
00:00 +30 -7: /Users/raudineisilvapereira/dev/appdart/test/ui/components/smart_button_test.dart: SmartButton - Map-First Contract DADO que estou na rota /map QUANDO o SmartButton é renderizado ENTÃO deve exibir ícone de menu (☰) E ao clicar deve abrir o SideMenu E NÃO deve executar navegação
00:00 +31 -7: /Users/raudineisilvapereira/dev/appdart/test/ui/components/smart_button_test.dart: SmartButton - Map-First Contract DADO que estou na rota /map QUANDO o SmartButton é renderizado ENTÃO deve exibir ícone de menu (☰) E ao clicar deve abrir o SideMenu E NÃO deve executar navegação
00:00 +32 -7: /Users/raudineisilvapereira/dev/appdart/test/ui/components/smart_button_test.dart: SmartButton - Map-First Contract DADO que estou na rota /map QUANDO o SmartButton é renderizado ENTÃO deve exibir ícone de menu (☰) E ao clicar deve abrir o SideMenu E NÃO deve executar navegação
00:00 +33 -7: /Users/raudineisilvapereira/dev/appdart/test/ui/components/smart_button_test.dart: SmartButton - Map-First Contract DADO que estou na rota /map QUANDO o SmartButton é renderizado ENTÃO deve exibir ícone de menu (☰) E ao clicar deve abrir o SideMenu E NÃO deve executar navegação
00:00 +34 -7: /Users/raudineisilvapereira/dev/appdart/test/ui/components/smart_button_test.dart: SmartButton - Map-First Contract DADO que estou na rota /map QUANDO o SmartButton é renderizado ENTÃO deve exibir ícone de menu (☰) E ao clicar deve abrir o SideMenu E NÃO deve executar navegação
00:00 +35 -7: /Users/raudineisilvapereira/dev/appdart/test/ui/components/smart_button_test.dart: SmartButton - Map-First Contract DADO que estou na rota /map QUANDO o SmartButton é renderizado ENTÃO deve exibir ícone de menu (☰) E ao clicar deve abrir o SideMenu E NÃO deve executar navegação
00:00 +36 -7: /Users/raudineisilvapereira/dev/appdart/test/ui/components/smart_button_test.dart: SmartButton - Map-First Contract DADO que estou na rota /map QUANDO o SmartButton é renderizado ENTÃO deve exibir ícone de menu (☰) E ao clicar deve abrir o SideMenu E NÃO deve executar navegação
00:00 +37 -7: /Users/raudineisilvapereira/dev/appdart/test/ui/components/smart_button_test.dart: SmartButton - Map-First Contract DADO que estou na rota /map QUANDO o SmartButton é renderizado ENTÃO deve exibir ícone de menu (☰) E ao clicar deve abrir o SideMenu E NÃO deve executar navegação
00:00 +38 -7: /Users/raudineisilvapereira/dev/appdart/test/ui/components/smart_button_test.dart: SmartButton - Map-First Contract DADO que estou na rota /map QUANDO o SmartButton é renderizado ENTÃO deve exibir ícone de menu (☰) E ao clicar deve abrir o SideMenu E NÃO deve executar navegação
00:00 +39 -7: /Users/raudineisilvapereira/dev/appdart/test/ui/components/smart_button_test.dart: SmartButton - Map-First Contract DADO que estou na rota /map QUANDO o SmartButton é renderizado ENTÃO deve exibir ícone de menu (☰) E ao clicar deve abrir o SideMenu E NÃO deve executar navegação
00:00 +40 -7: /Users/raudineisilvapereira/dev/appdart/test/ui/components/smart_button_test.dart: SmartButton - Map-First Contract DADO que estou na rota /map QUANDO o SmartButton é renderizado ENTÃO deve exibir ícone de menu (☰) E ao clicar deve abrir o SideMenu E NÃO deve executar navegação
00:00 +41 -7: /Users/raudineisilvapereira/dev/appdart/test/ui/components/smart_button_test.dart: SmartButton - Map-First Contract DADO que estou na rota /map QUANDO o SmartButton é renderizado ENTÃO deve exibir ícone de menu (☰) E ao clicar deve abrir o SideMenu E NÃO deve executar navegação
00:00 +42 -7: /Users/raudineisilvapereira/dev/appdart/test/ui/components/smart_button_test.dart: SmartButton - Map-First Contract DADO que estou na rota /map QUANDO o SmartButton é renderizado ENTÃO deve exibir ícone de menu (☰) E ao clicar deve abrir o SideMenu E NÃO deve executar navegação
00:00 +43 -7: /Users/raudineisilvapereira/dev/appdart/test/ui/components/smart_button_test.dart: SmartButton - Map-First Contract DADO que estou na rota /map QUANDO o SmartButton é renderizado ENTÃO deve exibir ícone de menu (☰) E ao clicar deve abrir o SideMenu E NÃO deve executar navegação
00:00 +44 -7: /Users/raudineisilvapereira/dev/appdart/test/ui/components/smart_button_test.dart: SmartButton - Map-First Contract DADO que estou na rota /map QUANDO o SmartButton é renderizado ENTÃO deve exibir ícone de menu (☰) E ao clicar deve abrir o SideMenu E NÃO deve executar navegação
00:00 +45 -7: /Users/raudineisilvapereira/dev/appdart/test/ui/components/smart_button_test.dart: SmartButton - Map-First Contract DADO que estou na rota /map QUANDO o SmartButton é renderizado ENTÃO deve exibir ícone de menu (☰) E ao clicar deve abrir o SideMenu E NÃO deve executar navegação
00:00 +46 -7: /Users/raudineisilvapereira/dev/appdart/test/ui/components/smart_button_test.dart: SmartButton - Map-First Contract DADO que estou na rota /map QUANDO o SmartButton é renderizado ENTÃO deve exibir ícone de menu (☰) E ao clicar deve abrir o SideMenu E NÃO deve executar navegação
00:00 +47 -7: /Users/raudineisilvapereira/dev/appdart/test/ui/components/smart_button_test.dart: SmartButton - Map-First Contract DADO que estou na rota /map QUANDO o SmartButton é renderizado ENTÃO deve exibir ícone de menu (☰) E ao clicar deve abrir o SideMenu E NÃO deve executar navegação
00:00 +48 -7: /Users/raudineisilvapereira/dev/appdart/test/ui/components/smart_button_test.dart: SmartButton - Map-First Contract DADO que estou na rota /map QUANDO o SmartButton é renderizado ENTÃO deve exibir ícone de menu (☰) E ao clicar deve abrir o SideMenu E NÃO deve executar navegação
00:00 +49 -7: /Users/raudineisilvapereira/dev/appdart/test/ui/components/smart_button_test.dart: SmartButton - Map-First Contract DADO que estou na rota /map QUANDO o SmartButton é renderizado ENTÃO deve exibir ícone de menu (☰) E ao clicar deve abrir o SideMenu E NÃO deve executar navegação
00:00 +50 -7: /Users/raudineisilvapereira/dev/appdart/test/ui/components/smart_button_test.dart: SmartButton - Map-First Contract DADO que estou na rota /map QUANDO o SmartButton é renderizado ENTÃO deve exibir ícone de menu (☰) E ao clicar deve abrir o SideMenu E NÃO deve executar navegação
00:00 +51 -7: /Users/raudineisilvapereira/dev/appdart/test/ui/components/smart_button_test.dart: SmartButton - Map-First Contract DADO que estou na rota /map QUANDO o SmartButton é renderizado ENTÃO deve exibir ícone de menu (☰) E ao clicar deve abrir o SideMenu E NÃO deve executar navegação
00:00 +52 -7: /Users/raudineisilvapereira/dev/appdart/test/ui/components/smart_button_test.dart: SmartButton - Map-First Contract DADO que estou na rota /map QUANDO o SmartButton é renderizado ENTÃO deve exibir ícone de menu (☰) E ao clicar deve abrir o SideMenu E NÃO deve executar navegação
00:00 +53 -7: /Users/raudineisilvapereira/dev/appdart/test/core/database/migration_v9_test.dart: Migração v8 → v9: cliente_id e fazenda_id Deve adicionar coluna cliente_id
00:00 +54 -7: /Users/raudineisilvapereira/dev/appdart/test/core/database/migration_v9_test.dart: Migração v8 → v9: cliente_id e fazenda_id Deve adicionar coluna cliente_id
00:00 +55 -7: /Users/raudineisilvapereira/dev/appdart/test/ui/components/smart_button_test.dart: SmartButton - Map-First Contract DADO que navego por múltiplas rotas fora do /map QUANDO clico no SmartButton ENTÃO sempre retorna ao /map independente do caminho
00:00 +56 -7: /Users/raudineisilvapereira/dev/appdart/test/ui/components/smart_button_test.dart: SmartButton - Map-First Contract DADO que navego por múltiplas rotas fora do /map QUANDO clico no SmartButton ENTÃO sempre retorna ao /map independente do caminho
00:00 +57 -7: /Users/raudineisilvapereira/dev/appdart/test/ui/components/smart_button_test.dart: SmartButton - Map-First Contract DADO que navego por múltiplas rotas fora do /map QUANDO clico no SmartButton ENTÃO sempre retorna ao /map independente do caminho
00:00 +58 -7: /Users/raudineisilvapereira/dev/appdart/test/ui/components/smart_button_test.dart: SmartButton - Map-First Contract DADO que navego por múltiplas rotas fora do /map QUANDO clico no SmartButton ENTÃO sempre retorna ao /map independente do caminho
00:00 +59 -7: /Users/raudineisilvapereira/dev/appdart/test/ui/components/smart_button_test.dart: SmartButton - Map-First Contract DADO que navego por múltiplas rotas fora do /map QUANDO clico no SmartButton ENTÃO sempre retorna ao /map independente do caminho
00:00 +60 -7: /Users/raudineisilvapereira/dev/appdart/test/ui/components/smart_button_test.dart: SmartButton - Map-First Contract DADO que navego por múltiplas rotas fora do /map QUANDO clico no SmartButton ENTÃO sempre retorna ao /map independente do caminho
00:00 +61 -7: /Users/raudineisilvapereira/dev/appdart/test/ui/components/smart_button_test.dart: SmartButton - Map-First Contract DADO que navego por múltiplas rotas fora do /map QUANDO clico no SmartButton ENTÃO sempre retorna ao /map independente do caminho
00:00 +62 -7: /Users/raudineisilvapereira/dev/appdart/test/core/feature_flags/rollout_hash_determinism_test.dart: 🎲 Rollout Hash Determinism Hash distribui uniformemente entre 0-99
00:00 +63 -7: /Users/raudineisilvapereira/dev/appdart/test/core/feature_flags/rollout_hash_determinism_test.dart: 🎲 Rollout Hash Determinism Hash distribui uniformemente entre 0-99
00:00 +64 -7: /Users/raudineisilvapereira/dev/appdart/test/core/feature_flags/rollout_hash_determinism_test.dart: 🎲 Rollout Hash Determinism Hash distribui uniformemente entre 0-99
00:00 +65 -7: /Users/raudineisilvapereira/dev/appdart/test/core/feature_flags/rollout_hash_determinism_test.dart: 🎲 Rollout Hash Determinism Hash distribui uniformemente entre 0-99
00:00 +66 -7: /Users/raudineisilvapereira/dev/appdart/test/core/feature_flags/rollout_hash_determinism_test.dart: 🎲 Rollout Hash Determinism Hash distribui uniformemente entre 0-99
00:00 +67 -7: /Users/raudineisilvapereira/dev/appdart/test/core/feature_flags/rollout_hash_determinism_test.dart: 🎲 Rollout Hash Determinism Hash distribui uniformemente entre 0-99
00:00 +68 -7: /Users/raudineisilvapereira/dev/appdart/test/core/feature_flags/rollout_hash_determinism_test.dart: 🎲 Rollout Hash Determinism Hash distribui uniformemente entre 0-99
00:00 +69 -7: /Users/raudineisilvapereira/dev/appdart/test/core/feature_flags/rollout_hash_determinism_test.dart: 🎲 Rollout Hash Determinism Hash distribui uniformemente entre 0-99
00:01 +70 -7: /Users/raudineisilvapereira/dev/appdart/test/core/feature_flags/rollout_hash_determinism_test.dart: 🎲 Rollout Hash Determinism Hash distribui uniformemente entre 0-99
00:01 +71 -7: /Users/raudineisilvapereira/dev/appdart/test/core/feature_flags/rollout_hash_determinism_test.dart: 🎲 Rollout Hash Determinism Hash distribui uniformemente entre 0-99
00:01 +72 -7: /Users/raudineisilvapereira/dev/appdart/test/core/feature_flags/rollout_hash_determinism_test.dart: 🎲 Rollout Hash Determinism Hash distribui uniformemente entre 0-99
00:01 +73 -7: /Users/raudineisilvapereira/dev/appdart/test/core/feature_flags/rollout_hash_determinism_test.dart: 🎲 Rollout Hash Determinism Hash distribui uniformemente entre 0-99
00:01 +74 -7: /Users/raudineisilvapereira/dev/appdart/test/core/feature_flags/rollout_hash_determinism_test.dart: 🎲 Rollout Hash Determinism Hash distribui uniformemente entre 0-99
00:01 +75 -7: /Users/raudineisilvapereira/dev/appdart/test/core/feature_flags/rollout_hash_determinism_test.dart: 🎲 Rollout Hash Determinism Hash distribui uniformemente entre 0-99
00:01 +76 -7: /Users/raudineisilvapereira/dev/appdart/test/core/feature_flags/rollout_hash_determinism_test.dart: 🎲 Rollout Hash Determinism Hash distribui uniformemente entre 0-99
00:01 +77 -7: /Users/raudineisilvapereira/dev/appdart/test/core/feature_flags/rollout_hash_determinism_test.dart: 🎲 Rollout Hash Determinism Hash distribui uniformemente entre 0-99
00:01 +78 -7: /Users/raudineisilvapereira/dev/appdart/test/core/feature_flags/rollout_hash_determinism_test.dart: 🎲 Rollout Hash Determinism Hash distribui uniformemente entre 0-99
00:01 +79 -7: /Users/raudineisilvapereira/dev/appdart/test/core/feature_flags/rollout_hash_determinism_test.dart: 🎲 Rollout Hash Determinism Hash distribui uniformemente entre 0-99
00:01 +80 -7: /Users/raudineisilvapereira/dev/appdart/test/core/feature_flags/rollout_hash_determinism_test.dart: 🎲 Rollout Hash Determinism Hash distribui uniformemente entre 0-99
00:01 +81 -7: /Users/raudineisilvapereira/dev/appdart/test/core/feature_flags/rollout_hash_determinism_test.dart: 🎲 Rollout Hash Determinism Hash distribui uniformemente entre 0-99
00:01 +82 -7: /Users/raudineisilvapereira/dev/appdart/test/core/feature_flags/rollout_hash_determinism_test.dart: 🎲 Rollout Hash Determinism Hash distribui uniformemente entre 0-99
00:01 +83 -7: /Users/raudineisilvapereira/dev/appdart/test/core/feature_flags/rollout_hash_determinism_test.dart: 🎲 Rollout Hash Determinism Hash distribui uniformemente entre 0-99
00:01 +84 -7: /Users/raudineisilvapereira/dev/appdart/test/core/feature_flags/rollout_hash_determinism_test.dart: 🎲 Rollout Hash Determinism Hash distribui uniformemente entre 0-99
00:01 +85 -7: /Users/raudineisilvapereira/dev/appdart/test/core/feature_flags/rollout_hash_determinism_test.dart: 🎲 Rollout Hash Determinism Hash distribui uniformemente entre 0-99
00:01 +86 -7: /Users/raudineisilvapereira/dev/appdart/test/core/feature_flags/rollout_hash_determinism_test.dart: 🎲 Rollout Hash Determinism Hash distribui uniformemente entre 0-99
00:01 +87 -7: /Users/raudineisilvapereira/dev/appdart/test/core/feature_flags/rollout_hash_determinism_test.dart: 🎲 Rollout Hash Determinism Hash distribui uniformemente entre 0-99
00:01 +88 -7: /Users/raudineisilvapereira/dev/appdart/test/core/feature_flags/rollout_hash_determinism_test.dart: 🎲 Rollout Hash Determinism Hash distribui uniformemente entre 0-99
00:01 +89 -7: /Users/raudineisilvapereira/dev/appdart/test/core/feature_flags/rollout_hash_determinism_test.dart: 🎲 Rollout Hash Determinism Hash distribui uniformemente entre 0-99
00:01 +90 -7: /Users/raudineisilvapereira/dev/appdart/test/core/feature_flags/rollout_hash_determinism_test.dart: 🎲 Rollout Hash Determinism Hash distribui uniformemente entre 0-99
00:01 +91 -7: /Users/raudineisilvapereira/dev/appdart/test/core/feature_flags/rollout_hash_determinism_test.dart: 🎲 Rollout Hash Determinism Hash distribui uniformemente entre 0-99
00:01 +92 -7: /Users/raudineisilvapereira/dev/appdart/test/core/feature_flags/rollout_hash_determinism_test.dart: 🎲 Rollout Hash Determinism Hash distribui uniformemente entre 0-99
00:01 +93 -7: /Users/raudineisilvapereira/dev/appdart/test/core/feature_flags/rollout_hash_determinism_test.dart: 🎲 Rollout Hash Determinism Hash distribui uniformemente entre 0-99
00:01 +94 -7: /Users/raudineisilvapereira/dev/appdart/test/core/feature_flags/rollout_hash_determinism_test.dart: 🎲 Rollout Hash Determinism Hash distribui uniformemente entre 0-99
00:01 +95 -7: /Users/raudineisilvapereira/dev/appdart/test/core/feature_flags/rollout_hash_determinism_test.dart: 🎲 Rollout Hash Determinism Hash distribui uniformemente entre 0-99
00:01 +96 -7: /Users/raudineisilvapereira/dev/appdart/test/core/feature_flags/rollout_hash_determinism_test.dart: 🎲 Rollout Hash Determinism Hash distribui uniformemente entre 0-99
00:01 +97 -7: /Users/raudineisilvapereira/dev/appdart/test/core/feature_flags/rollout_hash_determinism_test.dart: 🎲 Rollout Hash Determinism Hash distribui uniformemente entre 0-99
00:01 +98 -7: /Users/raudineisilvapereira/dev/appdart/test/core/feature_flags/rollout_hash_determinism_test.dart: 🎲 Rollout Hash Determinism Hash distribui uniformemente entre 0-99
00:01 +99 -7: /Users/raudineisilvapereira/dev/appdart/test/core/feature_flags/rollout_hash_determinism_test.dart: 🎲 Rollout Hash Determinism Hash distribui uniformemente entre 0-99
00:01 +100 -7: /Users/raudineisilvapereira/dev/appdart/test/core/feature_flags/drawing_flag_integration_test.dart: 🚦 Drawing Flag Integration 🎨 Widget deve renderizar se flag ativa
00:01 +101 -7: /Users/raudineisilvapereira/dev/appdart/test/core/feature_flags/drawing_flag_integration_test.dart: 🚦 Drawing Flag Integration 🎨 Widget deve renderizar se flag ativa
00:01 +102 -7: /Users/raudineisilvapereira/dev/appdart/test/core/feature_flags/drawing_flag_integration_test.dart: 🚦 Drawing Flag Integration 🎨 Widget deve renderizar se flag ativa
00:01 +103 -7: /Users/raudineisilvapereira/dev/appdart/test/core/feature_flags/drawing_flag_integration_test.dart: 🚦 Drawing Flag Integration 🎨 Widget deve renderizar se flag ativa
00:01 +104 -7: /Users/raudineisilvapereira/dev/appdart/test/core/feature_flags/drawing_flag_integration_test.dart: 🚦 Drawing Flag Integration 🎨 Widget deve renderizar se flag ativa
00:01 +105 -7: /Users/raudineisilvapereira/dev/appdart/test/core/feature_flags/drawing_flag_integration_test.dart: 🚦 Drawing Flag Integration 🎨 Widget deve renderizar se flag ativa
00:01 +106 -7: /Users/raudineisilvapereira/dev/appdart/test/core/feature_flags/drawing_flag_integration_test.dart: 🚦 Drawing Flag Integration 🎨 Widget deve renderizar se flag ativa
00:01 +107 -7: /Users/raudineisilvapereira/dev/appdart/test/core/feature_flags/drawing_flag_integration_test.dart: 🚦 Drawing Flag Integration 🎨 Widget deve renderizar se flag ativa
00:01 +108 -7: /Users/raudineisilvapereira/dev/appdart/test/core/feature_flags/drawing_flag_integration_test.dart: 🚦 Drawing Flag Integration 🎨 Widget deve renderizar se flag ativa
00:01 +109 -7: /Users/raudineisilvapereira/dev/appdart/test/core/feature_flags/drawing_flag_integration_test.dart: 🚦 Drawing Flag Integration 🎨 Widget deve renderizar se flag ativa
00:01 +110 -7: /Users/raudineisilvapereira/dev/appdart/test/core/feature_flags/drawing_flag_integration_test.dart: 🚦 Drawing Flag Integration 🎨 Widget deve renderizar se flag ativa
00:01 +111 -7: /Users/raudineisilvapereira/dev/appdart/test/core/feature_flags/drawing_flag_integration_test.dart: 🚦 Drawing Flag Integration 🎨 Widget deve renderizar se flag ativa
00:01 +112 -7: /Users/raudineisilvapereira/dev/appdart/test/core/feature_flags/drawing_flag_integration_test.dart: 🚦 Drawing Flag Integration 🎨 Widget deve renderizar se flag ativa
00:01 +113 -7: /Users/raudineisilvapereira/dev/appdart/test/core/feature_flags/drawing_flag_integration_test.dart: 🚦 Drawing Flag Integration 🎨 Widget deve renderizar se flag ativa
00:01 +114 -7: /Users/raudineisilvapereira/dev/appdart/test/core/feature_flags/drawing_flag_integration_test.dart: 🚦 Drawing Flag Integration 🎨 Widget deve renderizar se flag ativa
00:01 +115 -7: /Users/raudineisilvapereira/dev/appdart/test/core/feature_flags/drawing_flag_integration_test.dart: 🚦 Drawing Flag Integration 🎨 Widget deve renderizar se flag ativa
00:01 +116 -7: /Users/raudineisilvapereira/dev/appdart/test/core/feature_flags/drawing_flag_integration_test.dart: 🚦 Drawing Flag Integration 🎨 Widget deve renderizar se flag ativa
00:01 +117 -7: /Users/raudineisilvapereira/dev/appdart/test/core/feature_flags/drawing_flag_integration_test.dart: 🚦 Drawing Flag Integration 🎨 Widget deve renderizar se flag ativa
00:01 +118 -7: /Users/raudineisilvapereira/dev/appdart/test/core/feature_flags/drawing_flag_integration_test.dart: 🚦 Drawing Flag Integration 🎨 Widget deve renderizar se flag ativa
00:01 +119 -7: /Users/raudineisilvapereira/dev/appdart/test/core/feature_flags/drawing_flag_integration_test.dart: 🚦 Drawing Flag Integration 🎨 Widget deve renderizar se flag ativa
══╡ EXCEPTION CAUGHT BY RENDERING LIBRARY ╞═════════════════════════════════════════════════════════
The following assertion was thrown during layout:
A RenderFlex overflowed by 26 pixels on the bottom.

The relevant error-causing widget was:
  Column
  Column:file:///Users/raudineisilvapereira/dev/appdart/lib/modules/drawing/presentation/widgets/drawing_sheet.dart:146:33

The overflowing RenderFlex has an orientation of Axis.vertical.
The edge of the RenderFlex that is overflowing has been marked in the rendering with a yellow and
black striped pattern. This is usually caused by the contents being too big for the RenderFlex.
Consider applying a flex factor (e.g. using an Expanded widget) to force the children of the
RenderFlex to fit within the available space instead of being sized to their natural size.
This is considered an error condition because it indicates that there is content that cannot be
seen. If the content is legitimately bigger than the available space, consider clipping it with a
ClipRect widget before putting it in the flex, or using a scrollable container rather than a Flex,
like a ListView.
The specific RenderFlex in question is: RenderFlex#4d16b relayoutBoundary=up4 OVERFLOWING:
  creator: Column ← ListenableBuilder ← Flexible ← Column ← Padding ← DecoratedBox ← Container ←
    DrawingSheet ← KeyedSubtree-[GlobalKey#07166] ← _BodyBuilder ← MediaQuery ←
    LayoutId-[<_ScaffoldSlot.body>] ← ⋯
  parentData: offset=Offset(0.0, 97.0); flex=1; fit=FlexFit.loose (can use size)
  constraints: BoxConstraints(w=800.0, 0.0<=h<=491.0)
  size: Size(800.0, 491.0)
  direction: vertical
  mainAxisAlignment: start
  mainAxisSize: min
  crossAxisAlignment: center
  verticalDirection: down
  spacing: 0.0
◢◤◢◤◢◤◢◤◢◤◢◤◢◤◢◤◢◤◢◤◢◤◢◤◢◤◢◤◢◤◢◤◢◤◢◤◢◤◢◤◢◤◢◤◢◤◢◤◢◤◢◤◢◤◢◤◢◤◢◤◢◤◢◤◢◤◢◤◢◤◢◤◢◤◢◤◢◤◢◤◢◤◢◤◢◤◢◤◢◤◢◤◢◤◢◤◢◤◢◤
════════════════════════════════════════════════════════════════════════════════════════════════════
00:01 +119 -8: /Users/raudineisilvapereira/dev/appdart/test/core/performance/memoization_test.dart: MemoizedValueNotifier notifies when value changes
00:01 +119 -8: /Users/raudineisilvapereira/dev/appdart/test/core/feature_flags/drawing_flag_integration_test.dart: 🚦 Drawing Flag Integration 🎨 Widget deve renderizar se flag ativa [E]
  Test failed. See exception logs above.
  The test description was: 🎨 Widget deve renderizar se flag ativa
  
00:01 +120 -8: /Users/raudineisilvapereira/dev/appdart/test/core/performance/memoization_test.dart: MemoizedValueNotifier does not notify when value is equal
00:01 +121 -8: /Users/raudineisilvapereira/dev/appdart/test/core/performance/memoization_test.dart: MemoizedValueNotifier uses custom equality function
00:01 +122 -8: /Users/raudineisilvapereira/dev/appdart/test/core/feature_flags/drawing_flag_integration_test.dart: 🚦 Drawing Flag Integration 🚫 Widget fallback deve aparecer se flag desabilitada
00:01 +123 -8: /Users/raudineisilvapereira/dev/appdart/test/core/feature_flags/drawing_flag_integration_test.dart: 🚦 Drawing Flag Integration 🚫 Widget fallback deve aparecer se flag desabilitada
00:01 +124 -8: /Users/raudineisilvapereira/dev/appdart/test/core/feature_flags/drawing_flag_integration_test.dart: 🚦 Drawing Flag Integration 🚫 Widget fallback deve aparecer se flag desabilitada
00:01 +125 -8: /Users/raudineisilvapereira/dev/appdart/test/core/feature_flags/drawing_flag_integration_test.dart: 🚦 Drawing Flag Integration 🚫 Widget fallback deve aparecer se flag desabilitada
00:01 +126 -8: /Users/raudineisilvapereira/dev/appdart/test/core/feature_flags/drawing_flag_integration_test.dart: 🚦 Drawing Flag Integration 🚫 Widget fallback deve aparecer se flag desabilitada
00:01 +127 -8: /Users/raudineisilvapereira/dev/appdart/test/core/feature_flags/drawing_flag_integration_test.dart: 🚦 Drawing Flag Integration 🚫 Widget fallback deve aparecer se flag desabilitada
00:01 +128 -8: /Users/raudineisilvapereira/dev/appdart/test/core/feature_flags/drawing_flag_integration_test.dart: 🔧 FeatureFlagService Integration Service deve retornar flag do backend simulado
00:01 +129 -8: /Users/raudineisilvapereira/dev/appdart/test/core/feature_flags/drawing_flag_integration_test.dart: 🔧 FeatureFlagService Integration Service deve retornar disabled se backend falhar
00:01 +130 -8: loading /Users/raudineisilvapereira/dev/appdart/test/auth/register_golden_test.dart
Warning: A tag was used that wasn't specified in dart_test.yaml.
  golden was used in the test "Register Page Golden Tests"

00:01 +130 -8: /Users/raudineisilvapereira/dev/appdart/test/auth/register_golden_test.dart: (setUpAll)
00:01 +130 -8: /Users/raudineisilvapereira/dev/appdart/test/auth/register_golden_test.dart: Register Page Golden Tests
00:02 +131 -8: /Users/raudineisilvapereira/dev/appdart/test/auth/register_golden_test.dart: Register Page Golden Tests
00:02 +132 -8: /Users/raudineisilvapereira/dev/appdart/test/auth/register_golden_test.dart: Register Page Golden Tests
00:02 +133 -8: /Users/raudineisilvapereira/dev/appdart/test/auth/register_golden_test.dart: Register Page Golden Tests
00:02 +134 -8: /Users/raudineisilvapereira/dev/appdart/test/auth/register_golden_test.dart: Register Page Golden Tests
00:02 +135 -8: /Users/raudineisilvapereira/dev/appdart/test/auth/register_golden_test.dart: Register Page Golden Tests
00:02 +136 -8: /Users/raudineisilvapereira/dev/appdart/test/auth/register_golden_test.dart: Register Page Golden Tests
00:02 +137 -8: /Users/raudineisilvapereira/dev/appdart/test/auth/register_golden_test.dart: Register Page Golden Tests
00:02 +138 -8: /Users/raudineisilvapereira/dev/appdart/test/auth/register_golden_test.dart: Register Page Golden Tests
00:02 +139 -8: /Users/raudineisilvapereira/dev/appdart/test/auth/register_golden_test.dart: Register Page Golden Tests
00:02 +140 -8: /Users/raudineisilvapereira/dev/appdart/test/auth/register_golden_test.dart: Register Page Golden Tests
00:02 +141 -8: /Users/raudineisilvapereira/dev/appdart/test/auth/register_golden_test.dart: Register Page Golden Tests
00:02 +142 -8: /Users/raudineisilvapereira/dev/appdart/test/auth/register_golden_test.dart: Register Page Golden Tests
00:02 +143 -8: /Users/raudineisilvapereira/dev/appdart/test/auth/register_golden_test.dart: Register Page Golden Tests
00:02 +144 -8: /Users/raudineisilvapereira/dev/appdart/test/auth/register_golden_test.dart: Register Page Golden Tests
00:02 +145 -8: /Users/raudineisilvapereira/dev/appdart/test/auth/register_golden_test.dart: Register Page Golden Tests
00:02 +146 -8: /Users/raudineisilvapereira/dev/appdart/test/auth/register_golden_test.dart: Register Page Golden Tests
00:02 +147 -8: /Users/raudineisilvapereira/dev/appdart/test/auth/register_golden_test.dart: Register Page Golden Tests
00:02 +148 -8: /Users/raudineisilvapereira/dev/appdart/test/auth/register_golden_test.dart: Register Page Golden Tests
00:02 +149 -8: /Users/raudineisilvapereira/dev/appdart/test/auth/register_golden_test.dart: Register Page Golden Tests
00:02 +150 -8: /Users/raudineisilvapereira/dev/appdart/test/auth/register_golden_test.dart: Register Page Golden Tests
00:02 +151 -8: /Users/raudineisilvapereira/dev/appdart/test/auth/register_golden_test.dart: Register Page Golden Tests
00:02 +152 -8: /Users/raudineisilvapereira/dev/appdart/test/auth/register_golden_test.dart: Register Page Golden Tests
00:02 +153 -8: /Users/raudineisilvapereira/dev/appdart/test/auth/register_golden_test.dart: Register Page Golden Tests
00:02 +154 -8: /Users/raudineisilvapereira/dev/appdart/test/auth/register_golden_test.dart: Register Page Golden Tests
00:02 +155 -8: /Users/raudineisilvapereira/dev/appdart/test/auth/register_golden_test.dart: Register Page Golden Tests
00:02 +156 -8: /Users/raudineisilvapereira/dev/appdart/test/auth/register_golden_test.dart: Register Page Golden Tests
00:02 +157 -8: /Users/raudineisilvapereira/dev/appdart/test/auth/register_golden_test.dart: Register Page Golden Tests
00:02 +158 -8: /Users/raudineisilvapereira/dev/appdart/test/auth/register_golden_test.dart: Register Page Golden Tests
00:02 +159 -8: /Users/raudineisilvapereira/dev/appdart/test/auth/register_golden_test.dart: Register Page Golden Tests
00:02 +160 -8: /Users/raudineisilvapereira/dev/appdart/test/auth/register_golden_test.dart: Register Page Golden Tests
00:02 +161 -8: /Users/raudineisilvapereira/dev/appdart/test/auth/register_golden_test.dart: Register Page Golden Tests
00:02 +162 -8: /Users/raudineisilvapereira/dev/appdart/test/auth/register_golden_test.dart: Register Page Golden Tests
00:02 +163 -8: /Users/raudineisilvapereira/dev/appdart/test/auth/register_golden_test.dart: Register Page Golden Tests
00:02 +164 -8: /Users/raudineisilvapereira/dev/appdart/test/auth/register_golden_test.dart: Register Page Golden Tests
00:02 +165 -8: /Users/raudineisilvapereira/dev/appdart/test/auth/register_golden_test.dart: Register Page Golden Tests
00:02 +166 -8: /Users/raudineisilvapereira/dev/appdart/test/auth/register_golden_test.dart: Register Page Golden Tests
00:02 +167 -8: /Users/raudineisilvapereira/dev/appdart/test/auth/register_golden_test.dart: Register Page Golden Tests
00:03 +168 -8: /Users/raudineisilvapereira/dev/appdart/test/auth/register_golden_test.dart: Register Page Golden Tests
══╡ EXCEPTION CAUGHT BY FLUTTER TEST FRAMEWORK ╞════════════════════════════════════════════════════
The following assertion was thrown while running async test code:
Golden "goldens/auth/register_loading.png": Pixel test failed, 0.01%, 46px diff detected.
Failure feedback can be found at /Users/raudineisilvapereira/dev/appdart/test/auth/failures

When the exception was thrown, this was the stack:
#0      LocalFileComparator.compare (package:flutter_test/src/_goldens_io.dart:108:5)
<asynchronous suspension>
#1      MatchesGoldenFile.matchAsync.<anonymous closure> (package:flutter_test/src/_matchers_io.dart:124:32)
<asynchronous suspension>
<asynchronous suspension>
#3      _expect.<anonymous closure> (package:matcher/src/expect/expect.dart:153:17)
<asynchronous suspension>
<asynchronous suspension>
#5      expectLater.<anonymous closure> (package:flutter_test/src/widget_tester.dart:508:19)
<asynchronous suspension>
#6      compareWithGolden (package:golden_toolkit/src/testing_tools.dart:296:3)
<asynchronous suspension>
#7      main.<anonymous closure> (file:///Users/raudineisilvapereira/dev/appdart/test/auth/register_golden_test.dart:113:5)
<asynchronous suspension>
#8      testGoldens.<anonymous closure>.body (package:golden_toolkit/src/testing_tools.dart:167:11)
<asynchronous suspension>
#9      testGoldens.<anonymous closure> (package:golden_toolkit/src/testing_tools.dart:177:9)
<asynchronous suspension>
#10     testWidgets.<anonymous closure>.<anonymous closure> (package:flutter_test/src/widget_tester.dart:192:15)
<asynchronous suspension>
#11     TestWidgetsFlutterBinding._runTestBody (package:flutter_test/src/binding.dart:1682:5)
<asynchronous suspension>
<asynchronous suspension>
(elided 3 frames from dart:async and package:stack_trace)

The exception was caught asynchronously.
════════════════════════════════════════════════════════════════════════════════════════════════════
00:03 +168 -9: /Users/raudineisilvapereira/dev/appdart/test/auth/register_flow_test.dart: Should handle backend error
00:03 +168 -9: /Users/raudineisilvapereira/dev/appdart/test/auth/register_golden_test.dart: Register Page Golden Tests [E]
  Test failed. See exception logs above.
  The test description was: Register Page Golden Tests
  
00:03 +168 -9: /Users/raudineisilvapereira/dev/appdart/test/auth/register_flow_test.dart: Should handle backend error
00:03 +169 -9: /Users/raudineisilvapereira/dev/appdart/test/auth/register_flow_test.dart: Should handle backend error
00:03 +170 -9: /Users/raudineisilvapereira/dev/appdart/test/map/publicacao_pin_preview_test.dart: ADR-007 | Pin opens preview without navigation Tap on pin opens preview sheet and does NOT navigate
00:03 +171 -9: /Users/raudineisilvapereira/dev/appdart/test/map/publicacao_pin_preview_test.dart: ADR-007 | Pin opens preview without navigation Tap on pin opens preview sheet and does NOT navigate
00:03 +172 -9: /Users/raudineisilvapereira/dev/appdart/test/map/publicacao_pin_preview_test.dart: ADR-007 | Pin opens preview without navigation Tap on pin opens preview sheet and does NOT navigate
00:03 +173 -9: /Users/raudineisilvapereira/dev/appdart/test/map/map_lifecycle_test.dart: MapController Lifecycle Contract CONTRATO: MapController nao pode ser usado antes de onMapReady
00:03 +174 -9: /Users/raudineisilvapereira/dev/appdart/test/map/map_lifecycle_test.dart: MapController Lifecycle Contract CONTRATO: MapController nao pode ser usado antes de onMapReady
00:03 +175 -9: /Users/raudineisilvapereira/dev/appdart/test/map/map_lifecycle_test.dart: MapController Lifecycle Contract CONTRATO: MapController nao pode ser usado antes de onMapReady
00:03 +176 -9: /Users/raudineisilvapereira/dev/appdart/test/map/map_lifecycle_test.dart: MapController Lifecycle Contract CONTRATO: MapController nao pode ser usado antes de onMapReady
00:03 +177 -9: /Users/raudineisilvapereira/dev/appdart/test/map/map_lifecycle_test.dart: MapController Lifecycle Contract CONTRATO: MapController nao pode ser usado antes de onMapReady
00:03 +178 -9: /Users/raudineisilvapereira/dev/appdart/test/map/map_lifecycle_test.dart: MapController Lifecycle Contract CONTRATO: MapController nao pode ser usado antes de onMapReady
00:03 +179 -9: /Users/raudineisilvapereira/dev/appdart/test/map/map_lifecycle_test.dart: MapController Lifecycle Contract CONTRATO: MapController nao pode ser usado antes de onMapReady
00:03 +180 -9: /Users/raudineisilvapereira/dev/appdart/test/map/map_lifecycle_test.dart: MapController Lifecycle Contract CONTRATO: MapController nao pode ser usado antes de onMapReady
00:03 +181 -9: /Users/raudineisilvapereira/dev/appdart/test/map/map_lifecycle_test.dart: MapController Lifecycle Contract CONTRATO: MapController nao pode ser usado antes de onMapReady
00:03 +182 -9: /Users/raudineisilvapereira/dev/appdart/test/map/map_lifecycle_test.dart: MapController Lifecycle Contract CONTRATO: MapController nao pode ser usado antes de onMapReady
00:03 +183 -9: /Users/raudineisilvapereira/dev/appdart/test/map/map_lifecycle_test.dart: MapController Lifecycle Contract CONTRATO: MapController nao pode ser usado antes de onMapReady
00:03 +184 -9: /Users/raudineisilvapereira/dev/appdart/test/map/map_lifecycle_test.dart: MapController Lifecycle Contract CONTRATO: MapController nao pode ser usado antes de onMapReady
00:03 +185 -9: /Users/raudineisilvapereira/dev/appdart/test/map/map_lifecycle_test.dart: MapController Lifecycle Contract CONTRATO: MapController nao pode ser usado antes de onMapReady
00:03 +186 -9: /Users/raudineisilvapereira/dev/appdart/test/map/map_lifecycle_test.dart: MapController Lifecycle Contract CONTRATO: MapController nao pode ser usado antes de onMapReady
00:03 +187 -9: /Users/raudineisilvapereira/dev/appdart/test/map/map_lifecycle_test.dart: MapController Lifecycle Contract CONTRATO: MapController nao pode ser usado antes de onMapReady
00:03 +188 -9: /Users/raudineisilvapereira/dev/appdart/test/map/map_lifecycle_test.dart: MapController Lifecycle Contract CONTRATO: MapController nao pode ser usado antes de onMapReady
00:03 +189 -9: /Users/raudineisilvapereira/dev/appdart/test/map/map_lifecycle_test.dart: MapController Lifecycle Contract CONTRATO: MapController nao pode ser usado antes de onMapReady
00:03 +190 -9: /Users/raudineisilvapereira/dev/appdart/test/map/map_lifecycle_test.dart: MapController Lifecycle Contract CONTRATO: MapController nao pode ser usado antes de onMapReady
00:03 +191 -9: /Users/raudineisilvapereira/dev/appdart/test/map/map_lifecycle_test.dart: MapController Lifecycle Contract CONTRATO: MapController nao pode ser usado antes de onMapReady
00:03 +192 -9: /Users/raudineisilvapereira/dev/appdart/test/map/map_lifecycle_test.dart: MapController Lifecycle Contract CONTRATO: MapController nao pode ser usado antes de onMapReady
00:03 +193 -9: /Users/raudineisilvapereira/dev/appdart/test/map/map_lifecycle_test.dart: MapController Lifecycle Contract CONTRATO: MapController nao pode ser usado antes de onMapReady
00:03 +194 -9: /Users/raudineisilvapereira/dev/appdart/test/map/publicacao_pin_preview_test.dart: ADR-007 | Pin opens preview without navigation Closing preview does not leave residual state
00:03 +195 -9: /Users/raudineisilvapereira/dev/appdart/test/map/publicacao_pin_preview_test.dart: ADR-007 | Pin opens preview without navigation Closing preview does not leave residual state
00:03 +196 -9: /Users/raudineisilvapereira/dev/appdart/test/map/publicacao_pin_preview_test.dart: ADR-007 | Pin opens preview without navigation Closing preview does not leave residual state
00:03 +197 -9: /Users/raudineisilvapereira/dev/appdart/test/map/publicacao_pin_preview_test.dart: ADR-007 | Pin opens preview without navigation Closing preview does not leave residual state
00:03 +198 -9: /Users/raudineisilvapereira/dev/appdart/test/map/publicacao_pin_preview_test.dart: ADR-007 | Pin opens preview without navigation Closing preview does not leave residual state
00:03 +199 -9: /Users/raudineisilvapereira/dev/appdart/test/map/publicacao_pin_preview_test.dart: ADR-007 | Pin opens preview without navigation Closing preview does not leave residual state
00:03 +200 -9: /Users/raudineisilvapereira/dev/appdart/test/map/publicacao_pin_preview_test.dart: ADR-007 | Pin opens preview without navigation Closing preview does not leave residual state
00:03 +201 -9: /Users/raudineisilvapereira/dev/appdart/test/map/publicacao_pin_preview_test.dart: ADR-007 | Pin opens preview without navigation Closing preview does not leave residual state
00:03 +202 -9: /Users/raudineisilvapereira/dev/appdart/test/map/publicacao_pin_preview_test.dart: ADR-007 | Pin opens preview without navigation Closing preview does not leave residual state
00:03 +203 -9: /Users/raudineisilvapereira/dev/appdart/test/map/publicacao_pin_preview_test.dart: ADR-007 | Pin opens preview without navigation Closing preview does not leave residual state
00:03 +204 -9: /Users/raudineisilvapereira/dev/appdart/test/map/publicacao_pin_preview_test.dart: ADR-007 | Pin opens preview without navigation Closing preview does not leave residual state
00:03 +205 -9: /Users/raudineisilvapereira/dev/appdart/test/map/publicacao_pin_preview_test.dart: ADR-007 | Pin opens preview without navigation Closing preview does not leave residual state
00:03 +206 -9: /Users/raudineisilvapereira/dev/appdart/test/map/map_lifecycle_test.dart: MapController Lifecycle Contract CONTRATO: Guard isMapReady previne uso prematuro
00:03 +207 -9: /Users/raudineisilvapereira/dev/appdart/test/map/map_lifecycle_test.dart: MapController Lifecycle Contract DOCUMENTACAO: Explicacao do contrato de ciclo de vida
00:03 +208 -9: /Users/raudineisilvapereira/dev/appdart/test/map/map_lifecycle_test.dart: MapController Guard Detection Regression Prevention AUDITORIA: Todas as chamadas ao MapController devem ter guard
00:03 +209 -9: /Users/raudineisilvapereira/dev/appdart/test/modules/drawing/drawing_state_machine_v3_phase3_test.dart: 🏭 DrawingStateMachineV3 — Fase 3: Undo/Redo Avançado 🔥 Cenários Complexos Undo/Redo através de múltiplas mudanças de ferramenta
EVENT: selectTool → armed
EVENT: selectTool → armed
EVENT: selectTool → armed
UNDO: selectTool → armed
UNDO: selectTool → armed
REDO: selectTool → armed
REDO: selectTool → armed
00:03 +210 -9: /Users/raudineisilvapereira/dev/appdart/test/modules/drawing/drawing_flow_widget_test.dart: FIX-DRAW-FLOW-02 — DrawingSheet Widget Flow ✅ Bottom Sheet deve exibir ferramentas
00:03 +210 -9: /Users/raudineisilvapereira/dev/appdart/test/modules/drawing/drawing_state_machine_v3_phase3_test.dart: 🏭 DrawingStateMachineV3 — Fase 3: Undo/Redo Avançado 🔥 Cenários Complexos Undo/Redo durante operação booleana
EVENT: selectTool → armed
EVENT: addPoint → drawing
EVENT: complete → reviewing
EVENT: startBooleanOp → booleanOperation
UNDO: startBooleanOp → reviewing
UNDO: complete → drawing
REDO: complete → reviewing
REDO: startBooleanOp → booleanOperation
00:03 +211 -9: /Users/raudineisilvapereira/dev/appdart/test/modules/drawing/drawing_flow_widget_test.dart: FIX-DRAW-FLOW-02 — DrawingSheet Widget Flow ✅ Bottom Sheet deve exibir ferramentas
00:03 +211 -9: /Users/raudineisilvapereira/dev/appdart/test/modules/drawing/drawing_state_machine_v3_phase3_test.dart: 🏭 DrawingStateMachineV3 — Fase 3: Undo/Redo Avançado 🔥 Cenários Complexos Undo/Redo com cancelamento no meio
EVENT: selectTool → armed
EVENT: addPoint → drawing
EVENT: addPoint → drawing
EVENT: cancel → idle
UNDO: cancel → drawing
REDO: cancel → idle
00:03 +212 -9: /Users/raudineisilvapereira/dev/appdart/test/modules/drawing/drawing_flow_widget_test.dart: FIX-DRAW-FLOW-02 — DrawingSheet Widget Flow ✅ Bottom Sheet deve exibir ferramentas
00:03 +212 -9: /Users/raudineisilvapereira/dev/appdart/test/modules/drawing/drawing_state_machine_v3_phase3_test.dart: 🏭 DrawingStateMachineV3 — Fase 3: Undo/Redo Avançado 🔥 Cenários Complexos Undo/Redo através de fluxo completo (idle → reviewing → idle)
EVENT: selectTool → armed
EVENT: addPoint → drawing
EVENT: complete → reviewing
EVENT: confirm → idle
UNDO: confirm → reviewing
UNDO: complete → drawing
UNDO: addPoint → armed
UNDO: selectTool → idle
REDO: selectTool → armed
REDO: addPoint → drawing
REDO: complete → reviewing
REDO: confirm → idle
00:03 +213 -9: /Users/raudineisilvapereira/dev/appdart/test/modules/drawing/drawing_flow_widget_test.dart: FIX-DRAW-FLOW-02 — DrawingSheet Widget Flow ✅ Bottom Sheet deve exibir ferramentas
00:03 +213 -9: /Users/raudineisilvapereira/dev/appdart/test/modules/drawing/drawing_state_machine_v3_phase3_test.dart: 🏭 DrawingStateMachineV3 — Fase 3: Undo/Redo Avançado 🔥 Cenários Complexos Undo após import preview deve funcionar corretamente
EVENT: startImport → importPreview
EVENT: confirmImport → reviewing
UNDO: confirmImport → importPreview
UNDO: startImport → idle
00:03 +214 -9: /Users/raudineisilvapereira/dev/appdart/test/modules/drawing/drawing_flow_widget_test.dart: FIX-DRAW-FLOW-02 — DrawingSheet Widget Flow ✅ Bottom Sheet deve exibir ferramentas
00:03 +214 -9: /Users/raudineisilvapereira/dev/appdart/test/modules/drawing/drawing_state_machine_v3_phase3_test.dart: 🏭 DrawingStateMachineV3 — Fase 3: Undo/Redo Avançado 🎢 Edge Cases Undo até o início deve deixar máquina vazia
EVENT: selectTool → armed
EVENT: addPoint → drawing
UNDO: addPoint → armed
UNDO: selectTool → idle
00:03 +215 -9: /Users/raudineisilvapereira/dev/appdart/test/modules/drawing/drawing_flow_widget_test.dart: FIX-DRAW-FLOW-02 — DrawingSheet Widget Flow ✅ Bottom Sheet deve exibir ferramentas
00:03 +215 -9: /Users/raudineisilvapereira/dev/appdart/test/modules/drawing/drawing_state_machine_v3_phase3_test.dart: 🏭 DrawingStateMachineV3 — Fase 3: Undo/Redo Avançado 🎢 Edge Cases Redo até o fim deve restaurar estado completo
EVENT: selectTool → armed
EVENT: addPoint → drawing
EVENT: addPoint → drawing
UNDO: addPoint → drawing
UNDO: addPoint → armed
UNDO: selectTool → idle
REDO: selectTool → armed
REDO: addPoint → drawing
REDO: addPoint → drawing
00:03 +216 -9: /Users/raudineisilvapereira/dev/appdart/test/modules/drawing/drawing_flow_widget_test.dart: FIX-DRAW-FLOW-02 — DrawingSheet Widget Flow ✅ Bottom Sheet deve exibir ferramentas
00:03 +216 -9: /Users/raudineisilvapereira/dev/appdart/test/modules/drawing/drawing_state_machine_v3_phase3_test.dart: 🏭 DrawingStateMachineV3 — Fase 3: Undo/Redo Avançado 🎢 Edge Cases Múltiplos undo/redo sem nova ação deve ser estável
EVENT: selectTool → armed
EVENT: addPoint → drawing
UNDO: addPoint → armed
REDO: addPoint → drawing
UNDO: addPoint → armed
REDO: addPoint → drawing
UNDO: addPoint → armed
REDO: addPoint → drawing
UNDO: addPoint → armed
REDO: addPoint → drawing
UNDO: addPoint → armed
REDO: addPoint → drawing
00:03 +217 -9: /Users/raudineisilvapereira/dev/appdart/test/modules/drawing/drawing_flow_widget_test.dart: FIX-DRAW-FLOW-02 — DrawingSheet Widget Flow ✅ Bottom Sheet deve exibir ferramentas
00:03 +217 -9: /Users/raudineisilvapereira/dev/appdart/test/modules/drawing/drawing_state_machine_v3_phase3_test.dart: 🏭 DrawingStateMachineV3 — Fase 3: Undo/Redo Avançado 🎢 Edge Cases Undo de evento inválido aplicado não deve quebrar
EVENT: selectTool → armed
UNDO: selectTool → idle
00:03 +218 -9: /Users/raudineisilvapereira/dev/appdart/test/modules/drawing/drawing_flow_widget_test.dart: FIX-DRAW-FLOW-02 — DrawingSheet Widget Flow ✅ Bottom Sheet deve exibir ferramentas
00:03 +218 -9: /Users/raudineisilvapereira/dev/appdart/test/modules/drawing/drawing_state_machine_v3_phase3_test.dart: 🏭 DrawingStateMachineV3 — Fase 3: Undo/Redo Avançado 🎢 Edge Cases Redo após reset não deve ter efeito
EVENT: selectTool → armed
UNDO: selectTool → idle
RESET: máquina reiniciada
00:03 +219 -9: /Users/raudineisilvapereira/dev/appdart/test/modules/drawing/drawing_flow_widget_test.dart: FIX-DRAW-FLOW-02 — DrawingSheet Widget Flow ✅ Bottom Sheet deve exibir ferramentas
00:03 +219 -9: /Users/raudineisilvapereira/dev/appdart/test/modules/drawing/drawing_state_machine_v3_phase3_test.dart: 🏭 DrawingStateMachineV3 — Fase 3: Undo/Redo Avançado 📊 Zero Snapshots (Event Sourcing Puro) Estado é sempre recalculado via replay, não via snapshots
EVENT: selectTool → armed
EVENT: addPoint → drawing
EVENT: addPoint → drawing
EVENT: addPoint → drawing
EVENT: addPoint → drawing
EVENT: addPoint → drawing
EVENT: addPoint → drawing
EVENT: addPoint → drawing
EVENT: addPoint → drawing
EVENT: addPoint → drawing
EVENT: addPoint → drawing
EVENT: addPoint → drawing
EVENT: addPoint → drawing
EVENT: addPoint → drawing
EVENT: addPoint → drawing
EVENT: addPoint → drawing
EVENT: addPoint → drawing
EVENT: addPoint → drawing
EVENT: addPoint → drawing
EVENT: addPoint → drawing
📸 SNAPSHOT criado no evento #20
EVENT: addPoint → drawing
EVENT: complete → reviewing
UNDO: complete → drawing
00:03 +220 -9: /Users/raudineisilvapereira/dev/appdart/test/modules/drawing/drawing_flow_widget_test.dart: FIX-DRAW-FLOW-02 — DrawingSheet Widget Flow ✅ Bottom Sheet deve exibir ferramentas
00:03 +220 -9: /Users/raudineisilvapereira/dev/appdart/test/modules/drawing/drawing_state_machine_v3_phase3_test.dart: 🏭 DrawingStateMachineV3 — Fase 3: Undo/Redo Avançado 📊 Zero Snapshots (Event Sourcing Puro) Undo massivo não deve degradar performance (< 100ms)
EVENT: selectTool → armed
EVENT: addPoint → drawing
EVENT: addPoint → drawing
EVENT: addPoint → drawing
EVENT: addPoint → drawing
EVENT: addPoint → drawing
EVENT: addPoint → drawing
EVENT: addPoint → drawing
EVENT: addPoint → drawing
EVENT: addPoint → drawing
EVENT: addPoint → drawing
EVENT: addPoint → drawing
EVENT: addPoint → drawing
EVENT: addPoint → drawing
EVENT: addPoint → drawing
EVENT: addPoint → drawing
EVENT: addPoint → drawing
EVENT: addPoint → drawing
EVENT: addPoint → drawing
EVENT: addPoint → drawing
📸 SNAPSHOT criado no evento #20
EVENT: addPoint → drawing
EVENT: addPoint → drawing
EVENT: addPoint → drawing
EVENT: addPoint → drawing
EVENT: addPoint → drawing
EVENT: addPoint → drawing
EVENT: addPoint → drawing
EVENT: addPoint → drawing
EVENT: addPoint → drawing
EVENT: addPoint → drawing
EVENT: addPoint → drawing
EVENT: addPoint → drawing
EVENT: addPoint → drawing
EVENT: addPoint → drawing
EVENT: addPoint → drawing
EVENT: addPoint → drawing
EVENT: addPoint → drawing
EVENT: addPoint → drawing
EVENT: addPoint → drawing
EVENT: addPoint → drawing
📸 SNAPSHOT criado no evento #40
EVENT: addPoint → drawing
EVENT: addPoint → drawing
EVENT: addPoint → drawing
EVENT: addPoint → drawing
EVENT: addPoint → drawing
EVENT: addPoint → drawing
EVENT: addPoint → drawing
EVENT: addPoint → drawing
EVENT: addPoint → drawing
EVENT: addPoint → drawing
EVENT: addPoint → drawing
UNDO: addPoint → drawing
UNDO: addPoint → drawing
UNDO: addPoint → drawing
UNDO: addPoint → drawing
UNDO: addPoint → drawing
UNDO: addPoint → drawing
UNDO: addPoint → drawing
UNDO: addPoint → drawing
UNDO: addPoint → drawing
UNDO: addPoint → drawing
UNDO: addPoint → drawing
UNDO: addPoint → drawing
UNDO: addPoint → drawing
UNDO: addPoint → drawing
UNDO: addPoint → drawing
UNDO: addPoint → drawing
UNDO: addPoint → drawing
UNDO: addPoint → drawing
UNDO: addPoint → drawing
UNDO: addPoint → drawing
UNDO: addPoint → drawing
UNDO: addPoint → drawing
UNDO: addPoint → drawing
UNDO: addPoint → drawing
UNDO: addPoint → drawing
UNDO: addPoint → drawing
UNDO: addPoint → drawing
UNDO: addPoint → drawing
UNDO: addPoint → drawing
UNDO: addPoint → drawing
UNDO: addPoint → drawing
UNDO: addPoint → drawing
UNDO: addPoint → drawing
UNDO: addPoint → drawing
UNDO: addPoint → drawing
UNDO: addPoint → drawing
UNDO: addPoint → drawing
UNDO: addPoint → drawing
UNDO: addPoint → drawing
UNDO: addPoint → drawing
UNDO: addPoint → drawing
UNDO: addPoint → drawing
UNDO: addPoint → drawing
UNDO: addPoint → drawing
UNDO: addPoint → drawing
UNDO: addPoint → drawing
UNDO: addPoint → drawing
UNDO: addPoint → drawing
UNDO: addPoint → drawing
UNDO: addPoint → armed
UNDO: selectTool → idle
00:03 +221 -9: /Users/raudineisilvapereira/dev/appdart/test/modules/drawing/drawing_flow_widget_test.dart: FIX-DRAW-FLOW-02 — DrawingSheet Widget Flow ✅ Bottom Sheet deve exibir ferramentas
00:03 +221 -9: /Users/raudineisilvapereira/dev/appdart/test/modules/drawing/drawing_state_machine_v3_phase3_test.dart: 🏭 DrawingStateMachineV3 — Fase 3: Undo/Redo Avançado 📊 Zero Snapshots (Event Sourcing Puro) Histórico de eventos é a única fonte da verdade
EVENT: selectTool → armed
EVENT: addPoint → drawing
EVENT: addPoint → drawing
UNDO: addPoint → drawing
REDO: addPoint → drawing
00:03 +222 -9: /Users/raudineisilvapereira/dev/appdart/test/modules/drawing/drawing_flow_widget_test.dart: FIX-DRAW-FLOW-02 — DrawingSheet Widget Flow ✅ Bottom Sheet deve exibir ferramentas
00:03 +222 -9: /Users/raudineisilvapereira/dev/appdart/test/modules/drawing/drawing_state_machine_v3_phase3_test.dart: 🏭 DrawingStateMachineV3 — Fase 3: Undo/Redo Avançado ⚡ Performance de Replay Replay de 100 eventos deve ser rápido (< 50ms)
EVENT: selectTool → armed
EVENT: addPoint → drawing
EVENT: addPoint → drawing
EVENT: addPoint → drawing
EVENT: addPoint → drawing
EVENT: addPoint → drawing
EVENT: addPoint → drawing
EVENT: addPoint → drawing
EVENT: addPoint → drawing
EVENT: addPoint → drawing
EVENT: addPoint → drawing
EVENT: addPoint → drawing
EVENT: addPoint → drawing
EVENT: addPoint → drawing
EVENT: addPoint → drawing
EVENT: addPoint → drawing
EVENT: addPoint → drawing
EVENT: addPoint → drawing
EVENT: addPoint → drawing
EVENT: addPoint → drawing
📸 SNAPSHOT criado no evento #20
EVENT: addPoint → drawing
EVENT: addPoint → drawing
EVENT: addPoint → drawing
EVENT: addPoint → drawing
EVENT: addPoint → drawing
EVENT: addPoint → drawing
EVENT: addPoint → drawing
EVENT: addPoint → drawing
EVENT: addPoint → drawing
EVENT: addPoint → drawing
EVENT: addPoint → drawing
EVENT: addPoint → drawing
EVENT: addPoint → drawing
EVENT: addPoint → drawing
EVENT: addPoint → drawing
EVENT: addPoint → drawing
EVENT: addPoint → drawing
EVENT: addPoint → drawing
EVENT: addPoint → drawing
EVENT: addPoint → drawing
📸 SNAPSHOT criado no evento #40
EVENT: addPoint → drawing
EVENT: addPoint → drawing
EVENT: addPoint → drawing
EVENT: addPoint → drawing
EVENT: addPoint → drawing
EVENT: addPoint → drawing
EVENT: addPoint → drawing
EVENT: addPoint → drawing
EVENT: addPoint → drawing
EVENT: addPoint → drawing
EVENT: addPoint → drawing
EVENT: addPoint → drawing
EVENT: addPoint → drawing
EVENT: addPoint → drawing
EVENT: addPoint → drawing
EVENT: addPoint → drawing
EVENT: addPoint → drawing
EVENT: addPoint → drawing
EVENT: addPoint → drawing
EVENT: addPoint → drawing
📸 SNAPSHOT criado no evento #60
EVENT: addPoint → drawing
EVENT: addPoint → drawing
EVENT: addPoint → drawing
EVENT: addPoint → drawing
EVENT: addPoint → drawing
EVENT: addPoint → drawing
EVENT: addPoint → drawing
EVENT: addPoint → drawing
EVENT: addPoint → drawing
EVENT: addPoint → drawing
EVENT: addPoint → drawing
EVENT: addPoint → drawing
EVENT: addPoint → drawing
EVENT: addPoint → drawing
EVENT: addPoint → drawing
EVENT: addPoint → drawing
EVENT: addPoint → drawing
EVENT: addPoint → drawing
EVENT: addPoint → drawing
EVENT: addPoint → drawing
📸 SNAPSHOT criado no evento #80
EVENT: addPoint → drawing
EVENT: addPoint → drawing
EVENT: addPoint → drawing
EVENT: addPoint → drawing
EVENT: addPoint → drawing
EVENT: addPoint → drawing
EVENT: addPoint → drawing
EVENT: addPoint → drawing
EVENT: addPoint → drawing
EVENT: addPoint → drawing
EVENT: addPoint → drawing
EVENT: addPoint → drawing
EVENT: addPoint → drawing
EVENT: addPoint → drawing
EVENT: addPoint → drawing
EVENT: addPoint → drawing
EVENT: addPoint → drawing
EVENT: addPoint → drawing
EVENT: addPoint → drawing
EVENT: addPoint → drawing
00:03 +223 -9: /Users/raudineisilvapereira/dev/appdart/test/modules/drawing/drawing_flow_widget_test.dart: FIX-DRAW-FLOW-02 — DrawingSheet Widget Flow ✅ Bottom Sheet deve exibir ferramentas
00:03 +223 -9: /Users/raudineisilvapereira/dev/appdart/test/modules/drawing/drawing_state_machine_v3_phase3_test.dart: 🏭 DrawingStateMachineV3 — Fase 3: Undo/Redo Avançado ⚡ Performance de Replay Replay parcial deve ser proporcional ao número de eventos
EVENT: selectTool → armed
EVENT: addPoint → drawing
EVENT: addPoint → drawing
EVENT: addPoint → drawing
EVENT: addPoint → drawing
EVENT: addPoint → drawing
EVENT: addPoint → drawing
EVENT: addPoint → drawing
EVENT: addPoint → drawing
EVENT: addPoint → drawing
EVENT: addPoint → drawing
EVENT: addPoint → drawing
EVENT: addPoint → drawing
EVENT: addPoint → drawing
EVENT: addPoint → drawing
EVENT: addPoint → drawing
EVENT: addPoint → drawing
EVENT: addPoint → drawing
EVENT: addPoint → drawing
EVENT: addPoint → drawing
📸 SNAPSHOT criado no evento #20
EVENT: addPoint → drawing
EVENT: addPoint → drawing
EVENT: addPoint → drawing
EVENT: addPoint → drawing
EVENT: addPoint → drawing
EVENT: addPoint → drawing
EVENT: addPoint → drawing
EVENT: addPoint → drawing
EVENT: addPoint → drawing
EVENT: addPoint → drawing
EVENT: addPoint → drawing
EVENT: addPoint → drawing
EVENT: addPoint → drawing
EVENT: addPoint → drawing
EVENT: addPoint → drawing
EVENT: addPoint → drawing
EVENT: addPoint → drawing
EVENT: addPoint → drawing
EVENT: addPoint → drawing
EVENT: addPoint → drawing
📸 SNAPSHOT criado no evento #40
EVENT: addPoint → drawing
EVENT: addPoint → drawing
EVENT: addPoint → drawing
EVENT: addPoint → drawing
EVENT: addPoint → drawing
EVENT: addPoint → drawing
EVENT: addPoint → drawing
EVENT: addPoint → drawing
EVENT: addPoint → drawing
EVENT: addPoint → drawing
EVENT: addPoint → drawing
00:03 +224 -9: /Users/raudineisilvapereira/dev/appdart/test/modules/drawing/drawing_flow_widget_test.dart: FIX-DRAW-FLOW-02 — DrawingSheet Widget Flow ✅ Bottom Sheet deve exibir ferramentas
00:03 +224 -9: /Users/raudineisilvapereira/dev/appdart/test/modules/drawing/drawing_state_machine_v3_phase3_test.dart: 🏭 DrawingStateMachineV3 — Fase 3: Undo/Redo Avançado ⚡ Performance de Replay Undo não deve recalcular todo histórico desnecessariamente
EVENT: selectTool → armed
EVENT: addPoint → drawing
EVENT: addPoint → drawing
EVENT: addPoint → drawing
UNDO: addPoint → drawing
00:03 +225 -9: /Users/raudineisilvapereira/dev/appdart/test/modules/drawing/drawing_flow_widget_test.dart: FIX-DRAW-FLOW-02 — DrawingSheet Widget Flow ✅ Bottom Sheet deve exibir ferramentas
00:03 +225 -9: /Users/raudineisilvapereira/dev/appdart/test/modules/drawing/drawing_state_machine_v3_phase3_test.dart: 🏭 DrawingStateMachineV3 — Fase 3: Undo/Redo Avançado 🔒 Consistência Estado após N undo + N redo deve ser idêntico ao original
EVENT: selectTool → armed
EVENT: addPoint → drawing
EVENT: addPoint → drawing
EVENT: complete → reviewing
EVENT: startEdit → editing
UNDO: startEdit → reviewing
UNDO: complete → drawing
UNDO: addPoint → drawing
UNDO: addPoint → armed
UNDO: selectTool → idle
REDO: selectTool → armed
REDO: addPoint → drawing
REDO: addPoint → drawing
REDO: complete → reviewing
REDO: startEdit → editing
00:03 +226 -9: /Users/raudineisilvapereira/dev/appdart/test/modules/drawing/drawing_flow_widget_test.dart: FIX-DRAW-FLOW-02 — DrawingSheet Widget Flow ✅ Bottom Sheet deve exibir ferramentas
00:03 +226 -9: /Users/raudineisilvapereira/dev/appdart/test/modules/drawing/drawing_state_machine_v3_phase3_test.dart: 🏭 DrawingStateMachineV3 — Fase 3: Undo/Redo Avançado 🔒 Consistência Replay em qualquer ponto do histórico deve ser determinístico
EVENT: selectTool → armed
EVENT: addPoint → drawing
EVENT: addPoint → drawing
EVENT: addPoint → drawing
00:03 +227 -9: /Users/raudineisilvapereira/dev/appdart/test/modules/drawing/drawing_flow_widget_test.dart: FIX-DRAW-FLOW-02 — DrawingSheet Widget Flow ✅ Bottom Sheet deve exibir ferramentas
00:03 +227 -9: /Users/raudineisilvapereira/dev/appdart/test/modules/drawing/drawing_state_machine_v3_phase3_test.dart: 🏭 DrawingStateMachineV3 — Fase 3: Undo/Redo Avançado 🔒 Consistência Undo/redo não deve alterar eventos já existentes
EVENT: selectTool → armed
EVENT: addPoint → drawing
UNDO: addPoint → armed
UNDO: selectTool → idle
REDO: selectTool → armed
REDO: addPoint → drawing
00:03 +228 -9: /Users/raudineisilvapereira/dev/appdart/test/modules/drawing/drawing_flow_widget_test.dart: FIX-DRAW-FLOW-02 — DrawingSheet Widget Flow ✅ Bottom Sheet deve exibir ferramentas
00:04 +228 -9: /Users/raudineisilvapereira/dev/appdart/test/modules/drawing/drawing_state_machine_v3_performance_test.dart: 🏭 DrawingStateMachineV3 — Fase 5: Performance Optimizations ⚡ Cache de Replay replay idêntico usa cache (muito mais rápido)
EVENT: selectTool → armed
00:04 +228 -9: /Users/raudineisilvapereira/dev/appdart/test/modules/drawing/drawing_flow_regression_test.dart: FIX-DRAW-FLOW-02 — Regressão: Trocas Rápidas ⚡ Trocar ferramenta 10x seguidas não deve lançar erro
DRAW-DEBUG: selectTool(polygon) → DrawingTool.polygon
00:04 +228 -9: /Users/raudineisilvapereira/dev/appdart/test/modules/drawing/drawing_state_machine_v3_performance_test.dart: 🏭 DrawingStateMachineV3 — Fase 5: Performance Optimizations ⚡ Cache de Replay replay idêntico usa cache (muito mais rápido)
EVENT: addPoint → drawing
EVENT: addPoint → drawing
EVENT: addPoint → drawing
EVENT: addPoint → drawing
00:04 +228 -9: /Users/raudineisilvapereira/dev/appdart/test/modules/drawing/drawing_flow_regression_test.dart: FIX-DRAW-FLOW-02 — Regressão: Trocas Rápidas ⚡ Trocar ferramenta 10x seguidas não deve lançar erro
DRAW-DEBUG: Estado atual antes: idle
00:04 +228 -9: /Users/raudineisilvapereira/dev/appdart/test/modules/drawing/drawing_state_machine_v3_performance_test.dart: 🏭 DrawingStateMachineV3 — Fase 5: Performance Optimizations ⚡ Cache de Replay replay idêntico usa cache (muito mais rápido)
EVENT: addPoint → drawing
EVENT: addPoint → drawing
EVENT: addPoint → drawing
EVENT: addPoint → drawing
EVENT: addPoint → drawing
EVENT: addPoint → drawing
EVENT: addPoint → drawing
EVENT: addPoint → drawing
EVENT: addPoint → drawing
EVENT: addPoint → drawing
EVENT: addPoint → drawing
EVENT: addPoint → drawing
EVENT: addPoint → drawing
EVENT: addPoint → drawing
EVENT: addPoint → drawing
📸 SNAPSHOT criado no evento #20
00:04 +228 -9: /Users/raudineisilvapereira/dev/appdart/test/modules/drawing/drawing_flow_regression_test.dart: FIX-DRAW-FLOW-02 — Regressão: Trocas Rápidas ⚡ Trocar ferramenta 10x seguidas não deve lançar erro
DRAW-DEBUG: Estado após startDrawing: armed
DRAW-DEBUG: Ferramenta: polygon
00:04 +228 -9: /Users/raudineisilvapereira/dev/appdart/test/modules/drawing/drawing_state_machine_v3_performance_test.dart: 🏭 DrawingStateMachineV3 — Fase 5: Performance Optimizations ⚡ Cache de Replay replay idêntico usa cache (muito mais rápido)
EVENT: addPoint → drawing
EVENT: addPoint → drawing
EVENT: addPoint → drawing
EVENT: addPoint → drawing
EVENT: addPoint → drawing
EVENT: addPoint → drawing
EVENT: addPoint → drawing
EVENT: addPoint → drawing
00:04 +228 -9: /Users/raudineisilvapereira/dev/appdart/test/modules/drawing/drawing_flow_regression_test.dart: FIX-DRAW-FLOW-02 — Regressão: Trocas Rápidas ⚡ Trocar ferramenta 10x seguidas não deve lançar erro
DRAW-DEBUG: selectTool(rectangle) → DrawingTool.rectangle
DRAW-DEBUG: Estado atual antes: armed
DRAW-DEBUG: Estado resetado para idle
00:04 +228 -9: /Users/raudineisilvapereira/dev/appdart/test/modules/drawing/drawing_state_machine_v3_performance_test.dart: 🏭 DrawingStateMachineV3 — Fase 5: Performance Optimizations ⚡ Cache de Replay replay idêntico usa cache (muito mais rápido)
EVENT: addPoint → drawing
EVENT: addPoint → drawing
EVENT: addPoint → drawing
EVENT: addPoint → drawing
00:04 +228 -9: /Users/raudineisilvapereira/dev/appdart/test/modules/drawing/drawing_flow_regression_test.dart: FIX-DRAW-FLOW-02 — Regressão: Trocas Rápidas ⚡ Trocar ferramenta 10x seguidas não deve lançar erro
DRAW-DEBUG: Estado após startDrawing: armed
DRAW-DEBUG: Ferramenta: rectangle
DRAW-DEBUG: selectTool(circle) → DrawingTool.circle
00:04 +228 -9: /Users/raudineisilvapereira/dev/appdart/test/modules/drawing/drawing_state_machine_v3_performance_test.dart: 🏭 DrawingStateMachineV3 — Fase 5: Performance Optimizations ⚡ Cache de Replay replay idêntico usa cache (muito mais rápido)
EVENT: addPoint → drawing
EVENT: addPoint → drawing
EVENT: addPoint → drawing
EVENT: addPoint → drawing
EVENT: addPoint → drawing
EVENT: addPoint → drawing
EVENT: addPoint → drawing
EVENT: addPoint → drawing
📸 SNAPSHOT criado no evento #40
EVENT: addPoint → drawing
EVENT: addPoint → drawing
EVENT: addPoint → drawing
EVENT: addPoint → drawing
EVENT: addPoint → drawing
00:04 +228 -9: /Users/raudineisilvapereira/dev/appdart/test/modules/drawing/drawing_flow_regression_test.dart: FIX-DRAW-FLOW-02 — Regressão: Trocas Rápidas ⚡ Trocar ferramenta 10x seguidas não deve lançar erro
DRAW-DEBUG: Estado atual antes: armed
DRAW-DEBUG: Estado resetado para idle
DRAW-DEBUG: Estado após startDrawing: armed
DRAW-DEBUG: Ferramenta: circle
DRAW-DEBUG: selectTool(polygon) → DrawingTool.polygon
DRAW-DEBUG: Estado atual antes: armed
DRAW-DEBUG: Estado resetado para idle
DRAW-DEBUG: Estado após startDrawing: armed
DRAW-DEBUG: Ferramenta: polygon
DRAW-DEBUG: selectTool(rectangle) → DrawingTool.rectangle
DRAW-DEBUG: Estado atual antes: armed
DRAW-DEBUG: Estado resetado para idle
DRAW-DEBUG: Estado após startDrawing: armed
DRAW-DEBUG: Ferramenta: rectangle
DRAW-DEBUG: selectTool(circle) → DrawingTool.circle
DRAW-DEBUG: Estado atual antes: armed
DRAW-DEBUG: Estado resetado para idle
DRAW-DEBUG: Estado após startDrawing: armed
DRAW-DEBUG: Ferramenta: circle
DRAW-DEBUG: selectTool(polygon) → DrawingTool.polygon
DRAW-DEBUG: Estado atual antes: armed
DRAW-DEBUG: Estado resetado para idle
DRAW-DEBUG: Estado após startDrawing: armed
DRAW-DEBUG: Ferramenta: polygon
DRAW-DEBUG: selectTool(rectangle) → DrawingTool.rectangle
DRAW-DEBUG: Estado atual antes: armed
DRAW-DEBUG: Estado resetado para idle
DRAW-DEBUG: Estado após startDrawing: armed
DRAW-DEBUG: Ferramenta: rectangle
DRAW-DEBUG: selectTool(circle) → DrawingTool.circle
DRAW-DEBUG: Estado atual antes: armed
DRAW-DEBUG: Estado resetado para idle
DRAW-DEBUG: Estado após startDrawing: armed
DRAW-DEBUG: Ferramenta: circle
00:04 +228 -9: /Users/raudineisilvapereira/dev/appdart/test/modules/drawing/drawing_state_machine_v3_performance_test.dart: 🏭 DrawingStateMachineV3 — Fase 5: Performance Optimizations ⚡ Cache de Replay replay idêntico usa cache (muito mais rápido)
EVENT: addPoint → drawing
EVENT: addPoint → drawing
EVENT: addPoint → drawing
EVENT: addPoint → drawing
EVENT: addPoint → drawing
EVENT: addPoint → drawing
00:04 +228 -9: /Users/raudineisilvapereira/dev/appdart/test/modules/drawing/drawing_flow_regression_test.dart: FIX-DRAW-FLOW-02 — Regressão: Trocas Rápidas ⚡ Trocar ferramenta 10x seguidas não deve lançar erro
DRAW-DEBUG: selectTool(polygon) → DrawingTool.polygon
DRAW-DEBUG: Estado atual antes: armed
DRAW-DEBUG: Estado resetado para idle
DRAW-DEBUG: Estado após startDrawing: armed
DRAW-DEBUG: Ferramenta: polygon
DRAW-DEBUG: selectTool(rectangle) → DrawingTool.rectangle
DRAW-DEBUG: Estado atual antes: armed
DRAW-DEBUG: Estado resetado para idle
DRAW-DEBUG: Estado após startDrawing: armed
DRAW-DEBUG: Ferramenta: rectangle
DRAW-DEBUG: selectTool(circle) → DrawingTool.circle
DRAW-DEBUG: Estado atual antes: armed
DRAW-DEBUG: Estado resetado para idle
DRAW-DEBUG: Estado após startDrawing: armed
DRAW-DEBUG: Ferramenta: circle
DRAW-DEBUG: selectTool(polygon) → DrawingTool.polygon
DRAW-DEBUG: Estado atual antes: armed
DRAW-DEBUG: Estado resetado para idle
DRAW-DEBUG: Estado após startDrawing: armed
DRAW-DEBUG: Ferramenta: polygon
DRAW-DEBUG: selectTool(rectangle) → DrawingTool.rectangle
DRAW-DEBUG: Estado atual antes: armed
DRAW-DEBUG: Estado resetado para idle
DRAW-DEBUG: Estado após startDrawing: armed
DRAW-DEBUG: Ferramenta: rectangle
DRAW-DEBUG: selectTool(circle) → DrawingTool.circle
DRAW-DEBUG: Estado atual antes: armed
DRAW-DEBUG: Estado resetado para idle
DRAW-DEBUG: Estado após startDrawing: armed
DRAW-DEBUG: Ferramenta: circle
DRAW-DEBUG: selectTool(polygon) → DrawingTool.polygon
DRAW-DEBUG: Estado atual antes: armed
DRAW-DEBUG: Estado resetado para idle
DRAW-DEBUG: Estado após startDrawing: armed
DRAW-DEBUG: Ferramenta: polygon
DRAW-DEBUG: selectTool(rectangle) → DrawingTool.rectangle
DRAW-DEBUG: Estado atual antes: armed
DRAW-DEBUG: Estado resetado para idle
DRAW-DEBUG: Estado após startDrawing: armed
DRAW-DEBUG: Ferramenta: rectangle
DRAW-DEBUG: selectTool(circle) → DrawingTool.circle
DRAW-DEBUG: Estado atual antes: armed
DRAW-DEBUG: Estado resetado para idle
DRAW-DEBUG: Estado após startDrawing: armed
DRAW-DEBUG: Ferramenta: circle
DRAW-DEBUG: selectTool(polygon) → DrawingTool.polygon
DRAW-DEBUG: Estado atual antes: armed
DRAW-DEBUG: Estado resetado para idle
DRAW-DEBUG: Estado após startDrawing: armed
DRAW-DEBUG: Ferramenta: polygon
DRAW-DEBUG: selectTool(rectangle) → DrawingTool.rectangle
DRAW-DEBUG: Estado atual antes: armed
DRAW-DEBUG: Estado resetado para idle
DRAW-DEBUG: Estado após startDrawing: armed
DRAW-DEBUG: Ferramenta: rectangle
DRAW-DEBUG: selectTool(circle) → DrawingTool.circle
DRAW-DEBUG: Estado atual antes: armed
DRAW-DEBUG: Estado resetado para idle
DRAW-DEBUG: Estado após startDrawing: armed
DRAW-DEBUG: Ferramenta: circle
DRAW-DEBUG: selectTool(polygon) → DrawingTool.polygon
DRAW-DEBUG: Estado atual antes: armed
DRAW-DEBUG: Estado resetado para idle
DRAW-DEBUG: Estado após startDrawing: armed
DRAW-DEBUG: Ferramenta: polygon
DRAW-DEBUG: selectTool(rectangle) → DrawingTool.rectangle
DRAW-DEBUG: Estado atual antes: armed
DRAW-DEBUG: Estado resetado para idle
DRAW-DEBUG: Estado após startDrawing: armed
DRAW-DEBUG: Ferramenta: rectangle
DRAW-DEBUG: selectTool(circle) → DrawingTool.circle
DRAW-DEBUG: Estado atual antes: armed
DRAW-DEBUG: Estado resetado para idle
DRAW-DEBUG: Estado após startDrawing: armed
DRAW-DEBUG: Ferramenta: circle
DRAW-DEBUG: selectTool(polygon) → DrawingTool.polygon
DRAW-DEBUG: Estado atual antes: armed
DRAW-DEBUG: Estado resetado para idle
DRAW-DEBUG: Estado após startDrawing: armed
DRAW-DEBUG: Ferramenta: polygon
DRAW-DEBUG: selectTool(rectangle) → DrawingTool.rectangle
DRAW-DEBUG: Estado atual antes: armed
DRAW-DEBUG: Estado resetado para idle
DRAW-DEBUG: Estado após startDrawing: armed
DRAW-DEBUG: Ferramenta: rectangle
DRAW-DEBUG: selectTool(circle) → DrawingTool.circle
DRAW-DEBUG: Estado atual antes: armed
DRAW-DEBUG: Estado resetado para idle
DRAW-DEBUG: Estado após startDrawing: armed
DRAW-DEBUG: Ferramenta: circle
DRAW-DEBUG: selectTool(polygon) → DrawingTool.polygon
DRAW-DEBUG: Estado atual antes: armed
DRAW-DEBUG: Estado resetado para idle
DRAW-DEBUG: Estado após startDrawing: armed
DRAW-DEBUG: Ferramenta: polygon
DRAW-DEBUG: selectTool(rectangle) → DrawingTool.rectangle
DRAW-DEBUG: Estado atual antes: armed
DRAW-DEBUG: Estado resetado para idle
DRAW-DEBUG: Estado após startDrawing: armed
00:04 +229 -9: /Users/raudineisilvapereira/dev/appdart/test/modules/drawing/drawing_flow_widget_test.dart: FIX-DRAW-FLOW-02 — DrawingSheet Widget Flow ✅ Bottom Sheet deve exibir ferramentas
00:04 +229 -9: /Users/raudineisilvapereira/dev/appdart/test/modules/drawing/drawing_flow_regression_test.dart: FIX-DRAW-FLOW-02 — Regressão: Trocas Rápidas ⚡ Trocar ferramenta 10x seguidas não deve lançar erro
DRAW-DEBUG: Ferramenta: rectangle
DRAW-DEBUG: selectTool(circle) → DrawingTool.circle
DRAW-DEBUG: Estado atual antes: armed
DRAW-DEBUG: Estado resetado para idle
DRAW-DEBUG: Estado após startDrawing: armed
DRAW-DEBUG: Ferramenta: circle
00:04 +229 -9: /Users/raudineisilvapereira/dev/appdart/test/modules/drawing/drawing_state_machine_v3_performance_test.dart: 🏭 DrawingStateMachineV3 — Fase 5: Performance Optimizations ⚡ Cache de Replay cache invalida quando novo evento é adicionado
EVENT: selectTool → armed
EVENT: addPoint → drawing
EVENT: addPoint → drawing
00:04 +230 -9: /Users/raudineisilvapereira/dev/appdart/test/modules/drawing/drawing_flow_widget_test.dart: FIX-DRAW-FLOW-02 — DrawingSheet Widget Flow ✅ Bottom Sheet deve exibir ferramentas
00:04 +231 -9: /Users/raudineisilvapereira/dev/appdart/test/modules/drawing/drawing_flow_widget_test.dart: FIX-DRAW-FLOW-02 — DrawingSheet Widget Flow ✅ Bottom Sheet deve exibir ferramentas
00:04 +231 -9: /Users/raudineisilvapereira/dev/appdart/test/modules/drawing/drawing_state_machine_v3_performance_test.dart: 🏭 DrawingStateMachineV3 — Fase 5: Performance Optimizations 📸 Snapshots Estratégicos snapshot criado a cada 20 eventos
EVENT: selectTool → armed
EVENT: addPoint → drawing
EVENT: addPoint → drawing
EVENT: addPoint → drawing
EVENT: addPoint → drawing
00:04 +231 -9: /Users/raudineisilvapereira/dev/appdart/test/modules/drawing/drawing_flow_regression_test.dart: FIX-DRAW-FLOW-02 — Regressão: Trocas Rápidas ⚡ Alternar entre armed e idle rapidamente
DRAW-DEBUG: selectTool(polygon) → DrawingTool.polygon
00:04 +231 -9: /Users/raudineisilvapereira/dev/appdart/test/modules/drawing/drawing_state_machine_v3_performance_test.dart: 🏭 DrawingStateMachineV3 — Fase 5: Performance Optimizations 📸 Snapshots Estratégicos snapshot criado a cada 20 eventos
EVENT: addPoint → drawing
EVENT: addPoint → drawing
00:04 +231 -9: /Users/raudineisilvapereira/dev/appdart/test/modules/drawing/drawing_flow_regression_test.dart: FIX-DRAW-FLOW-02 — Regressão: Trocas Rápidas ⚡ Alternar entre armed e idle rapidamente
DRAW-DEBUG: Estado atual antes: idle
DRAW-DEBUG: Estado após startDrawing: armed
DRAW-DEBUG: Ferramenta: polygon
DRAW-DEBUG: selectTool(none) → DrawingTool.none
DRAW-DEBUG: Estado atual antes: armed
DRAW-DEBUG: Modo desenho desativado
DRAW-DEBUG: selectTool(polygon) → DrawingTool.polygon
DRAW-DEBUG: Estado atual antes: idle
DRAW-DEBUG: Estado após startDrawing: armed
00:04 +231 -9: /Users/raudineisilvapereira/dev/appdart/test/modules/drawing/drawing_state_machine_v3_performance_test.dart: 🏭 DrawingStateMachineV3 — Fase 5: Performance Optimizations 📸 Snapshots Estratégicos snapshot criado a cada 20 eventos
EVENT: addPoint → drawing
EVENT: addPoint → drawing
EVENT: addPoint → drawing
EVENT: addPoint → drawing
EVENT: addPoint → drawing
00:04 +231 -9: /Users/raudineisilvapereira/dev/appdart/test/modules/drawing/drawing_flow_regression_test.dart: FIX-DRAW-FLOW-02 — Regressão: Trocas Rápidas ⚡ Alternar entre armed e idle rapidamente
DRAW-DEBUG: Ferramenta: polygon
DRAW-DEBUG: selectTool(none) → DrawingTool.none
DRAW-DEBUG: Estado atual antes: armed
DRAW-DEBUG: Modo desenho desativado
DRAW-DEBUG: selectTool(polygon) → DrawingTool.polygon
00:04 +231 -9: /Users/raudineisilvapereira/dev/appdart/test/modules/drawing/drawing_state_machine_v3_performance_test.dart: 🏭 DrawingStateMachineV3 — Fase 5: Performance Optimizations 📸 Snapshots Estratégicos snapshot criado a cada 20 eventos
EVENT: addPoint → drawing
EVENT: addPoint → drawing
EVENT: addPoint → drawing
EVENT: addPoint → drawing
EVENT: addPoint → drawing
00:04 +231 -9: /Users/raudineisilvapereira/dev/appdart/test/modules/drawing/drawing_flow_regression_test.dart: FIX-DRAW-FLOW-02 — Regressão: Trocas Rápidas ⚡ Alternar entre armed e idle rapidamente
DRAW-DEBUG: Estado atual antes: idle
DRAW-DEBUG: Estado após startDrawing: armed
DRAW-DEBUG: Ferramenta: polygon
DRAW-DEBUG: selectTool(none) → DrawingTool.none
DRAW-DEBUG: Estado atual antes: armed
DRAW-DEBUG: Modo desenho desativado
DRAW-DEBUG: selectTool(polygon) → DrawingTool.polygon
DRAW-DEBUG: Estado atual antes: idle
DRAW-DEBUG: Estado após startDrawing: armed
DRAW-DEBUG: Ferramenta: polygon
DRAW-DEBUG: selectTool(none) → DrawingTool.none
DRAW-DEBUG: Estado atual antes: armed
DRAW-DEBUG: Modo desenho desativado
DRAW-DEBUG: selectTool(polygon) → DrawingTool.polygon
DRAW-DEBUG: Estado atual antes: idle
00:04 +231 -9: /Users/raudineisilvapereira/dev/appdart/test/modules/drawing/drawing_state_machine_v3_performance_test.dart: 🏭 DrawingStateMachineV3 — Fase 5: Performance Optimizations 📸 Snapshots Estratégicos snapshot criado a cada 20 eventos
EVENT: addPoint → drawing
EVENT: addPoint → drawing
EVENT: addPoint → drawing
00:04 +232 -9: /Users/raudineisilvapereira/dev/appdart/test/modules/drawing/drawing_flow_widget_test.dart: FIX-DRAW-FLOW-02 — DrawingSheet Widget Flow ✅ Bottom Sheet deve exibir ferramentas
00:04 +232 -9: /Users/raudineisilvapereira/dev/appdart/test/modules/drawing/drawing_flow_regression_test.dart: FIX-DRAW-FLOW-02 — Regressão: Trocas Rápidas ⚡ Alternar entre armed e idle rapidamente
DRAW-DEBUG: Estado após startDrawing: armed
DRAW-DEBUG: Ferramenta: polygon
DRAW-DEBUG: selectTool(none) → DrawingTool.none
DRAW-DEBUG: Estado atual antes: armed
DRAW-DEBUG: Modo desenho desativado
DRAW-DEBUG: selectTool(polygon) → DrawingTool.polygon
DRAW-DEBUG: Estado atual antes: idle
DRAW-DEBUG: Estado após startDrawing: armed
DRAW-DEBUG: Ferramenta: polygon
DRAW-DEBUG: selectTool(none) → DrawingTool.none
DRAW-DEBUG: Estado atual antes: armed
DRAW-DEBUG: Modo desenho desativado
DRAW-DEBUG: selectTool(polygon) → DrawingTool.polygon
DRAW-DEBUG: Estado atual antes: idle
DRAW-DEBUG: Estado após startDrawing: armed
DRAW-DEBUG: Ferramenta: polygon
DRAW-DEBUG: selectTool(none) → DrawingTool.none
DRAW-DEBUG: Estado atual antes: armed
DRAW-DEBUG: Modo desenho desativado
DRAW-DEBUG: selectTool(polygon) → DrawingTool.polygon
DRAW-DEBUG: Estado atual antes: idle
DRAW-DEBUG: Estado após startDrawing: armed
DRAW-DEBUG: Ferramenta: polygon
DRAW-DEBUG: selectTool(none) → DrawingTool.none
DRAW-DEBUG: Estado atual antes: armed
DRAW-DEBUG: Modo desenho desativado
DRAW-DEBUG: selectTool(polygon) → DrawingTool.polygon
DRAW-DEBUG: Estado atual antes: idle
DRAW-DEBUG: Estado após startDrawing: armed
DRAW-DEBUG: Ferramenta: polygon
DRAW-DEBUG: selectTool(none) → DrawingTool.none
DRAW-DEBUG: Estado atual antes: armed
DRAW-DEBUG: Modo desenho desativado
DRAW-DEBUG: selectTool(polygon) → DrawingTool.polygon
DRAW-DEBUG: Estado atual antes: idle
00:04 +232 -9: /Users/raudineisilvapereira/dev/appdart/test/modules/drawing/drawing_state_machine_v3_performance_test.dart: 🏭 DrawingStateMachineV3 — Fase 5: Performance Optimizations 📸 Snapshots Estratégicos replay usando snapshot é mais rápido que replay completo
EVENT: selectTool → armed
EVENT: addPoint → drawing
EVENT: addPoint → drawing
EVENT: addPoint → drawing
EVENT: addPoint → drawing
EVENT: addPoint → drawing
EVENT: addPoint → drawing
EVENT: addPoint → drawing
EVENT: addPoint → drawing
EVENT: addPoint → drawing
EVENT: addPoint → drawing
EVENT: addPoint → drawing
00:04 +232 -9: /Users/raudineisilvapereira/dev/appdart/test/modules/drawing/drawing_flow_regression_test.dart: FIX-DRAW-FLOW-02 — Regressão: Trocas Rápidas ⚡ Alternar entre armed e idle rapidamente
DRAW-DEBUG: Estado após startDrawing: armed
DRAW-DEBUG: Ferramenta: polygon
DRAW-DEBUG: selectTool(none) → DrawingTool.none
DRAW-DEBUG: Estado atual antes: armed
DRAW-DEBUG: Modo desenho desativado
DRAW-DEBUG: selectTool(polygon) → DrawingTool.polygon
DRAW-DEBUG: Estado atual antes: idle
DRAW-DEBUG: Estado após startDrawing: armed
DRAW-DEBUG: Ferramenta: polygon
00:04 +232 -9: /Users/raudineisilvapereira/dev/appdart/test/modules/drawing/drawing_state_machine_v3_performance_test.dart: 🏭 DrawingStateMachineV3 — Fase 5: Performance Optimizations 📸 Snapshots Estratégicos replay usando snapshot é mais rápido que replay completo
EVENT: addPoint → drawing
EVENT: addPoint → drawing
EVENT: addPoint → drawing
EVENT: addPoint → drawing
EVENT: addPoint → drawing
EVENT: addPoint → drawing
EVENT: addPoint → drawing
EVENT: addPoint → drawing
📸 SNAPSHOT criado no evento #20
EVENT: addPoint → drawing
EVENT: addPoint → drawing
EVENT: addPoint → drawing
EVENT: addPoint → drawing
EVENT: addPoint → drawing
EVENT: addPoint → drawing
EVENT: addPoint → drawing
00:04 +232 -9: /Users/raudineisilvapereira/dev/appdart/test/modules/drawing/drawing_flow_regression_test.dart: FIX-DRAW-FLOW-02 — Regressão: Trocas Rápidas ⚡ Alternar entre armed e idle rapidamente
DRAW-DEBUG: selectTool(none) → DrawingTool.none
DRAW-DEBUG: Estado atual antes: armed
DRAW-DEBUG: Modo desenho desativado
DRAW-DEBUG: selectTool(polygon) → DrawingTool.polygon
DRAW-DEBUG: Estado atual antes: idle
DRAW-DEBUG: Estado após startDrawing: armed
DRAW-DEBUG: Ferramenta: polygon
00:04 +232 -9: /Users/raudineisilvapereira/dev/appdart/test/modules/drawing/drawing_state_machine_v3_performance_test.dart: 🏭 DrawingStateMachineV3 — Fase 5: Performance Optimizations 📸 Snapshots Estratégicos replay usando snapshot é mais rápido que replay completo
EVENT: addPoint → drawing
EVENT: addPoint → drawing
EVENT: addPoint → drawing
EVENT: addPoint → drawing
EVENT: addPoint → drawing
EVENT: addPoint → drawing
EVENT: addPoint → drawing
EVENT: addPoint → drawing
EVENT: addPoint → drawing
EVENT: addPoint → drawing
EVENT: addPoint → drawing
00:04 +232 -9: /Users/raudineisilvapereira/dev/appdart/test/modules/drawing/drawing_flow_regression_test.dart: FIX-DRAW-FLOW-02 — Regressão: Trocas Rápidas ⚡ Alternar entre armed e idle rapidamente
DRAW-DEBUG: selectTool(none) → DrawingTool.none
DRAW-DEBUG: Estado atual antes: armed
DRAW-DEBUG: Modo desenho desativado
DRAW-DEBUG: selectTool(polygon) → DrawingTool.polygon
DRAW-DEBUG: Estado atual antes: idle
DRAW-DEBUG: Estado após startDrawing: armed
DRAW-DEBUG: Ferramenta: polygon
DRAW-DEBUG: selectTool(none) → DrawingTool.none
DRAW-DEBUG: Estado atual antes: armed
DRAW-DEBUG: Modo desenho desativado
DRAW-DEBUG: selectTool(polygon) → DrawingTool.polygon
DRAW-DEBUG: Estado atual antes: idle
DRAW-DEBUG: Estado após startDrawing: armed
DRAW-DEBUG: Ferramenta: polygon
DRAW-DEBUG: selectTool(none) → DrawingTool.none
DRAW-DEBUG: Estado atual antes: armed
DRAW-DEBUG: Modo desenho desativado
DRAW-DEBUG: selectTool(polygon) → DrawingTool.polygon
00:04 +232 -9: /Users/raudineisilvapereira/dev/appdart/test/modules/drawing/drawing_state_machine_v3_performance_test.dart: 🏭 DrawingStateMachineV3 — Fase 5: Performance Optimizations 📸 Snapshots Estratégicos replay usando snapshot é mais rápido que replay completo
EVENT: addPoint → drawing
EVENT: addPoint → drawing
00:04 +232 -9: /Users/raudineisilvapereira/dev/appdart/test/modules/drawing/drawing_flow_regression_test.dart: FIX-DRAW-FLOW-02 — Regressão: Trocas Rápidas ⚡ Alternar entre armed e idle rapidamente
DRAW-DEBUG: Estado atual antes: idle
DRAW-DEBUG: Estado após startDrawing: armed
DRAW-DEBUG: Ferramenta: polygon
DRAW-DEBUG: selectTool(none) → DrawingTool.none
DRAW-DEBUG: Estado atual antes: armed
DRAW-DEBUG: Modo desenho desativado
DRAW-DEBUG: selectTool(polygon) → DrawingTool.polygon
DRAW-DEBUG: Estado atual antes: idle
DRAW-DEBUG: Estado após startDrawing: armed
DRAW-DEBUG: Ferramenta: polygon
DRAW-DEBUG: selectTool(none) → DrawingTool.none
DRAW-DEBUG: Estado atual antes: armed
DRAW-DEBUG: Modo desenho desativado
DRAW-DEBUG: selectTool(polygon) → DrawingTool.polygon
DRAW-DEBUG: Estado atual antes: idle
DRAW-DEBUG: Estado após startDrawing: armed
DRAW-DEBUG: Ferramenta: polygon
DRAW-DEBUG: selectTool(none) → DrawingTool.none
DRAW-DEBUG: Estado atual antes: armed
DRAW-DEBUG: Modo desenho desativado
DRAW-DEBUG: selectTool(polygon) → DrawingTool.polygon
DRAW-DEBUG: Estado atual antes: idle
DRAW-DEBUG: Estado após startDrawing: armed
DRAW-DEBUG: Ferramenta: polygon
DRAW-DEBUG: selectTool(none) → DrawingTool.none
DRAW-DEBUG: Estado atual antes: armed
DRAW-DEBUG: Modo desenho desativado
DRAW-DEBUG: selectTool(polygon) → DrawingTool.polygon
DRAW-DEBUG: Estado atual antes: idle
DRAW-DEBUG: Estado após startDrawing: armed
DRAW-DEBUG: Ferramenta: polygon
DRAW-DEBUG: selectTool(none) → DrawingTool.none
DRAW-DEBUG: Estado atual antes: armed
DRAW-DEBUG: Modo desenho desativado
DRAW-DEBUG: selectTool(polygon) → DrawingTool.polygon
DRAW-DEBUG: Estado atual antes: idle
DRAW-DEBUG: Estado após startDrawing: armed
DRAW-DEBUG: Ferramenta: polygon
DRAW-DEBUG: selectTool(none) → DrawingTool.none
DRAW-DEBUG: Estado atual antes: armed
DRAW-DEBUG: Modo desenho desativado
00:04 +233 -9: /Users/raudineisilvapereira/dev/appdart/test/modules/drawing/drawing_flow_widget_test.dart: FIX-DRAW-FLOW-02 — DrawingSheet Widget Flow ✅ Bottom Sheet deve exibir ferramentas
00:04 +234 -9: /Users/raudineisilvapereira/dev/appdart/test/modules/drawing/drawing_flow_widget_test.dart: FIX-DRAW-FLOW-02 — DrawingSheet Widget Flow ✅ Bottom Sheet deve exibir ferramentas
00:04 +234 -9: /Users/raudineisilvapereira/dev/appdart/test/modules/drawing/drawing_flow_regression_test.dart: FIX-DRAW-FLOW-02 — Regressão: Trocas Rápidas ⚡ Trocar ferramenta durante drawing não deve corromper estado
DRAW-DEBUG: selectTool(polygon) → DrawingTool.polygon
DRAW-DEBUG: Estado atual antes: idle
DRAW-DEBUG: Estado após startDrawing: armed
DRAW-DEBUG: Ferramenta: polygon
00:04 +234 -9: /Users/raudineisilvapereira/dev/appdart/test/modules/drawing/drawing_state_machine_v3_performance_test.dart: 🏭 DrawingStateMachineV3 — Fase 5: Performance Optimizations 🏎️ Benchmarks replay de 100 eventos < 30ms (otimizado)
EVENT: selectTool → armed
EVENT: addPoint → drawing
EVENT: addPoint → drawing
EVENT: addPoint → drawing
EVENT: addPoint → drawing
EVENT: addPoint → drawing
EVENT: addPoint → drawing
EVENT: addPoint → drawing
EVENT: addPoint → drawing
EVENT: addPoint → drawing
EVENT: addPoint → drawing
EVENT: addPoint → drawing
EVENT: addPoint → drawing
EVENT: addPoint → drawing
EVENT: addPoint → drawing
EVENT: addPoint → drawing
EVENT: addPoint → drawing
EVENT: addPoint → drawing
EVENT: addPoint → drawing
EVENT: addPoint → drawing
00:04 +234 -9: /Users/raudineisilvapereira/dev/appdart/test/modules/drawing/drawing_flow_regression_test.dart: FIX-DRAW-FLOW-02 — Regressão: Trocas Rápidas ⚡ Trocar ferramenta durante drawing não deve corromper estado
DRAW-DEBUG: selectTool(rectangle) → DrawingTool.rectangle
DRAW-DEBUG: Estado atual antes: drawing
DRAW-WARN: selectTool bloqueado durante drawing state. Usuário deve concluir ou cancelar primeiro.
00:04 +234 -9: /Users/raudineisilvapereira/dev/appdart/test/modules/drawing/drawing_state_machine_v3_performance_test.dart: 🏭 DrawingStateMachineV3 — Fase 5: Performance Optimizations 🏎️ Benchmarks replay de 100 eventos < 30ms (otimizado)
📸 SNAPSHOT criado no evento #20
EVENT: addPoint → drawing
EVENT: addPoint → drawing
EVENT: addPoint → drawing
EVENT: addPoint → drawing
EVENT: addPoint → drawing
EVENT: addPoint → drawing
EVENT: addPoint → drawing
EVENT: addPoint → drawing
EVENT: addPoint → drawing
EVENT: addPoint → drawing
EVENT: addPoint → drawing
EVENT: addPoint → drawing
EVENT: addPoint → drawing
EVENT: addPoint → drawing
EVENT: addPoint → drawing
EVENT: addPoint → drawing
EVENT: addPoint → drawing
EVENT: addPoint → drawing
EVENT: addPoint → drawing
EVENT: addPoint → drawing
📸 SNAPSHOT criado no evento #40
EVENT: addPoint → drawing
EVENT: addPoint → drawing
EVENT: addPoint → drawing
EVENT: addPoint → drawing
EVENT: addPoint → drawing
EVENT: addPoint → drawing
EVENT: addPoint → drawing
EVENT: addPoint → drawing
EVENT: addPoint → drawing
EVENT: addPoint → drawing
EVENT: addPoint → drawing
EVENT: addPoint → drawing
EVENT: addPoint → drawing
EVENT: addPoint → drawing
EVENT: addPoint → drawing
EVENT: addPoint → drawing
EVENT: addPoint → drawing
EVENT: addPoint → drawing
EVENT: addPoint → drawing
EVENT: addPoint → drawing
📸 SNAPSHOT criado no evento #60
EVENT: addPoint → drawing
EVENT: addPoint → drawing
EVENT: addPoint → drawing
EVENT: addPoint → drawing
EVENT: addPoint → drawing
EVENT: addPoint → drawing
EVENT: addPoint → drawing
EVENT: addPoint → drawing
EVENT: addPoint → drawing
EVENT: addPoint → drawing
EVENT: addPoint → drawing
EVENT: addPoint → drawing
EVENT: addPoint → drawing
EVENT: addPoint → drawing
EVENT: addPoint → drawing
EVENT: addPoint → drawing
EVENT: addPoint → drawing
EVENT: addPoint → drawing
EVENT: addPoint → drawing
EVENT: addPoint → drawing
📸 SNAPSHOT criado no evento #80
EVENT: addPoint → drawing
EVENT: addPoint → drawing
EVENT: addPoint → drawing
EVENT: addPoint → drawing
EVENT: addPoint → drawing
EVENT: addPoint → drawing
EVENT: addPoint → drawing
EVENT: addPoint → drawing
EVENT: addPoint → drawing
EVENT: addPoint → drawing
EVENT: addPoint → drawing
EVENT: addPoint → drawing
EVENT: addPoint → drawing
EVENT: addPoint → drawing
EVENT: addPoint → drawing
EVENT: addPoint → drawing
EVENT: addPoint → drawing
EVENT: addPoint → drawing
EVENT: addPoint → drawing
EVENT: addPoint → drawing
00:04 +235 -9: /Users/raudineisilvapereira/dev/appdart/test/modules/drawing/drawing_flow_widget_test.dart: FIX-DRAW-FLOW-02 — DrawingSheet Widget Flow ✅ Bottom Sheet deve exibir ferramentas
00:04 +235 -10: /Users/raudineisilvapereira/dev/appdart/test/modules/drawing/drawing_flow_widget_test.dart: FIX-DRAW-FLOW-02 — DrawingSheet Widget Flow ✅ Bottom Sheet deve exibir ferramentas
00:04 +235 -10: /Users/raudineisilvapereira/dev/appdart/test/modules/drawing/drawing_state_machine_v3_performance_test.dart: 🏭 DrawingStateMachineV3 — Fase 5: Performance Optimizations 🏎️ Benchmarks múltiplos replays consecutivos são muito rápidos (cache)
EVENT: selectTool → armed
EVENT: addPoint → drawing
EVENT: addPoint → drawing
EVENT: addPoint → drawing
EVENT: addPoint → drawing
EVENT: addPoint → drawing
EVENT: addPoint → drawing
EVENT: addPoint → drawing
EVENT: addPoint → drawing
EVENT: addPoint → drawing
EVENT: addPoint → drawing
EVENT: addPoint → drawing
EVENT: addPoint → drawing
EVENT: addPoint → drawing
EVENT: addPoint → drawing
EVENT: addPoint → drawing
EVENT: addPoint → drawing
EVENT: addPoint → drawing
EVENT: addPoint → drawing
EVENT: addPoint → drawing
📸 SNAPSHOT criado no evento #20
EVENT: addPoint → drawing
EVENT: addPoint → drawing
EVENT: addPoint → drawing
EVENT: addPoint → drawing
EVENT: addPoint → drawing
EVENT: addPoint → drawing
EVENT: addPoint → drawing
EVENT: addPoint → drawing
EVENT: addPoint → drawing
EVENT: addPoint → drawing
EVENT: addPoint → drawing
EVENT: addPoint → drawing
EVENT: addPoint → drawing
EVENT: addPoint → drawing
EVENT: addPoint → drawing
EVENT: addPoint → drawing
EVENT: addPoint → drawing
EVENT: addPoint → drawing
EVENT: addPoint → drawing
EVENT: addPoint → drawing
📸 SNAPSHOT criado no evento #40
EVENT: addPoint → drawing
EVENT: addPoint → drawing
EVENT: addPoint → drawing
EVENT: addPoint → drawing
EVENT: addPoint → drawing
EVENT: addPoint → drawing
EVENT: addPoint → drawing
EVENT: addPoint → drawing
EVENT: addPoint → drawing
EVENT: addPoint → drawing
EVENT: addPoint → drawing
00:04 +236 -10: /Users/raudineisilvapereira/dev/appdart/test/modules/drawing/drawing_flow_widget_test.dart: FIX-DRAW-FLOW-02 — DrawingSheet Widget Flow ✅ Bottom Sheet deve exibir ferramentas
00:04 +236 -10: /Users/raudineisilvapereira/dev/appdart/test/modules/drawing/drawing_state_machine_v3_performance_test.dart: 🏭 DrawingStateMachineV3 — Fase 5: Performance Optimizations 🏎️ Benchmarks undo massivo permanece rápido (< 80ms)
EVENT: selectTool → armed
EVENT: addPoint → drawing
EVENT: addPoint → drawing
EVENT: addPoint → drawing
EVENT: addPoint → drawing
EVENT: addPoint → drawing
EVENT: addPoint → drawing
EVENT: addPoint → drawing
EVENT: addPoint → drawing
EVENT: addPoint → drawing
EVENT: addPoint → drawing
EVENT: addPoint → drawing
EVENT: addPoint → drawing
EVENT: addPoint → drawing
EVENT: addPoint → drawing
EVENT: addPoint → drawing
EVENT: addPoint → drawing
EVENT: addPoint → drawing
EVENT: addPoint → drawing
EVENT: addPoint → drawing
📸 SNAPSHOT criado no evento #20
EVENT: addPoint → drawing
EVENT: addPoint → drawing
EVENT: addPoint → drawing
EVENT: addPoint → drawing
EVENT: addPoint → drawing
EVENT: addPoint → drawing
EVENT: addPoint → drawing
EVENT: addPoint → drawing
EVENT: addPoint → drawing
EVENT: addPoint → drawing
EVENT: addPoint → drawing
EVENT: addPoint → drawing
EVENT: addPoint → drawing
EVENT: addPoint → drawing
EVENT: addPoint → drawing
EVENT: addPoint → drawing
EVENT: addPoint → drawing
EVENT: addPoint → drawing
EVENT: addPoint → drawing
EVENT: addPoint → drawing
📸 SNAPSHOT criado no evento #40
EVENT: addPoint → drawing
EVENT: addPoint → drawing
EVENT: addPoint → drawing
EVENT: addPoint → drawing
EVENT: addPoint → drawing
EVENT: addPoint → drawing
EVENT: addPoint → drawing
EVENT: addPoint → drawing
EVENT: addPoint → drawing
EVENT: addPoint → drawing
EVENT: addPoint → drawing
UNDO: addPoint → drawing
UNDO: addPoint → drawing
UNDO: addPoint → drawing
UNDO: addPoint → drawing
UNDO: addPoint → drawing
UNDO: addPoint → drawing
UNDO: addPoint → drawing
UNDO: addPoint → drawing
UNDO: addPoint → drawing
UNDO: addPoint → drawing
UNDO: addPoint → drawing
UNDO: addPoint → drawing
UNDO: addPoint → drawing
UNDO: addPoint → drawing
UNDO: addPoint → drawing
UNDO: addPoint → drawing
UNDO: addPoint → drawing
UNDO: addPoint → drawing
UNDO: addPoint → drawing
UNDO: addPoint → drawing
UNDO: addPoint → drawing
UNDO: addPoint → drawing
UNDO: addPoint → drawing
UNDO: addPoint → drawing
UNDO: addPoint → drawing
UNDO: addPoint → drawing
UNDO: addPoint → drawing
UNDO: addPoint → drawing
UNDO: addPoint → drawing
UNDO: addPoint → drawing
UNDO: addPoint → drawing
UNDO: addPoint → drawing
UNDO: addPoint → drawing
UNDO: addPoint → drawing
UNDO: addPoint → drawing
UNDO: addPoint → drawing
UNDO: addPoint → drawing
UNDO: addPoint → drawing
UNDO: addPoint → drawing
UNDO: addPoint → drawing
UNDO: addPoint → drawing
UNDO: addPoint → drawing
UNDO: addPoint → drawing
UNDO: addPoint → drawing
UNDO: addPoint → drawing
UNDO: addPoint → drawing
UNDO: addPoint → drawing
UNDO: addPoint → drawing
UNDO: addPoint → drawing
UNDO: addPoint → armed
UNDO: selectTool → idle
00:04 +237 -10: /Users/raudineisilvapereira/dev/appdart/test/modules/drawing/drawing_flow_widget_test.dart: FIX-DRAW-FLOW-02 — DrawingSheet Widget Flow ✅ Bottom Sheet deve exibir ferramentas
00:04 +237 -10: /Users/raudineisilvapereira/dev/appdart/test/modules/drawing/drawing_state_machine_v3_performance_test.dart: 🏭 DrawingStateMachineV3 — Fase 5: Performance Optimizations ✅ Corretude otimizações não alteram resultado de replay
EVENT: selectTool → armed
EVENT: addPoint → drawing
EVENT: addPoint → drawing
EVENT: addPoint → drawing
EVENT: addPoint → drawing
EVENT: addPoint → drawing
EVENT: addPoint → drawing
EVENT: addPoint → drawing
EVENT: addPoint → drawing
EVENT: addPoint → drawing
EVENT: addPoint → drawing
EVENT: addPoint → drawing
EVENT: addPoint → drawing
EVENT: addPoint → drawing
EVENT: addPoint → drawing
EVENT: addPoint → drawing
EVENT: addPoint → drawing
EVENT: addPoint → drawing
EVENT: addPoint → drawing
EVENT: addPoint → drawing
📸 SNAPSHOT criado no evento #20
EVENT: addPoint → drawing
EVENT: addPoint → drawing
EVENT: addPoint → drawing
EVENT: addPoint → drawing
EVENT: addPoint → drawing
EVENT: addPoint → drawing
EVENT: addPoint → drawing
EVENT: addPoint → drawing
EVENT: addPoint → drawing
EVENT: addPoint → drawing
EVENT: addPoint → drawing
EVENT: addPoint → drawing
EVENT: addPoint → drawing
EVENT: addPoint → drawing
EVENT: addPoint → drawing
EVENT: addPoint → drawing
EVENT: addPoint → drawing
EVENT: addPoint → drawing
EVENT: addPoint → drawing
EVENT: addPoint → drawing
📸 SNAPSHOT criado no evento #40
EVENT: addPoint → drawing
EVENT: addPoint → drawing
EVENT: addPoint → drawing
EVENT: addPoint → drawing
EVENT: addPoint → drawing
EVENT: addPoint → drawing
EVENT: addPoint → drawing
EVENT: addPoint → drawing
EVENT: addPoint → drawing
EVENT: addPoint → drawing
EVENT: addPoint → drawing
00:04 +238 -10: /Users/raudineisilvapereira/dev/appdart/test/modules/drawing/drawing_flow_widget_test.dart: FIX-DRAW-FLOW-02 — DrawingSheet Widget Flow ✅ Bottom Sheet deve exibir ferramentas
00:04 +238 -10: /Users/raudineisilvapereira/dev/appdart/test/modules/drawing/drawing_state_machine_v3_performance_test.dart: 🏭 DrawingStateMachineV3 — Fase 5: Performance Optimizations ✅ Corretude reset limpa cache e snapshots
EVENT: selectTool → armed
EVENT: addPoint → drawing
EVENT: addPoint → drawing
EVENT: addPoint → drawing
EVENT: addPoint → drawing
EVENT: addPoint → drawing
EVENT: addPoint → drawing
EVENT: addPoint → drawing
EVENT: addPoint → drawing
EVENT: addPoint → drawing
EVENT: addPoint → drawing
EVENT: addPoint → drawing
EVENT: addPoint → drawing
EVENT: addPoint → drawing
EVENT: addPoint → drawing
EVENT: addPoint → drawing
EVENT: addPoint → drawing
EVENT: addPoint → drawing
EVENT: addPoint → drawing
EVENT: addPoint → drawing
📸 SNAPSHOT criado no evento #20
EVENT: addPoint → drawing
EVENT: addPoint → drawing
EVENT: addPoint → drawing
EVENT: addPoint → drawing
EVENT: addPoint → drawing
EVENT: addPoint → drawing
EVENT: addPoint → drawing
EVENT: addPoint → drawing
EVENT: addPoint → drawing
EVENT: addPoint → drawing
EVENT: addPoint → drawing
RESET: máquina reiniciada
00:04 +239 -10: /Users/raudineisilvapereira/dev/appdart/test/modules/drawing/drawing_flow_widget_test.dart: FIX-DRAW-FLOW-02 — DrawingSheet Widget Flow ✅ Bottom Sheet deve exibir ferramentas
00:04 +239 -10: /Users/raudineisilvapereira/dev/appdart/test/modules/drawing/drawing_state_machine_v3_performance_test.dart: 🏭 DrawingStateMachineV3 — Fase 5: Performance Optimizations ✅ Corretude undo invalida cache corretamente
EVENT: selectTool → armed
EVENT: addPoint → drawing
EVENT: addPoint → drawing
UNDO: addPoint → drawing
00:04 +240 -10: /Users/raudineisilvapereira/dev/appdart/test/modules/drawing/drawing_flow_widget_test.dart: FIX-DRAW-FLOW-02 — DrawingSheet Widget Flow ✅ Bottom Sheet deve exibir ferramentas
00:04 +240 -10: /Users/raudineisilvapereira/dev/appdart/test/modules/drawing/drawing_state_machine_v3_performance_test.dart: 🏭 DrawingStateMachineV3 — Fase 5: Performance Optimizations 💪 Stress Tests 100 eventos + 50 replays + 50 undos < 200ms
EVENT: selectTool → armed
EVENT: addPoint → drawing
EVENT: addPoint → drawing
EVENT: addPoint → drawing
EVENT: addPoint → drawing
EVENT: addPoint → drawing
EVENT: addPoint → drawing
EVENT: addPoint → drawing
EVENT: addPoint → drawing
EVENT: addPoint → drawing
EVENT: addPoint → drawing
EVENT: addPoint → drawing
EVENT: addPoint → drawing
EVENT: addPoint → drawing
EVENT: addPoint → drawing
EVENT: addPoint → drawing
EVENT: addPoint → drawing
EVENT: addPoint → drawing
EVENT: addPoint → drawing
EVENT: addPoint → drawing
📸 SNAPSHOT criado no evento #20
EVENT: addPoint → drawing
00:04 +240 -10: /Users/raudineisilvapereira/dev/appdart/test/modules/drawing/drawing_flow_regression_test.dart: FIX-DRAW-FLOW-02 — Regressão: Trocas Rápidas ⚡ Trocar ferramenta durante drawing não deve corromper estado [E]
  Expected: DrawingState:<DrawingState.armed>
    Actual: DrawingState:<DrawingState.drawing>
  
  package:matcher                                              expect
  package:flutter_test/src/widget_tester.dart 473:18           expect
  test/modules/drawing/drawing_flow_regression_test.dart 95:9  main.<fn>.<fn>
  
00:04 +241 -10: /Users/raudineisilvapereira/dev/appdart/test/modules/drawing/drawing_flow_widget_test.dart: FIX-DRAW-FLOW-02 — DrawingSheet Widget Flow ✅ Bottom Sheet deve exibir ferramentas
00:04 +242 -10: /Users/raudineisilvapereira/dev/appdart/test/modules/drawing/drawing_flow_widget_test.dart: FIX-DRAW-FLOW-02 — DrawingSheet Widget Flow ✅ Bottom Sheet deve exibir ferramentas
00:04 +242 -10: /Users/raudineisilvapereira/dev/appdart/test/modules/drawing/drawing_flow_regression_test.dart: FIX-DRAW-FLOW-02 — Regressão: Trocas Rápidas ⚡ Múltiplas trocas com pontos não deve vazar memória
DRAW-DEBUG: selectTool(polygon) → DrawingTool.polygon
DRAW-DEBUG: Estado atual antes: idle
DRAW-DEBUG: Estado após startDrawing: armed
DRAW-DEBUG: Ferramenta: polygon
DRAW-DEBUG: selectTool(rectangle) → DrawingTool.rectangle
DRAW-DEBUG: Estado atual antes: drawing
DRAW-WARN: selectTool bloqueado durante drawing state. Usuário deve concluir ou cancelar primeiro.
00:04 +242 -11: /Users/raudineisilvapereira/dev/appdart/test/modules/drawing/drawing_flow_widget_test.dart: FIX-DRAW-FLOW-02 — DrawingSheet Widget Flow ✅ Bottom Sheet deve exibir ferramentas
00:04 +242 -11: /Users/raudineisilvapereira/dev/appdart/test/modules/drawing/drawing_flow_regression_test.dart: FIX-DRAW-FLOW-02 — Regressão: Trocas Rápidas ⚡ Múltiplas trocas com pontos não deve vazar memória [E]
  Expected: DrawingState:<DrawingState.armed>
    Actual: DrawingState:<DrawingState.drawing>
  
  package:matcher                                               expect
  package:flutter_test/src/widget_tester.dart 473:18            expect
  test/modules/drawing/drawing_flow_regression_test.dart 110:9  main.<fn>.<fn>
  
00:04 +243 -11: /Users/raudineisilvapereira/dev/appdart/test/modules/drawing/drawing_flow_widget_test.dart: FIX-DRAW-FLOW-02 — DrawingSheet Widget Flow ✅ Bottom Sheet deve exibir ferramentas
00:04 +244 -11: /Users/raudineisilvapereira/dev/appdart/test/modules/drawing/drawing_flow_widget_test.dart: FIX-DRAW-FLOW-02 — DrawingSheet Widget Flow ✅ Bottom Sheet deve exibir ferramentas
00:04 +245 -11: /Users/raudineisilvapereira/dev/appdart/test/modules/drawing/drawing_flow_widget_test.dart: FIX-DRAW-FLOW-02 — DrawingSheet Widget Flow ✅ Bottom Sheet deve exibir ferramentas
00:04 +246 -11: /Users/raudineisilvapereira/dev/appdart/test/modules/drawing/drawing_flow_widget_test.dart: FIX-DRAW-FLOW-02 — DrawingSheet Widget Flow ✅ Bottom Sheet deve exibir ferramentas
00:04 +247 -11: /Users/raudineisilvapereira/dev/appdart/test/modules/drawing/drawing_flow_widget_test.dart: FIX-DRAW-FLOW-02 — DrawingSheet Widget Flow ✅ Bottom Sheet deve exibir ferramentas
00:04 +248 -11: /Users/raudineisilvapereira/dev/appdart/test/modules/drawing/drawing_flow_widget_test.dart: FIX-DRAW-FLOW-02 — DrawingSheet Widget Flow ✅ Bottom Sheet deve exibir ferramentas
00:04 +248 -11: /Users/raudineisilvapereira/dev/appdart/test/modules/drawing/drawing_state_machine_v3_phase2_test.dart: 🏭 DrawingStateMachineV3 — Fase 2: State Application 🔁 Undo/Redo — Event Sourcing undo() deve remover último evento e recalcular estado
EVENT: selectTool → armed
00:04 +249 -11: /Users/raudineisilvapereira/dev/appdart/test/modules/drawing/drawing_flow_widget_test.dart: FIX-DRAW-FLOW-02 — DrawingSheet Widget Flow ✅ Bottom Sheet deve exibir ferramentas
00:04 +249 -11: /Users/raudineisilvapereira/dev/appdart/test/modules/drawing/drawing_state_machine_v3_phase2_test.dart: 🏭 DrawingStateMachineV3 — Fase 2: State Application 🔁 Undo/Redo — Event Sourcing undo() deve remover último evento e recalcular estado
EVENT: addPoint → drawing
00:04 +250 -11: /Users/raudineisilvapereira/dev/appdart/test/modules/drawing/drawing_flow_widget_test.dart: FIX-DRAW-FLOW-02 — DrawingSheet Widget Flow ✅ Bottom Sheet deve exibir ferramentas
00:04 +251 -11: /Users/raudineisilvapereira/dev/appdart/test/modules/drawing/drawing_flow_widget_test.dart: FIX-DRAW-FLOW-02 — DrawingSheet Widget Flow ✅ Bottom Sheet deve exibir ferramentas
00:04 +252 -11: /Users/raudineisilvapereira/dev/appdart/test/modules/drawing/drawing_flow_widget_test.dart: FIX-DRAW-FLOW-02 — DrawingSheet Widget Flow ✅ Bottom Sheet deve exibir ferramentas
00:04 +252 -11: /Users/raudineisilvapereira/dev/appdart/test/modules/drawing/drawing_state_machine_v3_phase2_test.dart: 🏭 DrawingStateMachineV3 — Fase 2: State Application 🔁 Undo/Redo — Event Sourcing undo() deve remover último evento e recalcular estado
UNDO: addPoint → armed
00:04 +253 -11: /Users/raudineisilvapereira/dev/appdart/test/modules/drawing/drawing_flow_widget_test.dart: FIX-DRAW-FLOW-02 — DrawingSheet Widget Flow ✅ Bottom Sheet deve exibir ferramentas
00:04 +254 -11: /Users/raudineisilvapereira/dev/appdart/test/modules/drawing/drawing_flow_widget_test.dart: FIX-DRAW-FLOW-02 — DrawingSheet Widget Flow ✅ Bottom Sheet deve exibir ferramentas
00:04 +255 -11: /Users/raudineisilvapereira/dev/appdart/test/modules/drawing/drawing_flow_widget_test.dart: FIX-DRAW-FLOW-02 — DrawingSheet Widget Flow ✅ Bottom Sheet deve exibir ferramentas
00:04 +255 -11: /Users/raudineisilvapereira/dev/appdart/test/modules/drawing/drawing_state_machine_v3_phase2_test.dart: 🏭 DrawingStateMachineV3 — Fase 2: State Application 🔁 Undo/Redo — Event Sourcing undo em sequência deve voltar estados corretamente
EVENT: selectTool → armed
EVENT: addPoint → drawing
EVENT: addPoint → drawing
UNDO: addPoint → drawing
UNDO: addPoint → armed
UNDO: selectTool → idle
00:04 +256 -11: /Users/raudineisilvapereira/dev/appdart/test/modules/drawing/drawing_flow_widget_test.dart: FIX-DRAW-FLOW-02 — DrawingSheet Widget Flow ✅ Bottom Sheet deve exibir ferramentas
00:04 +257 -11: /Users/raudineisilvapereira/dev/appdart/test/modules/drawing/drawing_flow_widget_test.dart: FIX-DRAW-FLOW-02 — DrawingSheet Widget Flow ✅ Bottom Sheet deve exibir ferramentas
00:04 +258 -11: /Users/raudineisilvapereira/dev/appdart/test/modules/drawing/drawing_flow_widget_test.dart: FIX-DRAW-FLOW-02 — DrawingSheet Widget Flow ✅ Bottom Sheet deve exibir ferramentas
00:04 +259 -11: /Users/raudineisilvapereira/dev/appdart/test/modules/drawing/drawing_flow_widget_test.dart: FIX-DRAW-FLOW-02 — DrawingSheet Widget Flow ✅ Bottom Sheet deve exibir ferramentas
00:04 +259 -11: /Users/raudineisilvapereira/dev/appdart/test/modules/drawing/drawing_state_machine_v3_phase2_test.dart: 🏭 DrawingStateMachineV3 — Fase 2: State Application 🔁 Undo/Redo — Event Sourcing redo() deve reaplicar evento removido
EVENT: selectTool → armed
EVENT: addPoint → drawing
UNDO: addPoint → armed
REDO: addPoint → drawing
00:04 +260 -11: /Users/raudineisilvapereira/dev/appdart/test/modules/drawing/drawing_flow_widget_test.dart: FIX-DRAW-FLOW-02 — DrawingSheet Widget Flow ✅ Bottom Sheet deve exibir ferramentas
00:04 +261 -11: /Users/raudineisilvapereira/dev/appdart/test/modules/drawing/drawing_flow_widget_test.dart: FIX-DRAW-FLOW-02 — DrawingSheet Widget Flow ✅ Bottom Sheet deve exibir ferramentas
00:04 +261 -11: /Users/raudineisilvapereira/dev/appdart/test/modules/drawing/drawing_state_machine_v3_phase2_test.dart: 🏭 DrawingStateMachineV3 — Fase 2: State Application 🔁 Undo/Redo — Event Sourcing redo em sequência deve refazer múltiplas ações
EVENT: selectTool → armed
EVENT: addPoint → drawing
EVENT: complete → reviewing
UNDO: complete → drawing
UNDO: addPoint → armed
REDO: addPoint → drawing
REDO: complete → reviewing
00:04 +262 -11: /Users/raudineisilvapereira/dev/appdart/test/modules/drawing/drawing_flow_widget_test.dart: FIX-DRAW-FLOW-02 — DrawingSheet Widget Flow ✅ Bottom Sheet deve exibir ferramentas
00:04 +263 -11: /Users/raudineisilvapereira/dev/appdart/test/modules/drawing/drawing_flow_widget_test.dart: FIX-DRAW-FLOW-02 — DrawingSheet Widget Flow ✅ Bottom Sheet deve exibir ferramentas
00:04 +264 -11: /Users/raudineisilvapereira/dev/appdart/test/modules/drawing/drawing_flow_widget_test.dart: FIX-DRAW-FLOW-02 — DrawingSheet Widget Flow ✅ Bottom Sheet deve exibir ferramentas
00:04 +265 -11: /Users/raudineisilvapereira/dev/appdart/test/modules/drawing/drawing_flow_widget_test.dart: FIX-DRAW-FLOW-02 — DrawingSheet Widget Flow ✅ Bottom Sheet deve exibir ferramentas
00:04 +265 -11: /Users/raudineisilvapereira/dev/appdart/test/modules/drawing/drawing_state_machine_v3_phase2_test.dart: 🏭 DrawingStateMachineV3 — Fase 2: State Application 🔁 Undo/Redo — Event Sourcing nova ação após undo deve limpar redo stack
EVENT: selectTool → armed
EVENT: addPoint → drawing
UNDO: addPoint → armed
EVENT: addPoint → drawing
00:04 +266 -11: /Users/raudineisilvapereira/dev/appdart/test/modules/drawing/drawing_flow_widget_test.dart: FIX-DRAW-FLOW-02 — DrawingSheet Widget Flow ✅ Bottom Sheet deve exibir ferramentas
00:04 +267 -11: /Users/raudineisilvapereira/dev/appdart/test/modules/drawing/drawing_flow_widget_test.dart: FIX-DRAW-FLOW-02 — DrawingSheet Widget Flow ✅ Bottom Sheet deve exibir ferramentas
00:04 +268 -11: /Users/raudineisilvapereira/dev/appdart/test/modules/drawing/drawing_flow_widget_test.dart: FIX-DRAW-FLOW-02 — DrawingSheet Widget Flow ✅ Bottom Sheet deve exibir ferramentas
00:04 +268 -11: /Users/raudineisilvapereira/dev/appdart/test/modules/drawing/drawing_state_machine_v3_phase2_test.dart: 🏭 DrawingStateMachineV3 — Fase 2: State Application 🔁 Undo/Redo — Event Sourcing undo/redo devem manter integridade do histórico
EVENT: selectTool → armed
EVENT: addPoint → drawing
EVENT: addPoint → drawing
UNDO: addPoint → drawing
REDO: addPoint → drawing
00:04 +269 -11: /Users/raudineisilvapereira/dev/appdart/test/modules/drawing/drawing_flow_widget_test.dart: FIX-DRAW-FLOW-02 — DrawingSheet Widget Flow ✅ Bottom Sheet deve exibir ferramentas
00:04 +270 -11: /Users/raudineisilvapereira/dev/appdart/test/modules/drawing/drawing_flow_widget_test.dart: FIX-DRAW-FLOW-02 — DrawingSheet Widget Flow ✅ Bottom Sheet deve exibir ferramentas
00:04 +270 -11: /Users/raudineisilvapereira/dev/appdart/test/modules/drawing/drawing_state_machine_v3_phase2_test.dart: 🏭 DrawingStateMachineV3 — Fase 2: State Application 🎯 Cobertura Estado×Evento ❌ De IDLE ✅ idle + selectTool → armed
EVENT: selectTool → armed
00:04 +271 -11: /Users/raudineisilvapereira/dev/appdart/test/modules/drawing/drawing_flow_widget_test.dart: FIX-DRAW-FLOW-02 — DrawingSheet Widget Flow ✅ Bottom Sheet deve exibir ferramentas
00:04 +272 -11: /Users/raudineisilvapereira/dev/appdart/test/modules/drawing/drawing_flow_widget_test.dart: FIX-DRAW-FLOW-02 — DrawingSheet Widget Flow ✅ Bottom Sheet deve exibir ferramentas
00:04 +272 -11: /Users/raudineisilvapereira/dev/appdart/test/modules/drawing/drawing_state_machine_v3_phase2_test.dart: 🏭 DrawingStateMachineV3 — Fase 2: State Application 🎯 Cobertura Estado×Evento ❌ De IDLE ✅ idle + startEdit → editing
EVENT: startEdit → editing
00:04 +273 -11: /Users/raudineisilvapereira/dev/appdart/test/modules/drawing/drawing_flow_widget_test.dart: FIX-DRAW-FLOW-02 — DrawingSheet Widget Flow ✅ Bottom Sheet deve exibir ferramentas
00:04 +274 -11: /Users/raudineisilvapereira/dev/appdart/test/modules/drawing/drawing_flow_widget_test.dart: FIX-DRAW-FLOW-02 — DrawingSheet Widget Flow ✅ Bottom Sheet deve exibir ferramentas
00:04 +274 -11: /Users/raudineisilvapereira/dev/appdart/test/modules/drawing/drawing_state_machine_v3_phase2_test.dart: 🏭 DrawingStateMachineV3 — Fase 2: State Application 🎯 Cobertura Estado×Evento ❌ De IDLE ✅ idle + startImport → importPreview
EVENT: startImport → importPreview
00:04 +275 -11: /Users/raudineisilvapereira/dev/appdart/test/modules/drawing/drawing_flow_widget_test.dart: FIX-DRAW-FLOW-02 — DrawingSheet Widget Flow ✅ Bottom Sheet deve exibir ferramentas
00:04 +276 -11: /Users/raudineisilvapereira/dev/appdart/test/modules/drawing/drawing_flow_widget_test.dart: FIX-DRAW-FLOW-02 — DrawingSheet Widget Flow ✅ Bottom Sheet deve exibir ferramentas
00:04 +277 -11: /Users/raudineisilvapereira/dev/appdart/test/modules/drawing/drawing_flow_widget_test.dart: FIX-DRAW-FLOW-02 — DrawingSheet Widget Flow ✅ Bottom Sheet deve exibir ferramentas
00:04 +278 -11: /Users/raudineisilvapereira/dev/appdart/test/modules/drawing/drawing_flow_widget_test.dart: FIX-DRAW-FLOW-02 — DrawingSheet Widget Flow ✅ Bottom Sheet deve exibir ferramentas
00:04 +279 -11: /Users/raudineisilvapereira/dev/appdart/test/modules/drawing/drawing_flow_widget_test.dart: FIX-DRAW-FLOW-02 — DrawingSheet Widget Flow ✅ Bottom Sheet deve exibir ferramentas
00:04 +280 -11: /Users/raudineisilvapereira/dev/appdart/test/modules/drawing/drawing_flow_widget_test.dart: FIX-DRAW-FLOW-02 — DrawingSheet Widget Flow ✅ Bottom Sheet deve exibir ferramentas
00:04 +280 -11: /Users/raudineisilvapereira/dev/appdart/test/modules/drawing/drawing_state_machine_v3_phase2_test.dart: 🏭 DrawingStateMachineV3 — Fase 2: State Application 🎯 Cobertura Estado×Evento 🔫 De ARMED ✅ armed + addPoint → drawing
EVENT: selectTool → armed
EVENT: addPoint → drawing
00:04 +281 -11: /Users/raudineisilvapereira/dev/appdart/test/modules/drawing/drawing_flow_widget_test.dart: FIX-DRAW-FLOW-02 — DrawingSheet Widget Flow ✅ Bottom Sheet deve exibir ferramentas
00:04 +282 -11: /Users/raudineisilvapereira/dev/appdart/test/modules/drawing/drawing_flow_widget_test.dart: FIX-DRAW-FLOW-02 — DrawingSheet Widget Flow ✅ Bottom Sheet deve exibir ferramentas
00:04 +282 -11: /Users/raudineisilvapereira/dev/appdart/test/modules/drawing/drawing_state_machine_v3_phase2_test.dart: 🏭 DrawingStateMachineV3 — Fase 2: State Application 🎯 Cobertura Estado×Evento 🔫 De ARMED ✅ armed + selectTool → armed (trocar ferramenta)
EVENT: selectTool → armed
EVENT: selectTool → armed
00:04 +283 -11: /Users/raudineisilvapereira/dev/appdart/test/modules/drawing/drawing_flow_widget_test.dart: FIX-DRAW-FLOW-02 — DrawingSheet Widget Flow ✅ Bottom Sheet deve exibir ferramentas
00:04 +283 -11: /Users/raudineisilvapereira/dev/appdart/test/modules/drawing/drawing_state_machine_v3_phase2_test.dart: 🏭 DrawingStateMachineV3 — Fase 2: State Application 🎯 Cobertura Estado×Evento 🔫 De ARMED ✅ armed + cancel → idle
EVENT: selectTool → armed
EVENT: cancel → idle
00:04 +284 -11: /Users/raudineisilvapereira/dev/appdart/test/modules/drawing/drawing_flow_widget_test.dart: FIX-DRAW-FLOW-02 — DrawingSheet Widget Flow ✅ Bottom Sheet deve exibir ferramentas
00:04 +284 -11: /Users/raudineisilvapereira/dev/appdart/test/modules/drawing/drawing_state_machine_v3_phase2_test.dart: 🏭 DrawingStateMachineV3 — Fase 2: State Application 🎯 Cobertura Estado×Evento 🔫 De ARMED ❌ armed + complete → INVÁLIDO
EVENT: selectTool → armed
00:04 +285 -11: /Users/raudineisilvapereira/dev/appdart/test/modules/drawing/drawing_flow_widget_test.dart: FIX-DRAW-FLOW-02 — DrawingSheet Widget Flow ✅ Bottom Sheet deve exibir ferramentas
00:04 +285 -11: /Users/raudineisilvapereira/dev/appdart/test/modules/drawing/drawing_state_machine_v3_phase2_test.dart: 🏭 DrawingStateMachineV3 — Fase 2: State Application 🎯 Cobertura Estado×Evento ✏️ De DRAWING ✅ drawing + addPoint → drawing (mais pontos)
EVENT: selectTool → armed
EVENT: addPoint → drawing
EVENT: addPoint → drawing
00:04 +286 -11: /Users/raudineisilvapereira/dev/appdart/test/modules/drawing/drawing_flow_widget_test.dart: FIX-DRAW-FLOW-02 — DrawingSheet Widget Flow ✅ Bottom Sheet deve exibir ferramentas
00:04 +286 -11: /Users/raudineisilvapereira/dev/appdart/test/modules/drawing/drawing_state_machine_v3_phase2_test.dart: 🏭 DrawingStateMachineV3 — Fase 2: State Application 🎯 Cobertura Estado×Evento ✏️ De DRAWING ✅ drawing + complete → reviewing
EVENT: selectTool → armed
EVENT: addPoint → drawing
EVENT: complete → reviewing
00:04 +287 -11: /Users/raudineisilvapereira/dev/appdart/test/modules/drawing/drawing_flow_widget_test.dart: FIX-DRAW-FLOW-02 — DrawingSheet Widget Flow ✅ Bottom Sheet deve exibir ferramentas
00:04 +287 -11: /Users/raudineisilvapereira/dev/appdart/test/modules/drawing/drawing_state_machine_v3_phase2_test.dart: 🏭 DrawingStateMachineV3 — Fase 2: State Application 🎯 Cobertura Estado×Evento ✏️ De DRAWING ✅ drawing + cancel → idle
EVENT: selectTool → armed
EVENT: addPoint → drawing
EVENT: cancel → idle
00:04 +288 -11: /Users/raudineisilvapereira/dev/appdart/test/modules/drawing/drawing_flow_widget_test.dart: FIX-DRAW-FLOW-02 — DrawingSheet Widget Flow ✅ Bottom Sheet deve exibir ferramentas
00:04 +288 -11: /Users/raudineisilvapereira/dev/appdart/test/modules/drawing/drawing_state_machine_v3_phase2_test.dart: 🏭 DrawingStateMachineV3 — Fase 2: State Application 🎯 Cobertura Estado×Evento ✏️ De DRAWING ❌ drawing + startEdit → INVÁLIDO
EVENT: selectTool → armed
EVENT: addPoint → drawing
00:04 +289 -11: /Users/raudineisilvapereira/dev/appdart/test/modules/drawing/drawing_flow_widget_test.dart: FIX-DRAW-FLOW-02 — DrawingSheet Widget Flow ✅ Bottom Sheet deve exibir ferramentas
00:04 +289 -11: /Users/raudineisilvapereira/dev/appdart/test/modules/drawing/drawing_state_machine_v3_phase2_test.dart: 🏭 DrawingStateMachineV3 — Fase 2: State Application 🎯 Cobertura Estado×Evento 👁️ De REVIEWING ✅ reviewing + startEdit → editing
EVENT: selectTool → armed
EVENT: addPoint → drawing
EVENT: complete → reviewing
EVENT: startEdit → editing
00:04 +290 -11: /Users/raudineisilvapereira/dev/appdart/test/modules/drawing/drawing_flow_widget_test.dart: FIX-DRAW-FLOW-02 — DrawingSheet Widget Flow ✅ Bottom Sheet deve exibir ferramentas
00:04 +290 -11: /Users/raudineisilvapereira/dev/appdart/test/modules/drawing/drawing_state_machine_v3_phase2_test.dart: 🏭 DrawingStateMachineV3 — Fase 2: State Application 🎯 Cobertura Estado×Evento 👁️ De REVIEWING ✅ reviewing + confirm → idle
EVENT: selectTool → armed
EVENT: addPoint → drawing
EVENT: complete → reviewing
EVENT: confirm → idle
00:04 +291 -11: /Users/raudineisilvapereira/dev/appdart/test/modules/drawing/drawing_flow_widget_test.dart: FIX-DRAW-FLOW-02 — DrawingSheet Widget Flow ✅ Bottom Sheet deve exibir ferramentas
00:04 +291 -11: /Users/raudineisilvapereira/dev/appdart/test/modules/drawing/drawing_state_machine_v3_phase2_test.dart: 🏭 DrawingStateMachineV3 — Fase 2: State Application 🎯 Cobertura Estado×Evento 👁️ De REVIEWING ✅ reviewing + cancel → idle
EVENT: selectTool → armed
EVENT: addPoint → drawing
EVENT: complete → reviewing
EVENT: cancel → idle
00:04 +292 -11: /Users/raudineisilvapereira/dev/appdart/test/modules/drawing/drawing_flow_widget_test.dart: FIX-DRAW-FLOW-02 — DrawingSheet Widget Flow ✅ Bottom Sheet deve exibir ferramentas
00:04 +292 -11: /Users/raudineisilvapereira/dev/appdart/test/modules/drawing/drawing_state_machine_v3_phase2_test.dart: 🏭 DrawingStateMachineV3 — Fase 2: State Application 🎯 Cobertura Estado×Evento 👁️ De REVIEWING ✅ reviewing + startBooleanOp → booleanOperation
EVENT: selectTool → armed
EVENT: addPoint → drawing
EVENT: complete → reviewing
EVENT: startBooleanOp → booleanOperation
00:04 +293 -11: /Users/raudineisilvapereira/dev/appdart/test/modules/drawing/drawing_flow_widget_test.dart: FIX-DRAW-FLOW-02 — DrawingSheet Widget Flow ✅ Bottom Sheet deve exibir ferramentas
00:04 +293 -11: /Users/raudineisilvapereira/dev/appdart/test/modules/drawing/drawing_state_machine_v3_phase2_test.dart: 🏭 DrawingStateMachineV3 — Fase 2: State Application 🎯 Cobertura Estado×Evento 👁️ De REVIEWING ❌ reviewing + addPoint → INVÁLIDO
EVENT: selectTool → armed
EVENT: addPoint → drawing
EVENT: complete → reviewing
00:04 +294 -11: /Users/raudineisilvapereira/dev/appdart/test/modules/drawing/drawing_flow_widget_test.dart: FIX-DRAW-FLOW-02 — DrawingSheet Widget Flow ✅ Bottom Sheet deve exibir ferramentas
00:04 +294 -11: /Users/raudineisilvapereira/dev/appdart/test/modules/drawing/drawing_state_machine_v3_phase2_test.dart: 🏭 DrawingStateMachineV3 — Fase 2: State Application 🎯 Cobertura Estado×Evento 📝 De EDITING ✅ editing + saveEdit → reviewing
EVENT: startEdit → editing
EVENT: saveEdit → reviewing
00:04 +295 -11: /Users/raudineisilvapereira/dev/appdart/test/modules/drawing/drawing_flow_widget_test.dart: FIX-DRAW-FLOW-02 — DrawingSheet Widget Flow ✅ Bottom Sheet deve exibir ferramentas
00:04 +295 -11: /Users/raudineisilvapereira/dev/appdart/test/modules/drawing/drawing_state_machine_v3_phase2_test.dart: 🏭 DrawingStateMachineV3 — Fase 2: State Application 🎯 Cobertura Estado×Evento 📝 De EDITING ✅ editing + cancel → reviewing
EVENT: startEdit → editing
EVENT: cancel → reviewing
00:04 +296 -11: /Users/raudineisilvapereira/dev/appdart/test/modules/drawing/drawing_flow_widget_test.dart: FIX-DRAW-FLOW-02 — DrawingSheet Widget Flow ✅ Bottom Sheet deve exibir ferramentas
00:04 +296 -11: /Users/raudineisilvapereira/dev/appdart/test/modules/drawing/drawing_state_machine_v3_phase2_test.dart: 🏭 DrawingStateMachineV3 — Fase 2: State Application 🎯 Cobertura Estado×Evento 📝 De EDITING ❌ editing + addPoint → INVÁLIDO
EVENT: startEdit → editing
00:04 +297 -11: /Users/raudineisilvapereira/dev/appdart/test/modules/drawing/drawing_flow_widget_test.dart: FIX-DRAW-FLOW-02 — DrawingSheet Widget Flow ✅ Bottom Sheet deve exibir ferramentas
00:04 +297 -11: /Users/raudineisilvapereira/dev/appdart/test/modules/drawing/drawing_state_machine_v3_phase2_test.dart: 🏭 DrawingStateMachineV3 — Fase 2: State Application 🎯 Cobertura Estado×Evento 📥 De IMPORTPREVIEW ✅ importPreview + confirmImport → reviewing
EVENT: startImport → importPreview
EVENT: confirmImport → reviewing
00:04 +298 -11: /Users/raudineisilvapereira/dev/appdart/test/modules/drawing/drawing_flow_widget_test.dart: FIX-DRAW-FLOW-02 — DrawingSheet Widget Flow ✅ Bottom Sheet deve exibir ferramentas
00:04 +298 -11: /Users/raudineisilvapereira/dev/appdart/test/modules/drawing/drawing_state_machine_v3_phase2_test.dart: 🏭 DrawingStateMachineV3 — Fase 2: State Application 🎯 Cobertura Estado×Evento 📥 De IMPORTPREVIEW ✅ importPreview + cancel → idle
EVENT: startImport → importPreview
EVENT: cancel → idle
00:04 +299 -11: /Users/raudineisilvapereira/dev/appdart/test/modules/drawing/drawing_flow_widget_test.dart: FIX-DRAW-FLOW-02 — DrawingSheet Widget Flow ✅ Bottom Sheet deve exibir ferramentas
00:04 +299 -11: /Users/raudineisilvapereira/dev/appdart/test/modules/drawing/drawing_state_machine_v3_phase2_test.dart: 🏭 DrawingStateMachineV3 — Fase 2: State Application 🎯 Cobertura Estado×Evento 📥 De IMPORTPREVIEW ❌ importPreview + addPoint → INVÁLIDO
EVENT: startImport → importPreview
00:04 +300 -11: /Users/raudineisilvapereira/dev/appdart/test/modules/drawing/drawing_flow_widget_test.dart: FIX-DRAW-FLOW-02 — DrawingSheet Widget Flow ✅ Bottom Sheet deve exibir ferramentas
00:04 +300 -11: /Users/raudineisilvapereira/dev/appdart/test/modules/drawing/drawing_state_machine_v3_phase2_test.dart: 🏭 DrawingStateMachineV3 — Fase 2: State Application 🎯 Cobertura Estado×Evento 🔀 De BOOLEANOPERATION ✅ booleanOp + completeBooleanOp → reviewing
EVENT: selectTool → armed
EVENT: addPoint → drawing
EVENT: complete → reviewing
EVENT: startBooleanOp → booleanOperation
EVENT: completeBooleanOp → reviewing
00:04 +301 -11: /Users/raudineisilvapereira/dev/appdart/test/modules/drawing/drawing_flow_widget_test.dart: FIX-DRAW-FLOW-02 — DrawingSheet Widget Flow ✅ Bottom Sheet deve exibir ferramentas
00:04 +301 -11: /Users/raudineisilvapereira/dev/appdart/test/modules/drawing/drawing_state_machine_v3_phase2_test.dart: 🏭 DrawingStateMachineV3 — Fase 2: State Application 🎯 Cobertura Estado×Evento 🔀 De BOOLEANOPERATION ✅ booleanOp + cancel → idle
EVENT: selectTool → armed
EVENT: addPoint → drawing
EVENT: complete → reviewing
EVENT: startBooleanOp → booleanOperation
EVENT: cancel → idle
00:04 +302 -11: /Users/raudineisilvapereira/dev/appdart/test/modules/drawing/drawing_flow_widget_test.dart: FIX-DRAW-FLOW-02 — DrawingSheet Widget Flow ✅ Bottom Sheet deve exibir ferramentas
00:04 +302 -11: /Users/raudineisilvapereira/dev/appdart/test/modules/drawing/drawing_state_machine_v3_phase2_test.dart: 🏭 DrawingStateMachineV3 — Fase 2: State Application 🎯 Cobertura Estado×Evento 🔀 De BOOLEANOPERATION ❌ booleanOp + addPoint → INVÁLIDO
EVENT: selectTool → armed
EVENT: addPoint → drawing
EVENT: complete → reviewing
EVENT: startBooleanOp → booleanOperation
00:04 +303 -11: /Users/raudineisilvapereira/dev/appdart/test/modules/drawing/drawing_flow_widget_test.dart: FIX-DRAW-FLOW-02 — DrawingSheet Widget Flow ✅ Bottom Sheet deve exibir ferramentas
00:04 +303 -11: /Users/raudineisilvapereira/dev/appdart/test/modules/drawing/drawing_state_machine_v3_phase2_test.dart: 🏭 DrawingStateMachineV3 — Fase 2: State Application 🔄 Replay Determinístico Replay deve ser determinístico (mesmo resultado sempre)
EVENT: selectTool → armed
EVENT: addPoint → drawing
EVENT: addPoint → drawing
EVENT: complete → reviewing
00:04 +304 -11: /Users/raudineisilvapereira/dev/appdart/test/modules/drawing/drawing_flow_widget_test.dart: FIX-DRAW-FLOW-02 — DrawingSheet Widget Flow ✅ Bottom Sheet deve exibir ferramentas
00:04 +304 -11: /Users/raudineisilvapereira/dev/appdart/test/modules/drawing/drawing_state_machine_v3_phase2_test.dart: 🏭 DrawingStateMachineV3 — Fase 2: State Application 🔄 Replay Determinístico Replay após undo/redo deve ser consistente
EVENT: selectTool → armed
EVENT: addPoint → drawing
EVENT: complete → reviewing
UNDO: complete → drawing
REDO: complete → reviewing
00:04 +305 -11: /Users/raudineisilvapereira/dev/appdart/test/modules/drawing/drawing_flow_widget_test.dart: FIX-DRAW-FLOW-02 — DrawingSheet Widget Flow ✅ Bottom Sheet deve exibir ferramentas
00:04 +305 -11: /Users/raudineisilvapereira/dev/appdart/test/modules/drawing/drawing_state_machine_v3_phase2_test.dart: 🏭 DrawingStateMachineV3 — Fase 2: State Application 🔄 Replay Determinístico Replay parcial seguido de replay completo deve ser idempotente
EVENT: selectTool → armed
EVENT: addPoint → drawing
EVENT: addPoint → drawing
00:04 +306 -11: /Users/raudineisilvapereira/dev/appdart/test/modules/drawing/drawing_flow_widget_test.dart: FIX-DRAW-FLOW-02 — DrawingSheet Widget Flow ✅ Bottom Sheet deve exibir ferramentas
══╡ EXCEPTION CAUGHT BY RENDERING LIBRARY ╞═════════════════════════════════════════════════════════
The following assertion was thrown during layout:
A RenderFlex overflowed by 26 pixels on the bottom.

The relevant error-causing widget was:
  Column
  Column:file:///Users/raudineisilvapereira/dev/appdart/lib/modules/drawing/presentation/widgets/drawing_sheet.dart:146:33

The overflowing RenderFlex has an orientation of Axis.vertical.
The edge of the RenderFlex that is overflowing has been marked in the rendering with a yellow and
black striped pattern. This is usually caused by the contents being too big for the RenderFlex.
Consider applying a flex factor (e.g. using an Expanded widget) to force the children of the
RenderFlex to fit within the available space instead of being sized to their natural size.
This is considered an error condition because it indicates that there is content that cannot be
seen. If the content is legitimately bigger than the available space, consider clipping it with a
ClipRect widget before putting it in the flex, or using a scrollable container rather than a Flex,
like a ListView.
The specific RenderFlex in question is: RenderFlex#e4448 relayoutBoundary=up4 OVERFLOWING:
  creator: Column ← ListenableBuilder ← Flexible ← Column ← Padding ← DecoratedBox ← Container ←
    DrawingSheet ← KeyedSubtree-[GlobalKey#b1260] ← _BodyBuilder ← MediaQuery ←
    LayoutId-[<_ScaffoldSlot.body>] ← ⋯
  parentData: offset=Offset(0.0, 97.0); flex=1; fit=FlexFit.loose (can use size)
  constraints: BoxConstraints(w=800.0, 0.0<=h<=491.0)
  size: Size(800.0, 491.0)
  direction: vertical
  mainAxisAlignment: start
  mainAxisSize: min
  crossAxisAlignment: center
  verticalDirection: down
  spacing: 0.0
◢◤◢◤◢◤◢◤◢◤◢◤◢◤◢◤◢◤◢◤◢◤◢◤◢◤◢◤◢◤◢◤◢◤◢◤◢◤◢◤◢◤◢◤◢◤◢◤◢◤◢◤◢◤◢◤◢◤◢◤◢◤◢◤◢◤◢◤◢◤◢◤◢◤◢◤◢◤◢◤◢◤◢◤◢◤◢◤◢◤◢◤◢◤◢◤◢◤◢◤
════════════════════════════════════════════════════════════════════════════════════════════════════
00:04 +306 -12: /Users/raudineisilvapereira/dev/appdart/test/modules/drawing/drawing_flow_widget_test.dart: FIX-DRAW-FLOW-02 — DrawingSheet Widget Flow ✅ Bottom Sheet deve exibir ferramentas [E]
  Test failed. See exception logs above.
  The test description was: ✅ Bottom Sheet deve exibir ferramentas
  
00:04 +306 -12: /Users/raudineisilvapereira/dev/appdart/test/modules/drawing/drawing_flow_widget_test.dart: FIX-DRAW-FLOW-02 — DrawingSheet Widget Flow ✅ Tap em ferramenta deve ativar o controller
00:04 +307 -12: /Users/raudineisilvapereira/dev/appdart/test/modules/drawing/drawing_flow_widget_test.dart: FIX-DRAW-FLOW-02 — DrawingSheet Widget Flow ✅ Tap em ferramenta deve ativar o controller
00:04 +308 -12: /Users/raudineisilvapereira/dev/appdart/test/modules/drawing/drawing_flow_widget_test.dart: FIX-DRAW-FLOW-02 — DrawingSheet Widget Flow ✅ Tap em ferramenta deve ativar o controller
00:04 +309 -12: /Users/raudineisilvapereira/dev/appdart/test/modules/drawing/drawing_flow_widget_test.dart: FIX-DRAW-FLOW-02 — DrawingSheet Widget Flow ✅ Tap em ferramenta deve ativar o controller
00:04 +310 -12: /Users/raudineisilvapereira/dev/appdart/test/modules/drawing/drawing_flow_widget_test.dart: FIX-DRAW-FLOW-02 — DrawingSheet Widget Flow ✅ Tap em ferramenta deve ativar o controller
00:04 +311 -12: /Users/raudineisilvapereira/dev/appdart/test/modules/drawing/drawing_flow_widget_test.dart: FIX-DRAW-FLOW-02 — DrawingSheet Widget Flow ✅ Tap em ferramenta deve ativar o controller
00:04 +312 -12: /Users/raudineisilvapereira/dev/appdart/test/modules/drawing/drawing_flow_widget_test.dart: FIX-DRAW-FLOW-02 — DrawingSheet Widget Flow ✅ Tap em ferramenta deve ativar o controller
00:04 +313 -12: /Users/raudineisilvapereira/dev/appdart/test/modules/drawing/drawing_flow_widget_test.dart: FIX-DRAW-FLOW-02 — DrawingSheet Widget Flow ✅ Tap em ferramenta deve ativar o controller
00:04 +314 -12: /Users/raudineisilvapereira/dev/appdart/test/modules/drawing/drawing_flow_widget_test.dart: FIX-DRAW-FLOW-02 — DrawingSheet Widget Flow ✅ Tap em ferramenta deve ativar o controller
DRAW-DEBUG: selectTool(polygon) → DrawingTool.polygon
DRAW-DEBUG: Estado atual antes: idle
DRAW-DEBUG: Estado após startDrawing: armed
DRAW-DEBUG: Ferramenta: polygon
00:04 +315 -12: /Users/raudineisilvapereira/dev/appdart/test/modules/drawing/drawing_flow_widget_test.dart: FIX-DRAW-FLOW-02 — DrawingSheet Widget Flow ✅ Tap em ferramenta deve ativar o controller
00:04 +316 -12: /Users/raudineisilvapereira/dev/appdart/test/modules/drawing/drawing_flow_widget_test.dart: FIX-DRAW-FLOW-02 — DrawingSheet Widget Flow ✅ Tap em ferramenta deve ativar o controller
00:04 +317 -12: /Users/raudineisilvapereira/dev/appdart/test/modules/drawing/drawing_flow_widget_test.dart: FIX-DRAW-FLOW-02 — DrawingSheet Widget Flow ✅ Tap em ferramenta deve ativar o controller
00:04 +318 -12: /Users/raudineisilvapereira/dev/appdart/test/modules/drawing/drawing_flow_widget_test.dart: FIX-DRAW-FLOW-02 — DrawingSheet Widget Flow ✅ Tap em ferramenta deve ativar o controller
00:04 +319 -12: /Users/raudineisilvapereira/dev/appdart/test/modules/drawing/drawing_flow_widget_test.dart: FIX-DRAW-FLOW-02 — DrawingSheet Widget Flow ✅ Tap em ferramenta deve ativar o controller
00:04 +320 -12: /Users/raudineisilvapereira/dev/appdart/test/modules/drawing/drawing_flow_widget_test.dart: FIX-DRAW-FLOW-02 — DrawingSheet Widget Flow ✅ Tap em ferramenta deve ativar o controller
00:04 +321 -12: /Users/raudineisilvapereira/dev/appdart/test/modules/drawing/drawing_flow_widget_test.dart: FIX-DRAW-FLOW-02 — DrawingSheet Widget Flow ✅ Tap em ferramenta deve ativar o controller
00:04 +322 -12: /Users/raudineisilvapereira/dev/appdart/test/modules/drawing/drawing_flow_widget_test.dart: FIX-DRAW-FLOW-02 — DrawingSheet Widget Flow ✅ Tap em ferramenta deve ativar o controller
00:04 +323 -12: /Users/raudineisilvapereira/dev/appdart/test/modules/drawing/drawing_flow_widget_test.dart: FIX-DRAW-FLOW-02 — DrawingSheet Widget Flow ✅ Tap em ferramenta deve ativar o controller
00:04 +324 -12: /Users/raudineisilvapereira/dev/appdart/test/modules/drawing/drawing_flow_widget_test.dart: FIX-DRAW-FLOW-02 — DrawingSheet Widget Flow ✅ Tap em ferramenta deve ativar o controller
00:04 +324 -12: /Users/raudineisilvapereira/dev/appdart/test/modules/drawing/drawing_state_machine_v2_test.dart: 🏭 DrawingStateMachineV2 — Hermetic Tests ❌ De IDLE ✅ idle +  selectTool → armed
TRANSITION: armed
00:04 +325 -12: /Users/raudineisilvapereira/dev/appdart/test/modules/drawing/drawing_flow_widget_test.dart: FIX-DRAW-FLOW-02 — DrawingSheet Widget Flow ✅ Tap em ferramenta deve ativar o controller
00:04 +325 -12: /Users/raudineisilvapereira/dev/appdart/test/modules/drawing/drawing_state_machine_v2_test.dart: 🏭 DrawingStateMachineV2 — Hermetic Tests ❌ De IDLE ✅ idle + startEdit → editing
TRANSITION: editing
00:04 +326 -12: /Users/raudineisilvapereira/dev/appdart/test/modules/drawing/drawing_flow_widget_test.dart: FIX-DRAW-FLOW-02 — DrawingSheet Widget Flow ✅ Tap em ferramenta deve ativar o controller
00:04 +326 -12: /Users/raudineisilvapereira/dev/appdart/test/modules/drawing/drawing_state_machine_v2_test.dart: 🏭 DrawingStateMachineV2 — Hermetic Tests ❌ De IDLE ✅ idle + startImport → importPreview
TRANSITION: importPreview
00:04 +327 -12: /Users/raudineisilvapereira/dev/appdart/test/modules/drawing/drawing_flow_widget_test.dart: FIX-DRAW-FLOW-02 — DrawingSheet Widget Flow ✅ Tap em ferramenta deve ativar o controller
00:04 +328 -12: /Users/raudineisilvapereira/dev/appdart/test/modules/drawing/drawing_flow_widget_test.dart: FIX-DRAW-FLOW-02 — DrawingSheet Widget Flow ✅ Tap em ferramenta deve ativar o controller
00:04 +329 -12: /Users/raudineisilvapereira/dev/appdart/test/modules/drawing/drawing_flow_widget_test.dart: FIX-DRAW-FLOW-02 — DrawingSheet Widget Flow ✅ Tap em ferramenta deve ativar o controller
00:04 +330 -12: /Users/raudineisilvapereira/dev/appdart/test/modules/drawing/drawing_flow_widget_test.dart: FIX-DRAW-FLOW-02 — DrawingSheet Widget Flow ✅ Tap em ferramenta deve ativar o controller
00:04 +331 -12: /Users/raudineisilvapereira/dev/appdart/test/modules/drawing/drawing_flow_widget_test.dart: FIX-DRAW-FLOW-02 — DrawingSheet Widget Flow ✅ Tap em ferramenta deve ativar o controller
00:04 +331 -12: /Users/raudineisilvapereira/dev/appdart/test/modules/drawing/drawing_state_machine_v2_test.dart: 🏭 DrawingStateMachineV2 — Hermetic Tests 🔫 De ARMED ✅ armed + addPoint → drawing
TRANSITION: armed
TRANSITION: drawing
00:04 +332 -12: /Users/raudineisilvapereira/dev/appdart/test/modules/drawing/drawing_flow_widget_test.dart: FIX-DRAW-FLOW-02 — DrawingSheet Widget Flow ✅ Tap em ferramenta deve ativar o controller
00:04 +332 -12: /Users/raudineisilvapereira/dev/appdart/test/modules/drawing/drawing_state_machine_v2_test.dart: 🏭 DrawingStateMachineV2 — Hermetic Tests 🔫 De ARMED ✅ armed + selectTool → armed (trocar ferramenta)
TRANSITION: armed
TRANSITION: armed
00:04 +333 -12: /Users/raudineisilvapereira/dev/appdart/test/modules/drawing/drawing_flow_widget_test.dart: FIX-DRAW-FLOW-02 — DrawingSheet Widget Flow ✅ Tap em ferramenta deve ativar o controller
00:04 +333 -12: /Users/raudineisilvapereira/dev/appdart/test/modules/drawing/drawing_state_machine_v2_test.dart: 🏭 DrawingStateMachineV2 — Hermetic Tests 🔫 De ARMED ✅ armed + cancel → idle
TRANSITION: armed
00:04 +333 -12: /Users/raudineisilvapereira/dev/appdart/test/modules/drawing/drawing_flow_widget_test.dart: FIX-DRAW-FLOW-02 — DrawingSheet Widget Flow ✅ Tap em ferramenta deve ativar o controller
══╡ EXCEPTION CAUGHT BY RENDERING LIBRARY ╞═════════════════════════════════════════════════════════
The following assertion was thrown during layout:
A RenderFlex overflowed by 26 pixels on the bottom.

The relevant error-causing widget was:
  Column
  Column:file:///Users/raudineisilvapereira/dev/appdart/lib/modules/drawing/presentation/widgets/drawing_sheet.dart:146:33

The overflowing RenderFlex has an orientation of Axis.vertical.
The edge of the RenderFlex that is overflowing has been marked in the rendering with a yellow and
black striped pattern. This is usually caused by the contents being too big for the RenderFlex.
Consider applying a flex factor (e.g. using an Expanded widget) to force the children of the
RenderFlex to fit within the available space instead of being sized to their natural size.
This is considered an error condition because it indicates that there is content that cannot be
seen. If the content is legitimately bigger than the available space, consider clipping it with a
ClipRect widget before putting it in the flex, or using a scrollable container rather than a Flex,
like a ListView.
The specific RenderFlex in question is: RenderFlex#259fb relayoutBoundary=up4 OVERFLOWING:
  creator: Column ← ListenableBuilder ← Flexible ← Column ← Padding ← DecoratedBox ← Container ←
    DrawingSheet ← KeyedSubtree-[GlobalKey#285a0] ← _BodyBuilder ← MediaQuery ←
    LayoutId-[<_ScaffoldSlot.body>] ← ⋯
  parentData: offset=Offset(0.0, 97.0); flex=1; fit=FlexFit.loose (can use size)
  constraints: BoxConstraints(w=800.0, 0.0<=h<=491.0)
  size: Size(800.0, 491.0)
  direction: vertical
  mainAxisAlignment: start
  mainAxisSize: min
  crossAxisAlignment: center
  verticalDirection: down
  spacing: 0.0
◢◤◢◤◢◤◢◤◢◤◢◤◢◤◢◤◢◤◢◤◢◤◢◤◢◤◢◤◢◤◢◤◢◤◢◤◢◤◢◤◢◤◢◤◢◤◢◤◢◤◢◤◢◤◢◤◢◤◢◤◢◤◢◤◢◤◢◤◢◤◢◤◢◤◢◤◢◤◢◤◢◤◢◤◢◤◢◤◢◤◢◤◢◤◢◤◢◤◢◤
════════════════════════════════════════════════════════════════════════════════════════════════════
00:04 +333 -13: /Users/raudineisilvapereira/dev/appdart/test/modules/drawing/drawing_state_machine_v2_test.dart: 🏭 DrawingStateMachineV2 — Hermetic Tests 🔫 De ARMED ✅ armed + cancel → idle
TRANSITION: idle
00:04 +334 -13: /Users/raudineisilvapereira/dev/appdart/test/modules/drawing/drawing_flow_widget_test.dart: FIX-DRAW-FLOW-02 — DrawingSheet Widget Flow ✅ Tap em ferramenta deve ativar o controller [E]
  Test failed. See exception logs above.
  The test description was: ✅ Tap em ferramenta deve ativar o controller
  
00:04 +334 -13: /Users/raudineisilvapereira/dev/appdart/test/modules/drawing/drawing_state_machine_v2_test.dart: 🏭 DrawingStateMachineV2 — Hermetic Tests 🔫 De ARMED ✅ armed + undo → idle
TRANSITION: armed
UNDO: idle
00:04 +335 -13: /Users/raudineisilvapereira/dev/appdart/test/modules/drawing/drawing_flow_widget_test.dart: FIX-DRAW-FLOW-02 — DrawingSheet Widget Flow 🚪 Bottom Sheet modal deve fechar ao selecionar ferramenta
00:04 +335 -13: /Users/raudineisilvapereira/dev/appdart/test/modules/drawing/drawing_state_machine_v2_test.dart: 🏭 DrawingStateMachineV2 — Hermetic Tests 🔫 De ARMED ❌ armed + complete → INVÁLIDO
TRANSITION: armed
00:04 +336 -13: /Users/raudineisilvapereira/dev/appdart/test/modules/drawing/drawing_flow_widget_test.dart: FIX-DRAW-FLOW-02 — DrawingSheet Widget Flow 🚪 Bottom Sheet modal deve fechar ao selecionar ferramenta
00:04 +336 -13: /Users/raudineisilvapereira/dev/appdart/test/modules/drawing/drawing_state_machine_v2_test.dart: 🏭 DrawingStateMachineV2 — Hermetic Tests 🔫 De ARMED ❌ armed + startEdit → INVÁLIDO
TRANSITION: armed
00:04 +337 -13: /Users/raudineisilvapereira/dev/appdart/test/modules/drawing/drawing_flow_widget_test.dart: FIX-DRAW-FLOW-02 — DrawingSheet Widget Flow 🚪 Bottom Sheet modal deve fechar ao selecionar ferramenta
00:04 +337 -13: /Users/raudineisilvapereira/dev/appdart/test/modules/drawing/drawing_state_machine_v2_test.dart: 🏭 DrawingStateMachineV2 — Hermetic Tests ✏️ De DRAWING ✅ drawing + addPoint → drawing (mais pontos)
TRANSITION: armed
TRANSITION: drawing
TRANSITION: drawing
00:04 +338 -13: /Users/raudineisilvapereira/dev/appdart/test/modules/drawing/drawing_flow_widget_test.dart: FIX-DRAW-FLOW-02 — DrawingSheet Widget Flow 🚪 Bottom Sheet modal deve fechar ao selecionar ferramenta
00:04 +338 -13: /Users/raudineisilvapereira/dev/appdart/test/modules/drawing/drawing_state_machine_v2_test.dart: 🏭 DrawingStateMachineV2 — Hermetic Tests ✏️ De DRAWING ✅ drawing + undo → drawing (remove ponto)
TRANSITION: armed
TRANSITION: drawing
TRANSITION: drawing
UNDO: drawing
00:04 +339 -13: /Users/raudineisilvapereira/dev/appdart/test/modules/drawing/drawing_flow_widget_test.dart: FIX-DRAW-FLOW-02 — DrawingSheet Widget Flow 🚪 Bottom Sheet modal deve fechar ao selecionar ferramenta
00:04 +339 -13: /Users/raudineisilvapereira/dev/appdart/test/modules/drawing/drawing_state_machine_v2_test.dart: 🏭 DrawingStateMachineV2 — Hermetic Tests ✏️ De DRAWING ✅ drawing + undo (último ponto) → armed
TRANSITION: armed
TRANSITION: drawing
UNDO: armed
00:04 +340 -13: /Users/raudineisilvapereira/dev/appdart/test/modules/drawing/drawing_flow_widget_test.dart: FIX-DRAW-FLOW-02 — DrawingSheet Widget Flow 🚪 Bottom Sheet modal deve fechar ao selecionar ferramenta
00:04 +340 -13: /Users/raudineisilvapereira/dev/appdart/test/modules/drawing/drawing_state_machine_v2_test.dart: 🏭 DrawingStateMachineV2 — Hermetic Tests ✏️ De DRAWING ✅ drawing + complete → reviewing
TRANSITION: armed
TRANSITION: drawing
TRANSITION: reviewing
00:04 +341 -13: /Users/raudineisilvapereira/dev/appdart/test/modules/drawing/drawing_flow_widget_test.dart: FIX-DRAW-FLOW-02 — DrawingSheet Widget Flow 🚪 Bottom Sheet modal deve fechar ao selecionar ferramenta
00:04 +341 -13: /Users/raudineisilvapereira/dev/appdart/test/modules/drawing/drawing_state_machine_v2_test.dart: 🏭 DrawingStateMachineV2 — Hermetic Tests ✏️ De DRAWING ✅ drawing + cancel → idle
TRANSITION: armed
TRANSITION: drawing
TRANSITION: idle
00:04 +342 -13: /Users/raudineisilvapereira/dev/appdart/test/modules/drawing/drawing_flow_widget_test.dart: FIX-DRAW-FLOW-02 — DrawingSheet Widget Flow 🚪 Bottom Sheet modal deve fechar ao selecionar ferramenta
00:04 +342 -13: /Users/raudineisilvapereira/dev/appdart/test/modules/drawing/drawing_state_machine_v2_test.dart: 🏭 DrawingStateMachineV2 — Hermetic Tests ✏️ De DRAWING ❌ drawing + selectTool → BLOQUEADO (não na matriz)
TRANSITION: armed
TRANSITION: drawing
00:04 +343 -13: /Users/raudineisilvapereira/dev/appdart/test/modules/drawing/drawing_flow_widget_test.dart: FIX-DRAW-FLOW-02 — DrawingSheet Widget Flow 🚪 Bottom Sheet modal deve fechar ao selecionar ferramenta
00:04 +343 -13: /Users/raudineisilvapereira/dev/appdart/test/modules/drawing/drawing_state_machine_v2_test.dart: 🏭 DrawingStateMachineV2 — Hermetic Tests ✏️ De DRAWING ❌ drawing + startEdit → INVÁLIDO
TRANSITION: armed
TRANSITION: drawing
00:04 +344 -13: /Users/raudineisilvapereira/dev/appdart/test/modules/drawing/drawing_flow_widget_test.dart: FIX-DRAW-FLOW-02 — DrawingSheet Widget Flow 🚪 Bottom Sheet modal deve fechar ao selecionar ferramenta
00:04 +344 -13: /Users/raudineisilvapereira/dev/appdart/test/modules/drawing/drawing_state_machine_v2_test.dart: 🏭 DrawingStateMachineV2 — Hermetic Tests 👁️ De REVIEWING ✅ reviewing + startEdit → editing
TRANSITION: armed
TRANSITION: drawing
TRANSITION: reviewing
TRANSITION: editing
00:04 +345 -13: /Users/raudineisilvapereira/dev/appdart/test/modules/drawing/drawing_flow_widget_test.dart: FIX-DRAW-FLOW-02 — DrawingSheet Widget Flow 🚪 Bottom Sheet modal deve fechar ao selecionar ferramenta
00:04 +345 -13: /Users/raudineisilvapereira/dev/appdart/test/modules/drawing/drawing_state_machine_v2_test.dart: 🏭 DrawingStateMachineV2 — Hermetic Tests 👁️ De REVIEWING ✅ reviewing + confirm → idle
TRANSITION: armed
TRANSITION: drawing
TRANSITION: reviewing
TRANSITION: idle
00:04 +346 -13: /Users/raudineisilvapereira/dev/appdart/test/modules/drawing/drawing_flow_widget_test.dart: FIX-DRAW-FLOW-02 — DrawingSheet Widget Flow 🚪 Bottom Sheet modal deve fechar ao selecionar ferramenta
00:04 +346 -13: /Users/raudineisilvapereira/dev/appdart/test/modules/drawing/drawing_state_machine_v2_test.dart: 🏭 DrawingStateMachineV2 — Hermetic Tests 👁️ De REVIEWING ✅ reviewing + cancel → idle
TRANSITION: armed
TRANSITION: drawing
TRANSITION: reviewing
TRANSITION: idle
00:04 +347 -13: /Users/raudineisilvapereira/dev/appdart/test/modules/drawing/drawing_flow_widget_test.dart: FIX-DRAW-FLOW-02 — DrawingSheet Widget Flow 🚪 Bottom Sheet modal deve fechar ao selecionar ferramenta
00:04 +347 -13: /Users/raudineisilvapereira/dev/appdart/test/modules/drawing/drawing_state_machine_v2_test.dart: 🏭 DrawingStateMachineV2 — Hermetic Tests 👁️ De REVIEWING ✅ reviewing + startBooleanOp → booleanOperation
TRANSITION: armed
TRANSITION: drawing
TRANSITION: reviewing
TRANSITION: booleanOperation
00:04 +348 -13: /Users/raudineisilvapereira/dev/appdart/test/modules/drawing/drawing_flow_widget_test.dart: FIX-DRAW-FLOW-02 — DrawingSheet Widget Flow 🚪 Bottom Sheet modal deve fechar ao selecionar ferramenta
00:04 +348 -13: /Users/raudineisilvapereira/dev/appdart/test/modules/drawing/drawing_state_machine_v2_test.dart: 🏭 DrawingStateMachineV2 — Hermetic Tests 👁️ De REVIEWING ❌ reviewing + addPoint → INVÁLIDO
TRANSITION: armed
TRANSITION: drawing
TRANSITION: reviewing
00:04 +349 -13: /Users/raudineisilvapereira/dev/appdart/test/modules/drawing/drawing_flow_widget_test.dart: FIX-DRAW-FLOW-02 — DrawingSheet Widget Flow 🚪 Bottom Sheet modal deve fechar ao selecionar ferramenta
00:04 +349 -13: /Users/raudineisilvapereira/dev/appdart/test/modules/drawing/drawing_state_machine_v2_test.dart: 🏭 DrawingStateMachineV2 — Hermetic Tests 👁️ De REVIEWING ❌ reviewing + selectTool → INVÁLIDO
TRANSITION: armed
TRANSITION: drawing
TRANSITION: reviewing
00:04 +350 -13: /Users/raudineisilvapereira/dev/appdart/test/modules/drawing/drawing_flow_widget_test.dart: FIX-DRAW-FLOW-02 — DrawingSheet Widget Flow 🚪 Bottom Sheet modal deve fechar ao selecionar ferramenta
00:04 +350 -13: /Users/raudineisilvapereira/dev/appdart/test/modules/drawing/drawing_state_machine_v2_test.dart: 🏭 DrawingStateMachineV2 — Hermetic Tests 📝 De EDITING ✅ editing + saveEdit → reviewing
TRANSITION: editing
TRANSITION: reviewing
00:04 +351 -13: /Users/raudineisilvapereira/dev/appdart/test/modules/drawing/drawing_flow_widget_test.dart: FIX-DRAW-FLOW-02 — DrawingSheet Widget Flow 🚪 Bottom Sheet modal deve fechar ao selecionar ferramenta
00:04 +351 -13: /Users/raudineisilvapereira/dev/appdart/test/modules/drawing/drawing_state_machine_v2_test.dart: 🏭 DrawingStateMachineV2 — Hermetic Tests 📝 De EDITING ✅ editing + cancel → reviewing (🔧 FIX aplicado)
TRANSITION: editing
TRANSITION: reviewing
00:04 +352 -13: /Users/raudineisilvapereira/dev/appdart/test/modules/drawing/drawing_flow_widget_test.dart: FIX-DRAW-FLOW-02 — DrawingSheet Widget Flow 🚪 Bottom Sheet modal deve fechar ao selecionar ferramenta
00:04 +352 -13: /Users/raudineisilvapereira/dev/appdart/test/modules/drawing/drawing_state_machine_v2_test.dart: 🏭 DrawingStateMachineV2 — Hermetic Tests 📝 De EDITING ✅ editing + undo → idle (volta ao estado anterior)
TRANSITION: editing
UNDO: idle
00:04 +353 -13: /Users/raudineisilvapereira/dev/appdart/test/modules/drawing/drawing_flow_widget_test.dart: FIX-DRAW-FLOW-02 — DrawingSheet Widget Flow 🚪 Bottom Sheet modal deve fechar ao selecionar ferramenta
00:04 +353 -13: /Users/raudineisilvapereira/dev/appdart/test/modules/drawing/drawing_state_machine_v2_test.dart: 🏭 DrawingStateMachineV2 — Hermetic Tests 📝 De EDITING ✅ editing + redo → editing (após undo)
TRANSITION: editing
UNDO: idle
REDO: editing
00:04 +354 -13: /Users/raudineisilvapereira/dev/appdart/test/modules/drawing/drawing_flow_widget_test.dart: FIX-DRAW-FLOW-02 — DrawingSheet Widget Flow 🚪 Bottom Sheet modal deve fechar ao selecionar ferramenta
00:04 +354 -13: /Users/raudineisilvapereira/dev/appdart/test/modules/drawing/drawing_state_machine_v2_test.dart: 🏭 DrawingStateMachineV2 — Hermetic Tests 📝 De EDITING ❌ editing + addPoint → INVÁLIDO
TRANSITION: editing
00:04 +355 -13: /Users/raudineisilvapereira/dev/appdart/test/modules/drawing/drawing_flow_widget_test.dart: FIX-DRAW-FLOW-02 — DrawingSheet Widget Flow 🚪 Bottom Sheet modal deve fechar ao selecionar ferramenta
00:04 +355 -13: /Users/raudineisilvapereira/dev/appdart/test/modules/drawing/drawing_state_machine_v2_test.dart: 🏭 DrawingStateMachineV2 — Hermetic Tests 📝 De EDITING ❌ editing + selectTool → INVÁLIDO
TRANSITION: editing
00:04 +356 -13: /Users/raudineisilvapereira/dev/appdart/test/modules/drawing/drawing_flow_widget_test.dart: FIX-DRAW-FLOW-02 — DrawingSheet Widget Flow 🚪 Bottom Sheet modal deve fechar ao selecionar ferramenta
00:04 +356 -13: /Users/raudineisilvapereira/dev/appdart/test/modules/drawing/drawing_state_machine_v2_test.dart: 🏭 DrawingStateMachineV2 — Hermetic Tests 📥 De IMPORTPREVIEW ✅ importPreview + confirmImport → reviewing
TRANSITION: importPreview
TRANSITION: reviewing
00:04 +357 -13: /Users/raudineisilvapereira/dev/appdart/test/modules/drawing/drawing_flow_widget_test.dart: FIX-DRAW-FLOW-02 — DrawingSheet Widget Flow 🚪 Bottom Sheet modal deve fechar ao selecionar ferramenta
00:04 +357 -13: /Users/raudineisilvapereira/dev/appdart/test/modules/drawing/drawing_state_machine_v2_test.dart: 🏭 DrawingStateMachineV2 — Hermetic Tests 📥 De IMPORTPREVIEW ✅ importPreview + cancel → idle
TRANSITION: importPreview
TRANSITION: idle
00:04 +358 -13: /Users/raudineisilvapereira/dev/appdart/test/modules/drawing/drawing_flow_widget_test.dart: FIX-DRAW-FLOW-02 — DrawingSheet Widget Flow 🚪 Bottom Sheet modal deve fechar ao selecionar ferramenta
00:04 +358 -13: /Users/raudineisilvapereira/dev/appdart/test/modules/drawing/drawing_state_machine_v2_test.dart: 🏭 DrawingStateMachineV2 — Hermetic Tests 📥 De IMPORTPREVIEW ❌ importPreview + addPoint → INVÁLIDO
TRANSITION: importPreview
00:04 +359 -13: /Users/raudineisilvapereira/dev/appdart/test/modules/drawing/drawing_flow_widget_test.dart: FIX-DRAW-FLOW-02 — DrawingSheet Widget Flow 🚪 Bottom Sheet modal deve fechar ao selecionar ferramenta
00:04 +359 -13: /Users/raudineisilvapereira/dev/appdart/test/modules/drawing/drawing_state_machine_v2_test.dart: 🏭 DrawingStateMachineV2 — Hermetic Tests 📥 De IMPORTPREVIEW ❌ importPreview + startEdit → INVÁLIDO
TRANSITION: importPreview
00:04 +360 -13: /Users/raudineisilvapereira/dev/appdart/test/modules/drawing/drawing_flow_widget_test.dart: FIX-DRAW-FLOW-02 — DrawingSheet Widget Flow 🚪 Bottom Sheet modal deve fechar ao selecionar ferramenta
00:04 +360 -13: /Users/raudineisilvapereira/dev/appdart/test/modules/drawing/drawing_state_machine_v2_test.dart: 🏭 DrawingStateMachineV2 — Hermetic Tests 🔀 De BOOLEANOPERATION ✅ booleanOp + completeBooleanOp → reviewing
TRANSITION: armed
TRANSITION: drawing
TRANSITION: reviewing
TRANSITION: booleanOperation
TRANSITION: reviewing
00:04 +361 -13: /Users/raudineisilvapereira/dev/appdart/test/modules/drawing/drawing_flow_widget_test.dart: FIX-DRAW-FLOW-02 — DrawingSheet Widget Flow 🚪 Bottom Sheet modal deve fechar ao selecionar ferramenta
00:04 +361 -13: /Users/raudineisilvapereira/dev/appdart/test/modules/drawing/drawing_state_machine_v2_test.dart: 🏭 DrawingStateMachineV2 — Hermetic Tests 🔀 De BOOLEANOPERATION ✅ booleanOp + cancel → idle
TRANSITION: armed
TRANSITION: drawing
TRANSITION: reviewing
TRANSITION: booleanOperation
TRANSITION: idle
00:04 +362 -13: /Users/raudineisilvapereira/dev/appdart/test/modules/drawing/drawing_flow_widget_test.dart: FIX-DRAW-FLOW-02 — DrawingSheet Widget Flow 🚪 Bottom Sheet modal deve fechar ao selecionar ferramenta
00:04 +362 -13: /Users/raudineisilvapereira/dev/appdart/test/modules/drawing/drawing_state_machine_v2_test.dart: 🏭 DrawingStateMachineV2 — Hermetic Tests 🔀 De BOOLEANOPERATION ❌ booleanOp + addPoint → INVÁLIDO
TRANSITION: armed
TRANSITION: drawing
TRANSITION: reviewing
TRANSITION: booleanOperation
00:04 +363 -13: /Users/raudineisilvapereira/dev/appdart/test/modules/drawing/drawing_flow_widget_test.dart: FIX-DRAW-FLOW-02 — DrawingSheet Widget Flow 🚪 Bottom Sheet modal deve fechar ao selecionar ferramenta
00:04 +363 -13: /Users/raudineisilvapereira/dev/appdart/test/modules/drawing/drawing_state_machine_v2_test.dart: 🏭 DrawingStateMachineV2 — Hermetic Tests 🔀 De BOOLEANOPERATION ❌ booleanOp + startEdit → INVÁLIDO
TRANSITION: armed
TRANSITION: drawing
TRANSITION: reviewing
TRANSITION: booleanOperation
00:04 +364 -13: /Users/raudineisilvapereira/dev/appdart/test/modules/drawing/drawing_flow_widget_test.dart: FIX-DRAW-FLOW-02 — DrawingSheet Widget Flow 🚪 Bottom Sheet modal deve fechar ao selecionar ferramenta
00:04 +364 -13: /Users/raudineisilvapereira/dev/appdart/test/modules/drawing/drawing_state_machine_v2_test.dart: 🏭 DrawingStateMachineV2 — Hermetic Tests 🔁 Undo/Redo Formal undo em sequência deve voltar estados corretamente
TRANSITION: armed
TRANSITION: drawing
TRANSITION: drawing
UNDO: drawing
UNDO: armed
UNDO: idle
00:04 +365 -13: /Users/raudineisilvapereira/dev/appdart/test/modules/drawing/drawing_flow_widget_test.dart: FIX-DRAW-FLOW-02 — DrawingSheet Widget Flow 🚪 Bottom Sheet modal deve fechar ao selecionar ferramenta
00:04 +365 -13: /Users/raudineisilvapereira/dev/appdart/test/modules/drawing/drawing_state_machine_v2_test.dart: 🏭 DrawingStateMachineV2 — Hermetic Tests 🔁 Undo/Redo Formal redo deve refazer ações desfeitas
TRANSITION: armed
TRANSITION: drawing
UNDO: armed
REDO: drawing
00:04 +366 -13: /Users/raudineisilvapereira/dev/appdart/test/modules/drawing/drawing_flow_widget_test.dart: FIX-DRAW-FLOW-02 — DrawingSheet Widget Flow 🚪 Bottom Sheet modal deve fechar ao selecionar ferramenta
00:04 +366 -13: /Users/raudineisilvapereira/dev/appdart/test/modules/drawing/drawing_state_machine_v2_test.dart: 🏭 DrawingStateMachineV2 — Hermetic Tests 🔁 Undo/Redo Formal nova ação deve limpar redo stack
TRANSITION: armed
TRANSITION: drawing
UNDO: armed
TRANSITION: drawing
00:04 +367 -13: /Users/raudineisilvapereira/dev/appdart/test/modules/drawing/drawing_flow_widget_test.dart: FIX-DRAW-FLOW-02 — DrawingSheet Widget Flow 🚪 Bottom Sheet modal deve fechar ao selecionar ferramenta
00:04 +368 -13: /Users/raudineisilvapereira/dev/appdart/test/modules/drawing/drawing_flow_widget_test.dart: FIX-DRAW-FLOW-02 — DrawingSheet Widget Flow 🚪 Bottom Sheet modal deve fechar ao selecionar ferramenta
00:04 +369 -13: /Users/raudineisilvapereira/dev/appdart/test/modules/drawing/drawing_flow_widget_test.dart: FIX-DRAW-FLOW-02 — DrawingSheet Widget Flow 🚪 Bottom Sheet modal deve fechar ao selecionar ferramenta
00:04 +370 -13: /Users/raudineisilvapereira/dev/appdart/test/modules/drawing/drawing_flow_widget_test.dart: FIX-DRAW-FLOW-02 — DrawingSheet Widget Flow 🚪 Bottom Sheet modal deve fechar ao selecionar ferramenta
00:04 +371 -13: /Users/raudineisilvapereira/dev/appdart/test/modules/drawing/drawing_flow_widget_test.dart: FIX-DRAW-FLOW-02 — DrawingSheet Widget Flow 🚪 Bottom Sheet modal deve fechar ao selecionar ferramenta
00:04 +371 -13: /Users/raudineisilvapereira/dev/appdart/test/modules/drawing/drawing_state_machine_v2_test.dart: 🏭 DrawingStateMachineV2 — Hermetic Tests 🔒 Validation reset deve voltar ao estado inicial
TRANSITION: armed
TRANSITION: drawing
RESET: máquina reiniciada
00:04 +372 -13: /Users/raudineisilvapereira/dev/appdart/test/modules/drawing/drawing_flow_widget_test.dart: FIX-DRAW-FLOW-02 — DrawingSheet Widget Flow 🚪 Bottom Sheet modal deve fechar ao selecionar ferramenta
00:04 +373 -13: /Users/raudineisilvapereira/dev/appdart/test/modules/drawing/drawing_flow_widget_test.dart: FIX-DRAW-FLOW-02 — DrawingSheet Widget Flow 🚪 Bottom Sheet modal deve fechar ao selecionar ferramenta
00:04 +373 -13: /Users/raudineisilvapereira/dev/appdart/test/modules/drawing/drawing_state_machine_v2_test.dart: 🏭 DrawingStateMachineV2 — Hermetic Tests 🔐 Immutability currentContext sempre retorna instância válida
TRANSITION: armed
00:04 +374 -13: /Users/raudineisilvapereira/dev/appdart/test/modules/drawing/drawing_flow_widget_test.dart: FIX-DRAW-FLOW-02 — DrawingSheet Widget Flow 🚪 Bottom Sheet modal deve fechar ao selecionar ferramenta
DRAW-DEBUG: selectTool(polygon) → DrawingTool.polygon
DRAW-DEBUG: Estado atual antes: idle
DRAW-DEBUG: Estado após startDrawing: armed
DRAW-DEBUG: Ferramenta: polygon
══╡ EXCEPTION CAUGHT BY RENDERING LIBRARY ╞═════════════════════════════════════════════════════════
The following assertion was thrown during layout:
A RenderFlex overflowed by 289 pixels on the bottom.

The overflowing RenderFlex has an orientation of Axis.vertical.
The edge of the RenderFlex that is overflowing has been marked in the rendering with a yellow and
black striped pattern. This is usually caused by the contents being too big for the RenderFlex.
Consider applying a flex factor (e.g. using an Expanded widget) to force the children of the
RenderFlex to fit within the available space instead of being sized to their natural size.
This is considered an error condition because it indicates that there is content that cannot be
seen. If the content is legitimately bigger than the available space, consider clipping it with a
ClipRect widget before putting it in the flex, or using a scrollable container rather than a Flex,
like a ListView.
The specific RenderFlex in question is: RenderFlex#db745 DISPOSED OVERFLOWING:
  creator: MultiChildRenderObjectElement#b7944(DEFUNCT) ← StatefulElement#a8a26(DEFUNCT) ←
    ParentDataElement<FlexParentData>#a978e(DEFUNCT) ← MultiChildRenderObjectElement#b2026(DEFUNCT) ←
    SingleChildRenderObjectElement#38969(DEFUNCT) ← SingleChildRenderObjectElement#e6025(DEFUNCT) ←
    StatelessElement#bf4f9(DEFUNCT) ← ConsumerStatefulElement#429b2(DEFUNCT) ←
    _NotificationElement<DraggableScrollableNotification>#c996f(DEFUNCT) ←
    InheritedElement#92919(DEFUNCT) ← StatefulElement#d4e3f(DEFUNCT) ←
    SingleChildRenderObjectElement#e5a2d(DEFUNCT) ← ⋯
  parentData: offset=Offset(0.0, 97.0); flex=1; fit=FlexFit.loose (can use size)
  constraints: BoxConstraints(w=640.0, 0.0<=h<=228.5)
  size: Size(640.0, 228.5)
  direction: vertical
  mainAxisAlignment: start
  mainAxisSize: min
  crossAxisAlignment: center
  verticalDirection: down
  spacing: 0.0
◢◤◢◤◢◤◢◤◢◤◢◤◢◤◢◤◢◤◢◤◢◤◢◤◢◤◢◤◢◤◢◤◢◤◢◤◢◤◢◤◢◤◢◤◢◤◢◤◢◤◢◤◢◤◢◤◢◤◢◤◢◤◢◤◢◤◢◤◢◤◢◤◢◤◢◤◢◤◢◤◢◤◢◤◢◤◢◤◢◤◢◤◢◤◢◤◢◤◢◤
════════════════════════════════════════════════════════════════════════════════════════════════════
00:04 +374 -14: /Users/raudineisilvapereira/dev/appdart/test/modules/drawing/drawing_flow_widget_test.dart: FIX-DRAW-FLOW-02 — DrawingSheet Widget Flow 🚪 Bottom Sheet modal deve fechar ao selecionar ferramenta [E]
  Test failed. See exception logs above.
  The test description was: 🚪 Bottom Sheet modal deve fechar ao selecionar ferramenta
  
══╡ EXCEPTION CAUGHT BY WIDGET INSPECTOR ╞══════════════════════════════════════════════════════════
The following assertion was thrown:
Looking up a deactivated widget's ancestor is unsafe.
At this point the state of the widget's element tree is no longer stable.
To safely refer to a widget's ancestor in its dispose() method, save a reference to the ancestor by
calling dependOnInheritedWidgetOfExactType() in the widget's didChangeDependencies() method.

When the exception was thrown, this was the stack:
#0      Element._debugCheckStateIsActiveForAncestorLookup.<anonymous closure> (package:flutter/src/widgets/framework.dart:5049:9)
#1      Element._debugCheckStateIsActiveForAncestorLookup (package:flutter/src/widgets/framework.dart:5063:6)
#2      Element.visitAncestorElements (package:flutter/src/widgets/framework.dart:5174:12)
#3      _describeRelevantUserCode (package:flutter/src/widgets/widget_inspector.dart:4236:13)
#4      _parseDiagnosticsNode (package:flutter/src/widgets/widget_inspector.dart:4155:12)
#5      debugTransformDebugCreator (package:flutter/src/widgets/widget_inspector.dart:4134:21)
#6      _FlutterErrorDetailsNode.builder (package:flutter/src/foundation/assertions.dart:1310:31)
#7      DiagnosticableNode.getProperties (package:flutter/src/foundation/diagnostics.dart:2943:68)
#8      TextTreeRenderer._debugRender (package:flutter/src/foundation/diagnostics.dart:1270:63)
#9      TextTreeRenderer.render (package:flutter/src/foundation/diagnostics.dart:1137:14)
#10     FlutterError.dumpErrorToConsole (package:flutter/src/foundation/assertions.dart:1040:13)
#11     _defaultTestExceptionReporter (package:flutter_test/src/test_exception_reporter.dart:29:16)
#12     TestWidgetsFlutterBinding._createTestCompletionHandler.<anonymous closure> (package:flutter_test/src/binding.dart:1444:28)
<asynchronous suspension>
(elided 8 frames from dart:async and package:stack_trace)

This exception was caught while trying to describe the user-relevant code of another error.
════════════════════════════════════════════════════════════════════════════════════════════════════
══╡ EXCEPTION CAUGHT BY WIDGET INSPECTOR ╞══════════════════════════════════════════════════════════
The following assertion was thrown:
Looking up a deactivated widget's ancestor is unsafe.
At this point the state of the widget's element tree is no longer stable.
To safely refer to a widget's ancestor in its dispose() method, save a reference to the ancestor by
calling dependOnInheritedWidgetOfExactType() in the widget's didChangeDependencies() method.

When the exception was thrown, this was the stack:
#0      Element._debugCheckStateIsActiveForAncestorLookup.<anonymous closure> (package:flutter/src/widgets/framework.dart:5049:9)
#1      Element._debugCheckStateIsActiveForAncestorLookup (package:flutter/src/widgets/framework.dart:5063:6)
#2      Element.visitAncestorElements (package:flutter/src/widgets/framework.dart:5174:12)
#3      _describeRelevantUserCode (package:flutter/src/widgets/widget_inspector.dart:4236:13)
#4      _parseDiagnosticsNode (package:flutter/src/widgets/widget_inspector.dart:4155:12)
#5      debugTransformDebugCreator (package:flutter/src/widgets/widget_inspector.dart:4134:21)
#6      _FlutterErrorDetailsNode.builder (package:flutter/src/foundation/assertions.dart:1310:31)
#7      DiagnosticableNode.emptyBodyDescription (package:flutter/src/foundation/diagnostics.dart:2939:45)
#8      TextTreeRenderer._debugRender (package:flutter/src/foundation/diagnostics.dart:1307:14)
#9      TextTreeRenderer.render (package:flutter/src/foundation/diagnostics.dart:1137:14)
#10     FlutterError.dumpErrorToConsole (package:flutter/src/foundation/assertions.dart:1040:13)
#11     _defaultTestExceptionReporter (package:flutter_test/src/test_exception_reporter.dart:29:16)
#12     TestWidgetsFlutterBinding._createTestCompletionHandler.<anonymous closure> (package:flutter_test/src/binding.dart:1444:28)
<asynchronous suspension>
(elided 8 frames from dart:async and package:stack_trace)

This exception was caught while trying to describe the user-relevant code of another error.
════════════════════════════════════════════════════════════════════════════════════════════════════
00:04 +374 -14: /Users/raudineisilvapereira/dev/appdart/test/modules/drawing/drawing_flow_widget_test.dart: FIX-DRAW-FLOW-02 — DrawingSheet Widget Flow 📝 InstructionText deve atualizar no Tooltip
DRAW-DEBUG: selectTool(polygon) → DrawingTool.polygon
DRAW-DEBUG: Estado atual antes: idle
DRAW-DEBUG: Estado após startDrawing: armed
DRAW-DEBUG: Ferramenta: polygon
══╡ EXCEPTION CAUGHT BY RENDERING LIBRARY ╞═════════════════════════════════════════════════════════
The following assertion was thrown during layout:
A RenderFlex overflowed by 26 pixels on the bottom.

The relevant error-causing widget was:
  Column
  Column:file:///Users/raudineisilvapereira/dev/appdart/lib/modules/drawing/presentation/widgets/drawing_sheet.dart:146:33

The overflowing RenderFlex has an orientation of Axis.vertical.
The edge of the RenderFlex that is overflowing has been marked in the rendering with a yellow and
black striped pattern. This is usually caused by the contents being too big for the RenderFlex.
Consider applying a flex factor (e.g. using an Expanded widget) to force the children of the
RenderFlex to fit within the available space instead of being sized to their natural size.
This is considered an error condition because it indicates that there is content that cannot be
seen. If the content is legitimately bigger than the available space, consider clipping it with a
ClipRect widget before putting it in the flex, or using a scrollable container rather than a Flex,
like a ListView.
The specific RenderFlex in question is: RenderFlex#6d69b relayoutBoundary=up4 OVERFLOWING:
  creator: Column ← ListenableBuilder ← Flexible ← Column ← Padding ← DecoratedBox ← Container ←
    DrawingSheet ← KeyedSubtree-[GlobalKey#fc786] ← _BodyBuilder ← MediaQuery ←
    LayoutId-[<_ScaffoldSlot.body>] ← ⋯
  parentData: offset=Offset(0.0, 97.0); flex=1; fit=FlexFit.loose (can use size)
  constraints: BoxConstraints(w=800.0, 0.0<=h<=491.0)
  size: Size(800.0, 491.0)
  direction: vertical
  mainAxisAlignment: start
  mainAxisSize: min
  crossAxisAlignment: center
  verticalDirection: down
  spacing: 0.0
◢◤◢◤◢◤◢◤◢◤◢◤◢◤◢◤◢◤◢◤◢◤◢◤◢◤◢◤◢◤◢◤◢◤◢◤◢◤◢◤◢◤◢◤◢◤◢◤◢◤◢◤◢◤◢◤◢◤◢◤◢◤◢◤◢◤◢◤◢◤◢◤◢◤◢◤◢◤◢◤◢◤◢◤◢◤◢◤◢◤◢◤◢◤◢◤◢◤◢◤
════════════════════════════════════════════════════════════════════════════════════════════════════
00:04 +374 -15: /Users/raudineisilvapereira/dev/appdart/test/modules/drawing/drawing_flow_widget_test.dart: FIX-DRAW-FLOW-02 — DrawingSheet Widget Flow 📝 InstructionText deve atualizar no Tooltip [E]
  Test failed. See exception logs above.
  The test description was: 📝 InstructionText deve atualizar no Tooltip
  
00:04 +374 -15: /Users/raudineisilvapereira/dev/appdart/test/modules/drawing/drawing_flow_widget_test.dart: FIX-DRAW-FLOW-02 — DrawingSheet Widget Flow 🔄 Trocar ferramenta deve atualizar estado visualmente
DRAW-DEBUG: selectTool(polygon) → DrawingTool.polygon
DRAW-DEBUG: Estado atual antes: idle
DRAW-DEBUG: Estado após startDrawing: armed
DRAW-DEBUG: Ferramenta: polygon
DRAW-DEBUG: selectTool(rectangle) → DrawingTool.rectangle
DRAW-DEBUG: Estado atual antes: armed
DRAW-DEBUG: Estado resetado para idle
DRAW-DEBUG: Estado após startDrawing: armed
DRAW-DEBUG: Ferramenta: rectangle
══╡ EXCEPTION CAUGHT BY RENDERING LIBRARY ╞═════════════════════════════════════════════════════════
The following assertion was thrown during layout:
A RenderFlex overflowed by 26 pixels on the bottom.

The relevant error-causing widget was:
  Column
  Column:file:///Users/raudineisilvapereira/dev/appdart/lib/modules/drawing/presentation/widgets/drawing_sheet.dart:146:33

The overflowing RenderFlex has an orientation of Axis.vertical.
The edge of the RenderFlex that is overflowing has been marked in the rendering with a yellow and
black striped pattern. This is usually caused by the contents being too big for the RenderFlex.
Consider applying a flex factor (e.g. using an Expanded widget) to force the children of the
RenderFlex to fit within the available space instead of being sized to their natural size.
This is considered an error condition because it indicates that there is content that cannot be
seen. If the content is legitimately bigger than the available space, consider clipping it with a
ClipRect widget before putting it in the flex, or using a scrollable container rather than a Flex,
like a ListView.
The specific RenderFlex in question is: RenderFlex#acb0c relayoutBoundary=up4 OVERFLOWING:
  creator: Column ← ListenableBuilder ← Flexible ← Column ← Padding ← DecoratedBox ← Container ←
    DrawingSheet ← KeyedSubtree-[GlobalKey#219b0] ← _BodyBuilder ← MediaQuery ←
    LayoutId-[<_ScaffoldSlot.body>] ← ⋯
  parentData: offset=Offset(0.0, 97.0); flex=1; fit=FlexFit.loose (can use size)
  constraints: BoxConstraints(w=800.0, 0.0<=h<=491.0)
  size: Size(800.0, 491.0)
  direction: vertical
  mainAxisAlignment: start
  mainAxisSize: min
  crossAxisAlignment: center
  verticalDirection: down
  spacing: 0.0
◢◤◢◤◢◤◢◤◢◤◢◤◢◤◢◤◢◤◢◤◢◤◢◤◢◤◢◤◢◤◢◤◢◤◢◤◢◤◢◤◢◤◢◤◢◤◢◤◢◤◢◤◢◤◢◤◢◤◢◤◢◤◢◤◢◤◢◤◢◤◢◤◢◤◢◤◢◤◢◤◢◤◢◤◢◤◢◤◢◤◢◤◢◤◢◤◢◤◢◤
════════════════════════════════════════════════════════════════════════════════════════════════════
00:04 +374 -16: /Users/raudineisilvapereira/dev/appdart/test/modules/drawing/drawing_flow_widget_test.dart: FIX-DRAW-FLOW-02 — DrawingSheet Widget Flow 🔄 Trocar ferramenta deve atualizar estado visualmente [E]
  Test failed. See exception logs above.
  The test description was: 🔄 Trocar ferramenta deve atualizar estado visualmente
  
00:04 +374 -16: /Users/raudineisilvapereira/dev/appdart/test/modules/drawing/drawing_flow_widget_test.dart: FIX-DRAW-FLOW-02 — DrawingSheet Widget Flow 📊 Métricas devem aparecer quando há geometria
DRAW-DEBUG: selectTool(polygon) → DrawingTool.polygon
DRAW-DEBUG: Estado atual antes: idle
DRAW-DEBUG: Estado após startDrawing: armed
DRAW-DEBUG: Ferramenta: polygon
00:04 +375 -16: /Users/raudineisilvapereira/dev/appdart/test/modules/drawing/drawing_flow_widget_test.dart: FIX-DRAW-FLOW-02 — DrawingSheet Widget Flow 📊 Métricas devem aparecer quando há geometria
00:04 +376 -16: /Users/raudineisilvapereira/dev/appdart/test/modules/drawing/drawing_flow_widget_test.dart: FIX-DRAW-FLOW-02 — DrawingSheet Widget Flow 📊 Métricas devem aparecer quando há geometria
00:04 +377 -16: /Users/raudineisilvapereira/dev/appdart/test/modules/drawing/drawing_flow_widget_test.dart: FIX-DRAW-FLOW-02 — DrawingSheet Widget Flow 📊 Métricas devem aparecer quando há geometria
00:04 +378 -16: /Users/raudineisilvapereira/dev/appdart/test/modules/drawing/drawing_flow_widget_test.dart: FIX-DRAW-FLOW-02 — DrawingSheet Widget Flow 📊 Métricas devem aparecer quando há geometria
00:04 +379 -16: /Users/raudineisilvapereira/dev/appdart/test/modules/drawing/drawing_flow_widget_test.dart: FIX-DRAW-FLOW-02 — DrawingSheet Widget Flow 📊 Métricas devem aparecer quando há geometria
00:04 +380 -16: /Users/raudineisilvapereira/dev/appdart/test/modules/drawing/drawing_flow_widget_test.dart: FIX-DRAW-FLOW-02 — DrawingSheet Widget Flow 📊 Métricas devem aparecer quando há geometria
00:04 +381 -16: /Users/raudineisilvapereira/dev/appdart/test/modules/drawing/drawing_flow_widget_test.dart: FIX-DRAW-FLOW-02 — DrawingSheet Widget Flow 📊 Métricas devem aparecer quando há geometria
00:04 +382 -16: /Users/raudineisilvapereira/dev/appdart/test/modules/drawing/drawing_flow_widget_test.dart: FIX-DRAW-FLOW-02 — DrawingSheet Widget Flow 📊 Métricas devem aparecer quando há geometria
00:04 +383 -16: /Users/raudineisilvapereira/dev/appdart/test/modules/drawing/drawing_flow_widget_test.dart: FIX-DRAW-FLOW-02 — DrawingSheet Widget Flow 📊 Métricas devem aparecer quando há geometria
00:04 +384 -16: /Users/raudineisilvapereira/dev/appdart/test/modules/drawing/drawing_flow_widget_test.dart: FIX-DRAW-FLOW-02 — DrawingSheet Widget Flow 📊 Métricas devem aparecer quando há geometria
00:04 +385 -16: /Users/raudineisilvapereira/dev/appdart/test/modules/drawing/drawing_flow_widget_test.dart: FIX-DRAW-FLOW-02 — DrawingSheet Widget Flow 📊 Métricas devem aparecer quando há geometria
00:04 +386 -16: /Users/raudineisilvapereira/dev/appdart/test/modules/drawing/drawing_flow_widget_test.dart: FIX-DRAW-FLOW-02 — DrawingSheet Widget Flow 📊 Métricas devem aparecer quando há geometria
00:04 +387 -16: /Users/raudineisilvapereira/dev/appdart/test/modules/drawing/drawing_flow_widget_test.dart: FIX-DRAW-FLOW-02 — DrawingSheet Widget Flow 📊 Métricas devem aparecer quando há geometria
00:04 +388 -16: /Users/raudineisilvapereira/dev/appdart/test/modules/drawing/drawing_flow_widget_test.dart: FIX-DRAW-FLOW-02 — DrawingSheet Widget Flow 📊 Métricas devem aparecer quando há geometria
00:04 +389 -16: /Users/raudineisilvapereira/dev/appdart/test/modules/drawing/drawing_flow_widget_test.dart: FIX-DRAW-FLOW-02 — DrawingSheet Widget Flow 📊 Métricas devem aparecer quando há geometria
00:04 +390 -16: /Users/raudineisilvapereira/dev/appdart/test/modules/drawing/drawing_flow_widget_test.dart: FIX-DRAW-FLOW-02 — DrawingSheet Widget Flow 📊 Métricas devem aparecer quando há geometria
══╡ EXCEPTION CAUGHT BY RENDERING LIBRARY ╞═════════════════════════════════════════════════════════
The following assertion was thrown during layout:
A RenderFlex overflowed by 26 pixels on the bottom.

The relevant error-causing widget was:
  Column
  Column:file:///Users/raudineisilvapereira/dev/appdart/lib/modules/drawing/presentation/widgets/drawing_sheet.dart:146:33

The overflowing RenderFlex has an orientation of Axis.vertical.
The edge of the RenderFlex that is overflowing has been marked in the rendering with a yellow and
black striped pattern. This is usually caused by the contents being too big for the RenderFlex.
Consider applying a flex factor (e.g. using an Expanded widget) to force the children of the
RenderFlex to fit within the available space instead of being sized to their natural size.
This is considered an error condition because it indicates that there is content that cannot be
seen. If the content is legitimately bigger than the available space, consider clipping it with a
ClipRect widget before putting it in the flex, or using a scrollable container rather than a Flex,
like a ListView.
The specific RenderFlex in question is: RenderFlex#d39d6 relayoutBoundary=up4 OVERFLOWING:
  needs compositing
  creator: Column ← ListenableBuilder ← Flexible ← Column ← Padding ← DecoratedBox ← Container ←
    DrawingSheet ← KeyedSubtree-[GlobalKey#434fd] ← _BodyBuilder ← MediaQuery ←
    LayoutId-[<_ScaffoldSlot.body>] ← ⋯
  parentData: offset=Offset(0.0, 97.0); flex=1; fit=FlexFit.loose (can use size)
  constraints: BoxConstraints(w=800.0, 0.0<=h<=491.0)
  size: Size(800.0, 491.0)
  direction: vertical
  mainAxisAlignment: start
  mainAxisSize: min
  crossAxisAlignment: center
  verticalDirection: down
  spacing: 0.0
◢◤◢◤◢◤◢◤◢◤◢◤◢◤◢◤◢◤◢◤◢◤◢◤◢◤◢◤◢◤◢◤◢◤◢◤◢◤◢◤◢◤◢◤◢◤◢◤◢◤◢◤◢◤◢◤◢◤◢◤◢◤◢◤◢◤◢◤◢◤◢◤◢◤◢◤◢◤◢◤◢◤◢◤◢◤◢◤◢◤◢◤◢◤◢◤◢◤◢◤
════════════════════════════════════════════════════════════════════════════════════════════════════
00:04 +390 -17: /Users/raudineisilvapereira/dev/appdart/test/modules/drawing/drawing_flow_widget_test.dart: FIX-DRAW-FLOW-02 — DrawingSheet Widget Flow 📊 Métricas devem aparecer quando há geometria [E]
  Test failed. See exception logs above.
  The test description was: 📊 Métricas devem aparecer quando há geometria
  
00:04 +390 -17: /Users/raudineisilvapereira/dev/appdart/test/modules/drawing/drawing_flow_widget_test.dart: FIX-DRAW-FLOW-02 — Regressão Sheet State 🔁 Reabrir sheet após fechar deve funcionar
DRAW-DEBUG: selectTool(polygon) → DrawingTool.polygon
DRAW-DEBUG: Estado atual antes: idle
DRAW-DEBUG: Estado após startDrawing: armed
DRAW-DEBUG: Ferramenta: polygon
00:04 +391 -17: /Users/raudineisilvapereira/dev/appdart/test/modules/drawing/drawing_flow_widget_test.dart: FIX-DRAW-FLOW-02 — Regressão Sheet State 🔁 Reabrir sheet após fechar deve funcionar
00:04 +391 -17: /Users/raudineisilvapereira/dev/appdart/test/modules/drawing/drawing_flow_state_test.dart: FIX-DRAW-FLOW-02 — State Machine Flow ✅ selectTool(polygon) deve transicionar para armed
DRAW-DEBUG: selectTool(polygon) → DrawingTool.polygon
DRAW-DEBUG: Estado atual antes: idle
DRAW-DEBUG: Estado após startDrawing: armed
DRAW-DEBUG: Ferramenta: polygon
00:04 +392 -17: /Users/raudineisilvapereira/dev/appdart/test/modules/drawing/drawing_flow_widget_test.dart: FIX-DRAW-FLOW-02 — Regressão Sheet State 🔁 Reabrir sheet após fechar deve funcionar
00:04 +392 -17: /Users/raudineisilvapereira/dev/appdart/test/modules/drawing/drawing_flow_state_test.dart: FIX-DRAW-FLOW-02 — State Machine Flow ✅ instructionText deve retornar mensagem correta no estado armed
DRAW-DEBUG: selectTool(polygon) → DrawingTool.polygon
DRAW-DEBUG: Estado atual antes: idle
DRAW-DEBUG: Estado após startDrawing: armed
DRAW-DEBUG: Ferramenta: polygon
00:04 +393 -17: /Users/raudineisilvapereira/dev/appdart/test/modules/drawing/drawing_flow_widget_test.dart: FIX-DRAW-FLOW-02 — Regressão Sheet State 🔁 Reabrir sheet após fechar deve funcionar
00:04 +393 -17: /Users/raudineisilvapereira/dev/appdart/test/modules/drawing/drawing_flow_state_test.dart: FIX-DRAW-FLOW-02 — State Machine Flow ✅ appendDrawingPoint deve transicionar de armed para drawing
DRAW-DEBUG: selectTool(polygon) → DrawingTool.polygon
DRAW-DEBUG: Estado atual antes: idle
DRAW-DEBUG: Estado após startDrawing: armed
DRAW-DEBUG: Ferramenta: polygon
00:04 +394 -17: /Users/raudineisilvapereira/dev/appdart/test/modules/drawing/drawing_flow_widget_test.dart: FIX-DRAW-FLOW-02 — Regressão Sheet State 🔁 Reabrir sheet após fechar deve funcionar
00:04 +394 -17: /Users/raudineisilvapereira/dev/appdart/test/modules/drawing/drawing_flow_state_test.dart: FIX-DRAW-FLOW-02 — State Machine Flow ✅ Múltiplos pontos devem permanecer em drawing
DRAW-DEBUG: selectTool(polygon) → DrawingTool.polygon
DRAW-DEBUG: Estado atual antes: idle
DRAW-DEBUG: Estado após startDrawing: armed
DRAW-DEBUG: Ferramenta: polygon
00:04 +395 -17: /Users/raudineisilvapereira/dev/appdart/test/modules/drawing/drawing_flow_widget_test.dart: FIX-DRAW-FLOW-02 — Regressão Sheet State 🔁 Reabrir sheet após fechar deve funcionar
00:04 +395 -17: /Users/raudineisilvapereira/dev/appdart/test/modules/drawing/drawing_flow_state_test.dart: FIX-DRAW-FLOW-02 — State Machine Flow ✅ liveGeometry deve conter pontos após appendDrawingPoint
DRAW-DEBUG: selectTool(polygon) → DrawingTool.polygon
DRAW-DEBUG: Estado atual antes: idle
DRAW-DEBUG: Estado após startDrawing: armed
DRAW-DEBUG: Ferramenta: polygon
00:04 +396 -17: /Users/raudineisilvapereira/dev/appdart/test/modules/drawing/drawing_flow_widget_test.dart: FIX-DRAW-FLOW-02 — Regressão Sheet State 🔁 Reabrir sheet após fechar deve funcionar
00:04 +396 -17: /Users/raudineisilvapereira/dev/appdart/test/modules/drawing/drawing_flow_state_test.dart: FIX-DRAW-FLOW-02 — State Machine Flow ✅ liveAreaHa deve retornar > 0 após 3+ pontos
DRAW-DEBUG: selectTool(polygon) → DrawingTool.polygon
DRAW-DEBUG: Estado atual antes: idle
DRAW-DEBUG: Estado após startDrawing: armed
DRAW-DEBUG: Ferramenta: polygon
00:04 +397 -17: /Users/raudineisilvapereira/dev/appdart/test/modules/drawing/drawing_flow_widget_test.dart: FIX-DRAW-FLOW-02 — Regressão Sheet State 🔁 Reabrir sheet após fechar deve funcionar
00:04 +397 -17: /Users/raudineisilvapereira/dev/appdart/test/modules/drawing/drawing_flow_state_test.dart: FIX-DRAW-FLOW-02 — State Machine Flow 🔁 Trocar ferramenta durante drawing deve ser bloqueado
DRAW-DEBUG: selectTool(polygon) → DrawingTool.polygon
DRAW-DEBUG: Estado atual antes: idle
DRAW-DEBUG: Estado após startDrawing: armed
DRAW-DEBUG: Ferramenta: polygon
DRAW-DEBUG: selectTool(rectangle) → DrawingTool.rectangle
DRAW-DEBUG: Estado atual antes: drawing
DRAW-WARN: selectTool bloqueado durante drawing state. Usuário deve concluir ou cancelar primeiro.
00:04 +398 -17: /Users/raudineisilvapereira/dev/appdart/test/modules/drawing/drawing_flow_widget_test.dart: FIX-DRAW-FLOW-02 — Regressão Sheet State 🔁 Reabrir sheet após fechar deve funcionar
══╡ EXCEPTION CAUGHT BY RENDERING LIBRARY ╞═════════════════════════════════════════════════════════
The following assertion was thrown during layout:
A RenderFlex overflowed by 289 pixels on the bottom.

The overflowing RenderFlex has an orientation of Axis.vertical.
The edge of the RenderFlex that is overflowing has been marked in the rendering with a yellow and
black striped pattern. This is usually caused by the contents being too big for the RenderFlex.
Consider applying a flex factor (e.g. using an Expanded widget) to force the children of the
RenderFlex to fit within the available space instead of being sized to their natural size.
This is considered an error condition because it indicates that there is content that cannot be
seen. If the content is legitimately bigger than the available space, consider clipping it with a
ClipRect widget before putting it in the flex, or using a scrollable container rather than a Flex,
like a ListView.
The specific RenderFlex in question is: RenderFlex#5606d DISPOSED OVERFLOWING:
  creator: MultiChildRenderObjectElement#3af5a(DEFUNCT) ← StatefulElement#2e200(DEFUNCT) ←
    ParentDataElement<FlexParentData>#761a2(DEFUNCT) ← MultiChildRenderObjectElement#4f1e3(DEFUNCT) ←
    SingleChildRenderObjectElement#497df(DEFUNCT) ← SingleChildRenderObjectElement#c612d(DEFUNCT) ←
    StatelessElement#53f5a(DEFUNCT) ← ConsumerStatefulElement#6c602(DEFUNCT) ←
    _NotificationElement<DraggableScrollableNotification>#d1f97(DEFUNCT) ←
    InheritedElement#abbd5(DEFUNCT) ← StatefulElement#de4b5(DEFUNCT) ←
    SingleChildRenderObjectElement#ae3c5(DEFUNCT) ← ⋯
  parentData: offset=Offset(0.0, 97.0); flex=1; fit=FlexFit.loose (can use size)
  constraints: BoxConstraints(w=640.0, 0.0<=h<=228.5)
  size: Size(640.0, 228.5)
  direction: vertical
  mainAxisAlignment: start
  mainAxisSize: min
  crossAxisAlignment: center
  verticalDirection: down
  spacing: 0.0
◢◤◢◤◢◤◢◤◢◤◢◤◢◤◢◤◢◤◢◤◢◤◢◤◢◤◢◤◢◤◢◤◢◤◢◤◢◤◢◤◢◤◢◤◢◤◢◤◢◤◢◤◢◤◢◤◢◤◢◤◢◤◢◤◢◤◢◤◢◤◢◤◢◤◢◤◢◤◢◤◢◤◢◤◢◤◢◤◢◤◢◤◢◤◢◤◢◤◢◤
════════════════════════════════════════════════════════════════════════════════════════════════════
══╡ EXCEPTION CAUGHT BY RENDERING LIBRARY ╞═════════════════════════════════════════════════════════
The following assertion was thrown during layout:
A RenderFlex overflowed by 289 pixels on the bottom.

The relevant error-causing widget was:
  Column
  Column:file:///Users/raudineisilvapereira/dev/appdart/lib/modules/drawing/presentation/widgets/drawing_sheet.dart:146:33

The overflowing RenderFlex has an orientation of Axis.vertical.
The edge of the RenderFlex that is overflowing has been marked in the rendering with a yellow and
black striped pattern. This is usually caused by the contents being too big for the RenderFlex.
Consider applying a flex factor (e.g. using an Expanded widget) to force the children of the
RenderFlex to fit within the available space instead of being sized to their natural size.
This is considered an error condition because it indicates that there is content that cannot be
seen. If the content is legitimately bigger than the available space, consider clipping it with a
ClipRect widget before putting it in the flex, or using a scrollable container rather than a Flex,
like a ListView.
The specific RenderFlex in question is: RenderFlex#dd471 relayoutBoundary=up10 OVERFLOWING:
  creator: Column ← ListenableBuilder ← Flexible ← Column ← Padding ← DecoratedBox ← Container ←
    DrawingSheet ← NotificationListener<DraggableScrollableNotification> ← DefaultTextStyle ←
    AnimatedDefaultTextStyle ← _InkFeatures-[GlobalKey#d01e9 ink renderer] ← ⋯
  parentData: offset=Offset(0.0, 97.0); flex=1; fit=FlexFit.loose (can use size)
  constraints: BoxConstraints(w=640.0, 0.0<=h<=228.5)
  size: Size(640.0, 228.5)
  direction: vertical
  mainAxisAlignment: start
  mainAxisSize: min
  crossAxisAlignment: center
  verticalDirection: down
  spacing: 0.0
◢◤◢◤◢◤◢◤◢◤◢◤◢◤◢◤◢◤◢◤◢◤◢◤◢◤◢◤◢◤◢◤◢◤◢◤◢◤◢◤◢◤◢◤◢◤◢◤◢◤◢◤◢◤◢◤◢◤◢◤◢◤◢◤◢◤◢◤◢◤◢◤◢◤◢◤◢◤◢◤◢◤◢◤◢◤◢◤◢◤◢◤◢◤◢◤◢◤◢◤
════════════════════════════════════════════════════════════════════════════════════════════════════
══╡ EXCEPTION CAUGHT BY WIDGET INSPECTOR ╞══════════════════════════════════════════════════════════
The following assertion was thrown:
Looking up a deactivated widget's ancestor is unsafe.
At this point the state of the widget's element tree is no longer stable.
To safely refer to a widget's ancestor in its dispose() method, save a reference to the ancestor by
calling dependOnInheritedWidgetOfExactType() in the widget's didChangeDependencies() method.

When the exception was thrown, this was the stack:
#0      Element._debugCheckStateIsActiveForAncestorLookup.<anonymous closure> (package:flutter/src/widgets/framework.dart:5049:9)
#1      Element._debugCheckStateIsActiveForAncestorLookup (package:flutter/src/widgets/framework.dart:5063:6)
#2      Element.visitAncestorElements (package:flutter/src/widgets/framework.dart:5174:12)
#3      _describeRelevantUserCode (package:flutter/src/widgets/widget_inspector.dart:4236:13)
#4      _parseDiagnosticsNode (package:flutter/src/widgets/widget_inspector.dart:4155:12)
#5      debugTransformDebugCreator (package:flutter/src/widgets/widget_inspector.dart:4134:21)
#6      _FlutterErrorDetailsNode.builder (package:flutter/src/foundation/assertions.dart:1310:31)
#7      DiagnosticableNode.getProperties (package:flutter/src/foundation/diagnostics.dart:2943:68)
#8      TextTreeRenderer._debugRender (package:flutter/src/foundation/diagnostics.dart:1270:63)
#9      TextTreeRenderer.render (package:flutter/src/foundation/diagnostics.dart:1137:14)
#10     FlutterError.dumpErrorToConsole (package:flutter/src/foundation/assertions.dart:1040:13)
#11     TestWidgetsFlutterBinding._runTest.<anonymous closure> (package:flutter_test/src/binding.dart:1509:24)
#12     FlutterError.reportError (package:flutter/src/foundation/assertions.dart:1203:14)
#13     DebugOverflowIndicatorMixin._reportOverflow (package:flutter/src/rendering/debug_overflow_indicator.dart:259:18)
#14     DebugOverflowIndicatorMixin.paintOverflowIndicator (package:flutter/src/rendering/debug_overflow_indicator.dart:329:7)
#15     RenderFlex.paint.<anonymous closure> (package:flutter/src/rendering/flex.dart:1449:7)
#16     RenderFlex.paint (package:flutter/src/rendering/flex.dart:1457:6)
#17     RenderObject._paintWithContext (package:flutter/src/rendering/object.dart:3429:7)
#18     PaintingContext.paintChild (package:flutter/src/rendering/object.dart:265:13)
#19     RenderBoxContainerDefaultsMixin.defaultPaint (package:flutter/src/rendering/box.dart:3368:15)
#20     RenderFlex.paint (package:flutter/src/rendering/flex.dart:1402:7)
#21     RenderObject._paintWithContext (package:flutter/src/rendering/object.dart:3429:7)
#22     PaintingContext.paintChild (package:flutter/src/rendering/object.dart:265:13)
#23     RenderShiftedBox.paint (package:flutter/src/rendering/shifted_box.dart:98:15)
#24     RenderObject._paintWithContext (package:flutter/src/rendering/object.dart:3429:7)
#25     PaintingContext.paintChild (package:flutter/src/rendering/object.dart:265:13)
#26     RenderProxyBoxMixin.paint (package:flutter/src/rendering/proxy_box.dart:143:13)
#27     RenderDecoratedBox.paint (package:flutter/src/rendering/proxy_box.dart:2512:11)
#28     RenderObject._paintWithContext (package:flutter/src/rendering/object.dart:3429:7)
#29     PaintingContext.paintChild (package:flutter/src/rendering/object.dart:265:13)
#30     RenderProxyBoxMixin.paint (package:flutter/src/rendering/proxy_box.dart:143:13)
#31     _RenderInkFeatures.paint (package:flutter/src/material/material.dart:634:11)
#32     RenderObject._paintWithContext (package:flutter/src/rendering/object.dart:3429:7)
#33     PaintingContext.paintChild (package:flutter/src/rendering/object.dart:265:13)
#34     RenderProxyBoxMixin.paint (package:flutter/src/rendering/proxy_box.dart:143:13)
#35     RenderCustomPaint.paint (package:flutter/src/rendering/custom_paint.dart:644:11)
#36     RenderObject._paintWithContext (package:flutter/src/rendering/object.dart:3429:7)
#37     PaintingContext.paintChild (package:flutter/src/rendering/object.dart:265:13)
#38     RenderProxyBoxMixin.paint (package:flutter/src/rendering/proxy_box.dart:143:13)
#39     RenderPhysicalShape.paint.<anonymous closure> (package:flutter/src/rendering/proxy_box.dart:2357:15)
#40     PaintingContext.pushClipPath (package:flutter/src/rendering/object.dart:727:14)
#41     RenderPhysicalShape.paint (package:flutter/src/rendering/proxy_box.dart:2344:21)
#42     RenderObject._paintWithContext (package:flutter/src/rendering/object.dart:3429:7)
#43     PaintingContext.paintChild (package:flutter/src/rendering/object.dart:265:13)
#44     RenderProxyBoxMixin.paint (package:flutter/src/rendering/proxy_box.dart:143:13)
#45     RenderObject._paintWithContext (package:flutter/src/rendering/object.dart:3429:7)
#46     PaintingContext.paintChild (package:flutter/src/rendering/object.dart:265:13)
#47     RenderShiftedBox.paint (package:flutter/src/rendering/shifted_box.dart:98:15)
#48     RenderObject._paintWithContext (package:flutter/src/rendering/object.dart:3429:7)
#49     PaintingContext.paintChild (package:flutter/src/rendering/object.dart:265:13)
#50     RenderProxyBoxMixin.paint (package:flutter/src/rendering/proxy_box.dart:143:13)
#51     RenderObject._paintWithContext (package:flutter/src/rendering/object.dart:3429:7)
#52     PaintingContext.paintChild (package:flutter/src/rendering/object.dart:265:13)
#53     RenderShiftedBox.paint (package:flutter/src/rendering/shifted_box.dart:98:15)
#54     RenderObject._paintWithContext (package:flutter/src/rendering/object.dart:3429:7)
#55     PaintingContext.paintChild (package:flutter/src/rendering/object.dart:265:13)
#56     RenderProxyBoxMixin.paint (package:flutter/src/rendering/proxy_box.dart:143:13)
#57     PaintingContext.pushClipRect.<anonymous closure> (package:flutter/src/rendering/object.dart:592:83)
#58     ClipContext._clipAndPaint (package:flutter/src/painting/clip.dart:33:12)
#59     ClipContext.clipRectAndPaint (package:flutter/src/painting/clip.dart:90:5)
#60     PaintingContext.pushClipRect (package:flutter/src/rendering/object.dart:592:7)
#61     RenderClipRect.paint (package:flutter/src/rendering/proxy_box.dart:1644:25)
#62     RenderObject._paintWithContext (package:flutter/src/rendering/object.dart:3429:7)
#63     PaintingContext.paintChild (package:flutter/src/rendering/object.dart:265:13)
#64     RenderProxyBoxMixin.paint (package:flutter/src/rendering/proxy_box.dart:143:13)
#65     RenderObject._paintWithContext (package:flutter/src/rendering/object.dart:3429:7)
#66     PaintingContext.paintChild (package:flutter/src/rendering/object.dart:265:13)
#67     RenderShiftedBox.paint (package:flutter/src/rendering/shifted_box.dart:98:15)
#68     RenderObject._paintWithContext (package:flutter/src/rendering/object.dart:3429:7)
#69     PaintingContext.paintChild (package:flutter/src/rendering/object.dart:265:13)
#70     RenderProxyBoxMixin.paint (package:flutter/src/rendering/proxy_box.dart:143:13)
#71     RenderObject._paintWithContext (package:flutter/src/rendering/object.dart:3429:7)
#72     PaintingContext.paintChild (package:flutter/src/rendering/object.dart:265:13)
#73     RenderProxyBoxMixin.paint (package:flutter/src/rendering/proxy_box.dart:143:13)
#74     RenderObject._paintWithContext (package:flutter/src/rendering/object.dart:3429:7)
#75     PaintingContext._repaintCompositedChild (package:flutter/src/rendering/object.dart:180:11)
#76     PaintingContext.repaintCompositedChild (package:flutter/src/rendering/object.dart:125:5)
#77     PaintingContext._compositeChild (package:flutter/src/rendering/object.dart:276:7)
#78     PaintingContext.paintChild (package:flutter/src/rendering/object.dart:257:7)
#79     RenderProxyBoxMixin.paint (package:flutter/src/rendering/proxy_box.dart:143:13)
#80     RenderObject._paintWithContext (package:flutter/src/rendering/object.dart:3429:7)
#81     PaintingContext.paintChild (package:flutter/src/rendering/object.dart:265:13)
#82     RenderProxyBoxMixin.paint (package:flutter/src/rendering/proxy_box.dart:143:13)
#83     RenderObject._paintWithContext (package:flutter/src/rendering/object.dart:3429:7)
#84     PaintingContext._repaintCompositedChild (package:flutter/src/rendering/object.dart:180:11)
#85     PaintingContext.repaintCompositedChild (package:flutter/src/rendering/object.dart:125:5)
#86     PaintingContext._compositeChild (package:flutter/src/rendering/object.dart:276:7)
#87     PaintingContext.paintChild (package:flutter/src/rendering/object.dart:257:7)
#88     RenderProxyBoxMixin.paint (package:flutter/src/rendering/proxy_box.dart:143:13)
#89     RenderObject._paintWithContext (package:flutter/src/rendering/object.dart:3429:7)
#90     PaintingContext.paintChild (package:flutter/src/rendering/object.dart:265:13)
#91     RenderProxyBoxMixin.paint (package:flutter/src/rendering/proxy_box.dart:143:13)
#92     RenderOffstage.paint (package:flutter/src/rendering/proxy_box.dart:3943:11)
#93     RenderObject._paintWithContext (package:flutter/src/rendering/object.dart:3429:7)
#94     PaintingContext.paintChild (package:flutter/src/rendering/object.dart:265:13)
#95     RenderProxyBoxMixin.paint (package:flutter/src/rendering/proxy_box.dart:143:13)
#96     RenderObject._paintWithContext (package:flutter/src/rendering/object.dart:3429:7)
#97     PaintingContext.paintChild (package:flutter/src/rendering/object.dart:265:13)
#98     _RenderTheaterMixin.paint (package:flutter/src/widgets/overlay.dart:1119:15)
#99     _RenderTheater.paint (package:flutter/src/widgets/overlay.dart:1476:13)
#100    RenderObject._paintWithContext (package:flutter/src/rendering/object.dart:3429:7)
#101    PaintingContext.paintChild (package:flutter/src/rendering/object.dart:265:13)
#102    RenderProxyBoxMixin.paint (package:flutter/src/rendering/proxy_box.dart:143:13)
#103    RenderObject._paintWithContext (package:flutter/src/rendering/object.dart:3429:7)
#104    PaintingContext.paintChild (package:flutter/src/rendering/object.dart:265:13)
#105    RenderProxyBoxMixin.paint (package:flutter/src/rendering/proxy_box.dart:143:13)
#106    RenderObject._paintWithContext (package:flutter/src/rendering/object.dart:3429:7)
#107    PaintingContext.paintChild (package:flutter/src/rendering/object.dart:265:13)
#108    RenderProxyBoxMixin.paint (package:flutter/src/rendering/proxy_box.dart:143:13)
#109    RenderObject._paintWithContext (package:flutter/src/rendering/object.dart:3429:7)
#110    PaintingContext.paintChild (package:flutter/src/rendering/object.dart:265:13)
#111    RenderProxyBoxMixin.paint (package:flutter/src/rendering/proxy_box.dart:143:13)
#112    RenderCustomPaint.paint (package:flutter/src/rendering/custom_paint.dart:644:11)
#113    RenderObject._paintWithContext (package:flutter/src/rendering/object.dart:3429:7)
#114    PaintingContext.paintChild (package:flutter/src/rendering/object.dart:265:13)
#115    RenderProxyBoxMixin.paint (package:flutter/src/rendering/proxy_box.dart:143:13)
#116    RenderObject._paintWithContext (package:flutter/src/rendering/object.dart:3429:7)
#117    PaintingContext.paintChild (package:flutter/src/rendering/object.dart:265:13)
#118    RenderProxyBoxMixin.paint (package:flutter/src/rendering/proxy_box.dart:143:13)
#119    RenderObject._paintWithContext (package:flutter/src/rendering/object.dart:3429:7)
#120    PaintingContext.paintChild (package:flutter/src/rendering/object.dart:265:13)
#121    RenderProxyBoxMixin.paint (package:flutter/src/rendering/proxy_box.dart:143:13)
#122    RenderObject._paintWithContext (package:flutter/src/rendering/object.dart:3429:7)
#123    PaintingContext.paintChild (package:flutter/src/rendering/object.dart:265:13)
#124    RenderProxyBoxMixin.paint (package:flutter/src/rendering/proxy_box.dart:143:13)
#125    RenderObject._paintWithContext (package:flutter/src/rendering/object.dart:3429:7)
#126    PaintingContext.paintChild (package:flutter/src/rendering/object.dart:265:13)
#127    RenderProxyBoxMixin.paint (package:flutter/src/rendering/proxy_box.dart:143:13)
#128    RenderObject._paintWithContext (package:flutter/src/rendering/object.dart:3429:7)
#129    PaintingContext.paintChild (package:flutter/src/rendering/object.dart:265:13)
#130    RenderProxyBoxMixin.paint (package:flutter/src/rendering/proxy_box.dart:143:13)
#131    RenderObject._paintWithContext (package:flutter/src/rendering/object.dart:3429:7)
#132    PaintingContext.paintChild (package:flutter/src/rendering/object.dart:265:13)
#133    RenderView.paint (package:flutter/src/rendering/view.dart:320:15)
#134    RenderObject._paintWithContext (package:flutter/src/rendering/object.dart:3429:7)
#135    PaintingContext._repaintCompositedChild (package:flutter/src/rendering/object.dart:180:11)
#136    PaintingContext.repaintCompositedChild (package:flutter/src/rendering/object.dart:125:5)
#137    PipelineOwner.flushPaint (package:flutter/src/rendering/object.dart:1325:31)
#138    PipelineOwner.flushPaint (package:flutter/src/rendering/object.dart:1335:15)
#139    AutomatedTestWidgetsFlutterBinding.drawFrame (package:flutter_test/src/binding.dart:2137:31)
#140    RendererBinding._handlePersistentFrameCallback (package:flutter/src/rendering/binding.dart:495:5)
#141    SchedulerBinding._invokeFrameCallback (package:flutter/src/scheduler/binding.dart:1430:15)
#142    SchedulerBinding.handleDrawFrame (package:flutter/src/scheduler/binding.dart:1345:9)
#143    AutomatedTestWidgetsFlutterBinding.pump.<anonymous closure> (package:flutter_test/src/binding.dart:1960:9)
#146    TestAsyncUtils.guard (package:flutter_test/src/test_async_utils.dart:74:41)
#147    AutomatedTestWidgetsFlutterBinding.pump (package:flutter_test/src/binding.dart:1949:27)
#148    WidgetTester.pumpAndSettle.<anonymous closure> (package:flutter_test/src/widget_tester.dart:719:23)
#151    TestAsyncUtils.guard (package:flutter_test/src/test_async_utils.dart:74:41)
#152    WidgetTester.pumpAndSettle (package:flutter_test/src/widget_tester.dart:712:27)
#153    main.<anonymous closure>.<anonymous closure> (file:///Users/raudineisilvapereira/dev/appdart/test/modules/drawing/drawing_flow_widget_test.dart:305:22)
<asynchronous suspension>
#154    testWidgets.<anonymous closure>.<anonymous closure> (package:flutter_test/src/widget_tester.dart:192:15)
<asynchronous suspension>
#155    TestWidgetsFlutterBinding._runTestBody (package:flutter_test/src/binding.dart:1682:5)
<asynchronous suspension>
<asynchronous suspension>
(elided 5 frames from dart:async and package:stack_trace)

This exception was caught while trying to describe the user-relevant code of another error.
════════════════════════════════════════════════════════════════════════════════════════════════════
00:04 +398 -17: /Users/raudineisilvapereira/dev/appdart/test/modules/drawing/drawing_flow_state_test.dart: FIX-DRAW-FLOW-02 — State Machine Flow 🔁 Trocar ferramenta rapidamente não deve lançar erro
DRAW-DEBUG: selectTool(polygon) → DrawingTool.polygon
DRAW-DEBUG: Estado atual antes: idle
DRAW-DEBUG: Estado após startDrawing: armed
DRAW-DEBUG: Ferramenta: polygon
DRAW-DEBUG: selectTool(rectangle) → DrawingTool.rectangle
DRAW-DEBUG: Estado atual antes: armed
DRAW-DEBUG: Estado resetado para idle
DRAW-DEBUG: Estado após startDrawing: armed
DRAW-DEBUG: Ferramenta: rectangle
DRAW-DEBUG: selectTool(circle) → DrawingTool.circle
DRAW-DEBUG: Estado atual antes: armed
DRAW-DEBUG: Estado resetado para idle
DRAW-DEBUG: Estado após startDrawing: armed
DRAW-DEBUG: Ferramenta: circle
DRAW-DEBUG: selectTool(freehand) → DrawingTool.freehand
DRAW-DEBUG: Estado atual antes: armed
DRAW-DEBUG: Estado resetado para idle
DRAW-DEBUG: Estado após startDrawing: armed
DRAW-DEBUG: Ferramenta: freehand
00:04 +399 -17: /Users/raudineisilvapereira/dev/appdart/test/modules/drawing/drawing_flow_widget_test.dart: FIX-DRAW-FLOW-02 — Regressão Sheet State 🔁 Reabrir sheet após fechar deve funcionar
00:04 +399 -17: /Users/raudineisilvapereira/dev/appdart/test/modules/drawing/drawing_flow_state_test.dart: FIX-DRAW-FLOW-02 — State Machine Flow ❌ selectTool(none) deve voltar para idle
DRAW-DEBUG: selectTool(polygon) → DrawingTool.polygon
DRAW-DEBUG: Estado atual antes: idle
DRAW-DEBUG: Estado após startDrawing: armed
DRAW-DEBUG: Ferramenta: polygon
DRAW-DEBUG: selectTool(none) → DrawingTool.none
DRAW-DEBUG: Estado atual antes: armed
DRAW-DEBUG: Modo desenho desativado
00:04 +399 -17: /Users/raudineisilvapereira/dev/appdart/test/modules/drawing/drawing_flow_widget_test.dart: FIX-DRAW-FLOW-02 — Regressão Sheet State 🔁 Reabrir sheet após fechar deve funcionar
══╡ EXCEPTION CAUGHT BY WIDGET INSPECTOR ╞══════════════════════════════════════════════════════════
The following assertion was thrown:
Looking up a deactivated widget's ancestor is unsafe.
At this point the state of the widget's element tree is no longer stable.
To safely refer to a widget's ancestor in its dispose() method, save a reference to the ancestor by
calling dependOnInheritedWidgetOfExactType() in the widget's didChangeDependencies() method.

When the exception was thrown, this was the stack:
#0      Element._debugCheckStateIsActiveForAncestorLookup.<anonymous closure> (package:flutter/src/widgets/framework.dart:5049:9)
#1      Element._debugCheckStateIsActiveForAncestorLookup (package:flutter/src/widgets/framework.dart:5063:6)
#2      Element.visitAncestorElements (package:flutter/src/widgets/framework.dart:5174:12)
#3      _describeRelevantUserCode (package:flutter/src/widgets/widget_inspector.dart:4236:13)
#4      _parseDiagnosticsNode (package:flutter/src/widgets/widget_inspector.dart:4155:12)
#5      debugTransformDebugCreator (package:flutter/src/widgets/widget_inspector.dart:4134:21)
#6      _FlutterErrorDetailsNode.builder (package:flutter/src/foundation/assertions.dart:1310:31)
#7      DiagnosticableNode.emptyBodyDescription (package:flutter/src/foundation/diagnostics.dart:2939:45)
#8      TextTreeRenderer._debugRender (package:flutter/src/foundation/diagnostics.dart:1307:14)
#9      TextTreeRenderer.render (package:flutter/src/foundation/diagnostics.dart:1137:14)
#10     FlutterError.dumpErrorToConsole (package:flutter/src/foundation/assertions.dart:1040:13)
#11     TestWidgetsFlutterBinding._runTest.<anonymous closure> (package:flutter_test/src/binding.dart:1509:24)
#12     FlutterError.reportError (package:flutter/src/foundation/assertions.dart:1203:14)
#13     DebugOverflowIndicatorMixin._reportOverflow (package:flutter/src/rendering/debug_overflow_indicator.dart:259:18)
#14     DebugOverflowIndicatorMixin.paintOverflowIndicator (package:flutter/src/rendering/debug_overflow_indicator.dart:329:7)
#15     RenderFlex.paint.<anonymous closure> (package:flutter/src/rendering/flex.dart:1449:7)
#16     RenderFlex.paint (package:flutter/src/rendering/flex.dart:1457:6)
#17     RenderObject._paintWithContext (package:flutter/src/rendering/object.dart:3429:7)
#18     PaintingContext.paintChild (package:flutter/src/rendering/object.dart:265:13)
#19     RenderBoxContainerDefaultsMixin.defaultPaint (package:flutter/src/rendering/box.dart:3368:15)
#20     RenderFlex.paint (package:flutter/src/rendering/flex.dart:1402:7)
#21     RenderObject._paintWithContext (package:flutter/src/rendering/object.dart:3429:7)
#22     PaintingContext.paintChild (package:flutter/src/rendering/object.dart:265:13)
#23     RenderShiftedBox.paint (package:flutter/src/rendering/shifted_box.dart:98:15)
#24     RenderObject._paintWithContext (package:flutter/src/rendering/object.dart:3429:7)
#25     PaintingContext.paintChild (package:flutter/src/rendering/object.dart:265:13)
#26     RenderProxyBoxMixin.paint (package:flutter/src/rendering/proxy_box.dart:143:13)
#27     RenderDecoratedBox.paint (package:flutter/src/rendering/proxy_box.dart:2512:11)
#28     RenderObject._paintWithContext (package:flutter/src/rendering/object.dart:3429:7)
#29     PaintingContext.paintChild (package:flutter/src/rendering/object.dart:265:13)
#30     RenderProxyBoxMixin.paint (package:flutter/src/rendering/proxy_box.dart:143:13)
#31     _RenderInkFeatures.paint (package:flutter/src/material/material.dart:634:11)
#32     RenderObject._paintWithContext (package:flutter/src/rendering/object.dart:3429:7)
#33     PaintingContext.paintChild (package:flutter/src/rendering/object.dart:265:13)
#34     RenderProxyBoxMixin.paint (package:flutter/src/rendering/proxy_box.dart:143:13)
#35     RenderCustomPaint.paint (package:flutter/src/rendering/custom_paint.dart:644:11)
#36     RenderObject._paintWithContext (package:flutter/src/rendering/object.dart:3429:7)
#37     PaintingContext.paintChild (package:flutter/src/rendering/object.dart:265:13)
#38     RenderProxyBoxMixin.paint (package:flutter/src/rendering/proxy_box.dart:143:13)
#39     RenderPhysicalShape.paint.<anonymous closure> (package:flutter/src/rendering/proxy_box.dart:2357:15)
#40     PaintingContext.pushClipPath (package:flutter/src/rendering/object.dart:727:14)
#41     RenderPhysicalShape.paint (package:flutter/src/rendering/proxy_box.dart:2344:21)
#42     RenderObject._paintWithContext (package:flutter/src/rendering/object.dart:3429:7)
#43     PaintingContext.paintChild (package:flutter/src/rendering/object.dart:265:13)
#44     RenderProxyBoxMixin.paint (package:flutter/src/rendering/proxy_box.dart:143:13)
#45     RenderObject._paintWithContext (package:flutter/src/rendering/object.dart:3429:7)
#46     PaintingContext.paintChild (package:flutter/src/rendering/object.dart:265:13)
#47     RenderShiftedBox.paint (package:flutter/src/rendering/shifted_box.dart:98:15)
#48     RenderObject._paintWithContext (package:flutter/src/rendering/object.dart:3429:7)
#49     PaintingContext.paintChild (package:flutter/src/rendering/object.dart:265:13)
#50     RenderProxyBoxMixin.paint (package:flutter/src/rendering/proxy_box.dart:143:13)
#51     RenderObject._paintWithContext (package:flutter/src/rendering/object.dart:3429:7)
#52     PaintingContext.paintChild (package:flutter/src/rendering/object.dart:265:13)
#53     RenderShiftedBox.paint (package:flutter/src/rendering/shifted_box.dart:98:15)
#54     RenderObject._paintWithContext (package:flutter/src/rendering/object.dart:3429:7)
#55     PaintingContext.paintChild (package:flutter/src/rendering/object.dart:265:13)
#56     RenderProxyBoxMixin.paint (package:flutter/src/rendering/proxy_box.dart:143:13)
#57     PaintingContext.pushClipRect.<anonymous closure> (package:flutter/src/rendering/object.dart:592:83)
#58     ClipContext._clipAndPaint (package:flutter/src/painting/clip.dart:33:12)
#59     ClipContext.clipRectAndPaint (package:flutter/src/painting/clip.dart:90:5)
#60     PaintingContext.pushClipRect (package:flutter/src/rendering/object.dart:592:7)
#61     RenderClipRect.paint (package:flutter/src/rendering/proxy_box.dart:1644:25)
#62     RenderObject._paintWithContext (package:flutter/src/rendering/object.dart:3429:7)
#63     PaintingContext.paintChild (package:flutter/src/rendering/object.dart:265:13)
#64     RenderProxyBoxMixin.paint (package:flutter/src/rendering/proxy_box.dart:143:13)
#65     RenderObject._paintWithContext (package:flutter/src/rendering/object.dart:3429:7)
#66     PaintingContext.paintChild (package:flutter/src/rendering/object.dart:265:13)
#67     RenderShiftedBox.paint (package:flutter/src/rendering/shifted_box.dart:98:15)
#68     RenderObject._paintWithContext (package:flutter/src/rendering/object.dart:3429:7)
#69     PaintingContext.paintChild (package:flutter/src/rendering/object.dart:265:13)
#70     RenderProxyBoxMixin.paint (package:flutter/src/rendering/proxy_box.dart:143:13)
#71     RenderObject._paintWithContext (package:flutter/src/rendering/object.dart:3429:7)
#72     PaintingContext.paintChild (package:flutter/src/rendering/object.dart:265:13)
#73     RenderProxyBoxMixin.paint (package:flutter/src/rendering/proxy_box.dart:143:13)
#74     RenderObject._paintWithContext (package:flutter/src/rendering/object.dart:3429:7)
#75     PaintingContext._repaintCompositedChild (package:flutter/src/rendering/object.dart:180:11)
#76     PaintingContext.repaintCompositedChild (package:flutter/src/rendering/object.dart:125:5)
#77     PaintingContext._compositeChild (package:flutter/src/rendering/object.dart:276:7)
#78     PaintingContext.paintChild (package:flutter/src/rendering/object.dart:257:7)
#79     RenderProxyBoxMixin.paint (package:flutter/src/rendering/proxy_box.dart:143:13)
#80     RenderObject._paintWithContext (package:flutter/src/rendering/object.dart:3429:7)
#81     PaintingContext.paintChild (package:flutter/src/rendering/object.dart:265:13)
#82     RenderProxyBoxMixin.paint (package:flutter/src/rendering/proxy_box.dart:143:13)
#83     RenderObject._paintWithContext (package:flutter/src/rendering/object.dart:3429:7)
#84     PaintingContext._repaintCompositedChild (package:flutter/src/rendering/object.dart:180:11)
#85     PaintingContext.repaintCompositedChild (package:flutter/src/rendering/object.dart:125:5)
#86     PaintingContext._compositeChild (package:flutter/src/rendering/object.dart:276:7)
#87     PaintingContext.paintChild (package:flutter/src/rendering/object.dart:257:7)
#88     RenderProxyBoxMixin.paint (package:flutter/src/rendering/proxy_box.dart:143:13)
#89     RenderObject._paintWithContext (package:flutter/src/rendering/object.dart:3429:7)
#90     PaintingContext.paintChild (package:flutter/src/rendering/object.dart:265:13)
#91     RenderProxyBoxMixin.paint (package:flutter/src/rendering/proxy_box.dart:143:13)
#92     RenderOffstage.paint (package:flutter/src/rendering/proxy_box.dart:3943:11)
#93     RenderObject._paintWithContext (package:flutter/src/rendering/object.dart:3429:7)
#94     PaintingContext.paintChild (package:flutter/src/rendering/object.dart:265:13)
#95     RenderProxyBoxMixin.paint (package:flutter/src/rendering/proxy_box.dart:143:13)
#96     RenderObject._paintWithContext (package:flutter/src/rendering/object.dart:3429:7)
#97     PaintingContext.paintChild (package:flutter/src/rendering/object.dart:265:13)
#98     _RenderTheaterMixin.paint (package:flutter/src/widgets/overlay.dart:1119:15)
#99     _RenderTheater.paint (package:flutter/src/widgets/overlay.dart:1476:13)
#100    RenderObject._paintWithContext (package:flutter/src/rendering/object.dart:3429:7)
#101    PaintingContext.paintChild (package:flutter/src/rendering/object.dart:265:13)
#102    RenderProxyBoxMixin.paint (package:flutter/src/rendering/proxy_box.dart:143:13)
#103    RenderObject._paintWithContext (package:flutter/src/rendering/object.dart:3429:7)
#104    PaintingContext.paintChild (package:flutter/src/rendering/object.dart:265:13)
#105    RenderProxyBoxMixin.paint (package:flutter/src/rendering/proxy_box.dart:143:13)
#106    RenderObject._paintWithContext (package:flutter/src/rendering/object.dart:3429:7)
#107    PaintingContext.paintChild (package:flutter/src/rendering/object.dart:265:13)
#108    RenderProxyBoxMixin.paint (package:flutter/src/rendering/proxy_box.dart:143:13)
#109    RenderObject._paintWithContext (package:flutter/src/rendering/object.dart:3429:7)
#110    PaintingContext.paintChild (package:flutter/src/rendering/object.dart:265:13)
#111    RenderProxyBoxMixin.paint (package:flutter/src/rendering/proxy_box.dart:143:13)
#112    RenderCustomPaint.paint (package:flutter/src/rendering/custom_paint.dart:644:11)
#113    RenderObject._paintWithContext (package:flutter/src/rendering/object.dart:3429:7)
#114    PaintingContext.paintChild (package:flutter/src/rendering/object.dart:265:13)
#115    RenderProxyBoxMixin.paint (package:flutter/src/rendering/proxy_box.dart:143:13)
#116    RenderObject._paintWithContext (package:flutter/src/rendering/object.dart:3429:7)
#117    PaintingContext.paintChild (package:flutter/src/rendering/object.dart:265:13)
#118    RenderProxyBoxMixin.paint (package:flutter/src/rendering/proxy_box.dart:143:13)
#119    RenderObject._paintWithContext (package:flutter/src/rendering/object.dart:3429:7)
#120    PaintingContext.paintChild (package:flutter/src/rendering/object.dart:265:13)
#121    RenderProxyBoxMixin.paint (package:flutter/src/rendering/proxy_box.dart:143:13)
#122    RenderObject._paintWithContext (package:flutter/src/rendering/object.dart:3429:7)
#123    PaintingContext.paintChild (package:flutter/src/rendering/object.dart:265:13)
#124    RenderProxyBoxMixin.paint (package:flutter/src/rendering/proxy_box.dart:143:13)
#125    RenderObject._paintWithContext (package:flutter/src/rendering/object.dart:3429:7)
#126    PaintingContext.paintChild (package:flutter/src/rendering/object.dart:265:13)
#127    RenderProxyBoxMixin.paint (package:flutter/src/rendering/proxy_box.dart:143:13)
#128    RenderObject._paintWithContext (package:flutter/src/rendering/object.dart:3429:7)
#129    PaintingContext.paintChild (package:flutter/src/rendering/object.dart:265:13)
#130    RenderProxyBoxMixin.paint (package:flutter/src/rendering/proxy_box.dart:143:13)
#131    RenderObject._paintWithContext (package:flutter/src/rendering/object.dart:3429:7)
#132    PaintingContext.paintChild (package:flutter/src/rendering/object.dart:265:13)
#133    RenderView.paint (package:flutter/src/rendering/view.dart:320:15)
#134    RenderObject._paintWithContext (package:flutter/src/rendering/object.dart:3429:7)
#135    PaintingContext._repaintCompositedChild (package:flutter/src/rendering/object.dart:180:11)
#136    PaintingContext.repaintCompositedChild (package:flutter/src/rendering/object.dart:125:5)
#137    PipelineOwner.flushPaint (package:flutter/src/rendering/object.dart:1325:31)
#138    PipelineOwner.flushPaint (package:flutter/src/rendering/object.dart:1335:15)
#139    AutomatedTestWidgetsFlutterBinding.drawFrame (package:flutter_test/src/binding.dart:2137:31)
#140    RendererBinding._handlePersistentFrameCallback (package:flutter/src/rendering/binding.dart:495:5)
#141    SchedulerBinding._invokeFrameCallback (package:flutter/src/scheduler/binding.dart:1430:15)
#142    SchedulerBinding.handleDrawFrame (package:flutter/src/scheduler/binding.dart:1345:9)
#143    AutomatedTestWidgetsFlutterBinding.pump.<anonymous closure> (package:flutter_test/src/binding.dart:1960:9)
#146    TestAsyncUtils.guard (package:flutter_test/src/test_async_utils.dart:74:41)
#147    AutomatedTestWidgetsFlutterBinding.pump (package:flutter_test/src/binding.dart:1949:27)
#148    WidgetTester.pumpAndSettle.<anonymous closure> (package:flutter_test/src/widget_tester.dart:719:23)
#151    TestAsyncUtils.guard (package:flutter_test/src/test_async_utils.dart:74:41)
#152    WidgetTester.pumpAndSettle (package:flutter_test/src/widget_tester.dart:712:27)
#153    main.<anonymous closure>.<anonymous closure> (file:///Users/raudineisilvapereira/dev/appdart/test/modules/drawing/drawing_flow_widget_test.dart:305:22)
<asynchronous suspension>
#154    testWidgets.<anonymous closure>.<anonymous closure> (package:flutter_test/src/widget_tester.dart:192:15)
<asynchronous suspension>
#155    TestWidgetsFlutterBinding._runTestBody (package:flutter_test/src/binding.dart:1682:5)
<asynchronous suspension>
<asynchronous suspension>
(elided 5 frames from dart:async and package:stack_trace)

This exception was caught while trying to describe the user-relevant code of another error.
════════════════════════════════════════════════════════════════════════════════════════════════════
00:04 +400 -17: /Users/raudineisilvapereira/dev/appdart/test/modules/drawing/drawing_flow_widget_test.dart: FIX-DRAW-FLOW-02 — Regressão Sheet State 🔁 Reabrir sheet após fechar deve funcionar
00:04 +400 -17: /Users/raudineisilvapereira/dev/appdart/test/modules/drawing/drawing_flow_state_test.dart: FIX-DRAW-FLOW-02 — State Machine Flow ❌ cancelOperation deve voltar para idle
DRAW-DEBUG: selectTool(polygon) → DrawingTool.polygon
DRAW-DEBUG: Estado atual antes: idle
DRAW-DEBUG: Estado após startDrawing: armed
DRAW-DEBUG: Ferramenta: polygon
00:04 +401 -17: /Users/raudineisilvapereira/dev/appdart/test/modules/drawing/drawing_flow_widget_test.dart: FIX-DRAW-FLOW-02 — Regressão Sheet State 🔁 Reabrir sheet após fechar deve funcionar
00:04 +401 -17: /Users/raudineisilvapereira/dev/appdart/test/modules/drawing/drawing_flow_state_test.dart: FIX-DRAW-FLOW-02 — State Machine Flow 🔄 Regressão: Rearmar após cancelar deve funcionar
DRAW-DEBUG: selectTool(polygon) → DrawingTool.polygon
DRAW-DEBUG: Estado atual antes: idle
DRAW-DEBUG: Estado após startDrawing: armed
DRAW-DEBUG: Ferramenta: polygon
DRAW-DEBUG: selectTool(circle) → DrawingTool.circle
DRAW-DEBUG: Estado atual antes: idle
DRAW-DEBUG: Estado após startDrawing: armed
DRAW-DEBUG: Ferramenta: circle
00:04 +402 -17: /Users/raudineisilvapereira/dev/appdart/test/modules/drawing/drawing_flow_widget_test.dart: FIX-DRAW-FLOW-02 — Regressão Sheet State 🔁 Reabrir sheet após fechar deve funcionar
00:04 +402 -17: /Users/raudineisilvapereira/dev/appdart/test/modules/drawing/drawing_flow_state_test.dart: FIX-DRAW-FLOW-02 — State Machine Flow 🔄 Regressão: Múltiplos cancela e rearma não devem lançar erro
DRAW-DEBUG: selectTool(polygon) → DrawingTool.polygon
DRAW-DEBUG: Estado atual antes: idle
DRAW-DEBUG: Estado após startDrawing: armed
DRAW-DEBUG: Ferramenta: polygon
DRAW-DEBUG: selectTool(polygon) → DrawingTool.polygon
DRAW-DEBUG: Estado atual antes: idle
DRAW-DEBUG: Estado após startDrawing: armed
DRAW-DEBUG: Ferramenta: polygon
DRAW-DEBUG: selectTool(polygon) → DrawingTool.polygon
DRAW-DEBUG: Estado atual antes: idle
DRAW-DEBUG: Estado após startDrawing: armed
DRAW-DEBUG: Ferramenta: polygon
DRAW-DEBUG: selectTool(polygon) → DrawingTool.polygon
DRAW-DEBUG: Estado atual antes: idle
DRAW-DEBUG: Estado após startDrawing: armed
DRAW-DEBUG: Ferramenta: polygon
DRAW-DEBUG: selectTool(polygon) → DrawingTool.polygon
DRAW-DEBUG: Estado atual antes: idle
DRAW-DEBUG: Estado após startDrawing: armed
DRAW-DEBUG: Ferramenta: polygon
00:04 +403 -17: /Users/raudineisilvapereira/dev/appdart/test/modules/drawing/drawing_flow_widget_test.dart: FIX-DRAW-FLOW-02 — Regressão Sheet State 🔁 Reabrir sheet após fechar deve funcionar
00:04 +404 -17: /Users/raudineisilvapereira/dev/appdart/test/modules/drawing/drawing_flow_widget_test.dart: FIX-DRAW-FLOW-02 — Regressão Sheet State 🔁 Reabrir sheet após fechar deve funcionar
00:04 +404 -17: /Users/raudineisilvapereira/dev/appdart/test/modules/drawing/drawing_flow_state_test.dart: FIX-DRAW-FLOW-02 — InstructionText Validation 📝 instructionText deve refletir estado armed
DRAW-DEBUG: selectTool(polygon) → DrawingTool.polygon
DRAW-DEBUG: Estado atual antes: idle
DRAW-DEBUG: Estado após startDrawing: armed
DRAW-DEBUG: Ferramenta: polygon
00:04 +405 -17: /Users/raudineisilvapereira/dev/appdart/test/modules/drawing/drawing_flow_widget_test.dart: FIX-DRAW-FLOW-02 — Regressão Sheet State 🔁 Reabrir sheet após fechar deve funcionar
00:04 +405 -17: /Users/raudineisilvapereira/dev/appdart/test/modules/drawing/drawing_flow_state_test.dart: FIX-DRAW-FLOW-02 — InstructionText Validation 📝 instructionText deve mudar após primeiro ponto
DRAW-DEBUG: selectTool(polygon) → DrawingTool.polygon
DRAW-DEBUG: Estado atual antes: idle
DRAW-DEBUG: Estado após startDrawing: armed
DRAW-DEBUG: Ferramenta: polygon
00:04 +406 -17: /Users/raudineisilvapereira/dev/appdart/test/modules/drawing/drawing_flow_widget_test.dart: FIX-DRAW-FLOW-02 — Regressão Sheet State 🔁 Reabrir sheet após fechar deve funcionar
00:04 +406 -17: /Users/raudineisilvapereira/dev/appdart/test/modules/drawing/drawing_flow_state_test.dart: FIX-DRAW-FLOW-02 — InstructionText Validation 📝 instructionText deve guiar usuário com poucos pontos
DRAW-DEBUG: selectTool(polygon) → DrawingTool.polygon
DRAW-DEBUG: Estado atual antes: idle
DRAW-DEBUG: Estado após startDrawing: armed
DRAW-DEBUG: Ferramenta: polygon
00:04 +407 -17: /Users/raudineisilvapereira/dev/appdart/test/modules/drawing/drawing_flow_widget_test.dart: FIX-DRAW-FLOW-02 — Regressão Sheet State 🔁 Reabrir sheet após fechar deve funcionar
00:04 +407 -17: /Users/raudineisilvapereira/dev/appdart/test/modules/drawing/drawing_flow_state_test.dart: FIX-DRAW-FLOW-02 — InstructionText Validation 📝 instructionText deve mudar com 3+ pontos
DRAW-DEBUG: selectTool(polygon) → DrawingTool.polygon
DRAW-DEBUG: Estado atual antes: idle
DRAW-DEBUG: Estado após startDrawing: armed
DRAW-DEBUG: Ferramenta: polygon
00:04 +407 -17: /Users/raudineisilvapereira/dev/appdart/test/modules/drawing/drawing_flow_widget_test.dart: FIX-DRAW-FLOW-02 — Regressão Sheet State 🔁 Reabrir sheet após fechar deve funcionar
══╡ EXCEPTION CAUGHT BY FLUTTER TEST FRAMEWORK ╞════════════════════════════════════════════════════
The following message was thrown:
Multiple exceptions (4) were detected during the running of the current test, and at least one was
unexpected.
════════════════════════════════════════════════════════════════════════════════════════════════════
00:04 +408 -17: /Users/raudineisilvapereira/dev/appdart/test/modules/drawing/drawing_flow_widget_test.dart: FIX-DRAW-FLOW-02 — Regressão Sheet State 🔁 Reabrir sheet após fechar deve funcionar
00:04 +408 -18: /Users/raudineisilvapereira/dev/appdart/test/modules/drawing/drawing_flow_widget_test.dart: FIX-DRAW-FLOW-02 — Regressão Sheet State 🔁 Reabrir sheet após fechar deve funcionar [E]
  Test failed. See exception logs above.
  The test description was: 🔁 Reabrir sheet após fechar deve funcionar
  
00:04 +408 -18: /Users/raudineisilvapereira/dev/appdart/test/modules/drawing/drawing_flow_state_test.dart: FIX-DRAW-FLOW-02 — Edge Cases 🚫 appendDrawingPoint em idle não deve fazer nada
DRAW-ERROR: appendDrawingPoint chamado em estado idle. Ferramenta deve ser selecionada primeiro via selectTool().
00:04 +409 -18: /Users/raudineisilvapereira/dev/appdart/test/modules/drawing/drawing_flow_widget_test.dart: FIX-DRAW-FLOW-02 — Regressão Sheet State 🔁 Cancelar operação e reabrir sheet deve funcionar
00:04 +409 -18: /Users/raudineisilvapereira/dev/appdart/test/modules/drawing/drawing_flow_state_test.dart: FIX-DRAW-FLOW-02 — Edge Cases 🚫 appendDrawingPoint sem selectTool não deve adicionar ponto
DRAW-ERROR: appendDrawingPoint chamado em estado idle. Ferramenta deve ser selecionada primeiro via selectTool().
00:04 +410 -18: /Users/raudineisilvapereira/dev/appdart/test/modules/drawing/drawing_flow_widget_test.dart: FIX-DRAW-FLOW-02 — Regressão Sheet State 🔁 Cancelar operação e reabrir sheet deve funcionar
00:04 +410 -18: /Users/raudineisilvapereira/dev/appdart/test/modules/drawing/drawing_flow_state_test.dart: FIX-DRAW-FLOW-02 — Edge Cases 🔐 selectTool com ferramenta inválida deve resultar em idle
DRAW-DEBUG: selectTool(invalid_tool) → DrawingTool.none
DRAW-DEBUG: Estado atual antes: idle
DRAW-DEBUG: Modo desenho desativado
00:04 +411 -18: /Users/raudineisilvapereira/dev/appdart/test/modules/drawing/drawing_flow_widget_test.dart: FIX-DRAW-FLOW-02 — Regressão Sheet State 🔁 Cancelar operação e reabrir sheet deve funcionar
00:04 +411 -18: /Users/raudineisilvapereira/dev/appdart/test/modules/drawing/drawing_flow_state_test.dart: FIX-DRAW-FLOW-02 — Edge Cases 🔐 Múltiplos taps no mesmo ponto devem funcionar
DRAW-DEBUG: selectTool(polygon) → DrawingTool.polygon
DRAW-DEBUG: Estado atual antes: idle
DRAW-DEBUG: Estado após startDrawing: armed
DRAW-DEBUG: Ferramenta: polygon
00:04 +412 -18: /Users/raudineisilvapereira/dev/appdart/test/modules/drawing/drawing_flow_widget_test.dart: FIX-DRAW-FLOW-02 — Regressão Sheet State 🔁 Cancelar operação e reabrir sheet deve funcionar
00:04 +412 -18: /Users/raudineisilvapereira/dev/appdart/test/modules/drawing/drawing_flow_state_test.dart: FIX-DRAW-FLOW-02 — Diferentes Ferramentas 🛠️ selectTool(polygon) deve armar corretamente
DRAW-DEBUG: selectTool(polygon) → DrawingTool.polygon
DRAW-DEBUG: Estado atual antes: idle
DRAW-DEBUG: Estado após startDrawing: armed
DRAW-DEBUG: Ferramenta: polygon
00:04 +413 -18: /Users/raudineisilvapereira/dev/appdart/test/modules/drawing/drawing_flow_widget_test.dart: FIX-DRAW-FLOW-02 — Regressão Sheet State 🔁 Cancelar operação e reabrir sheet deve funcionar
00:04 +413 -18: /Users/raudineisilvapereira/dev/appdart/test/modules/drawing/drawing_flow_state_test.dart: FIX-DRAW-FLOW-02 — Diferentes Ferramentas 🛠️ selectTool(freehand) deve armar corretamente
DRAW-DEBUG: selectTool(freehand) → DrawingTool.freehand
DRAW-DEBUG: Estado atual antes: idle
DRAW-DEBUG: Estado após startDrawing: armed
DRAW-DEBUG: Ferramenta: freehand
00:04 +414 -18: /Users/raudineisilvapereira/dev/appdart/test/modules/drawing/drawing_flow_widget_test.dart: FIX-DRAW-FLOW-02 — Regressão Sheet State 🔁 Cancelar operação e reabrir sheet deve funcionar
00:04 +414 -18: /Users/raudineisilvapereira/dev/appdart/test/modules/drawing/drawing_flow_state_test.dart: FIX-DRAW-FLOW-02 — Diferentes Ferramentas 🛠️ selectTool(rectangle) deve armar corretamente
DRAW-DEBUG: selectTool(rectangle) → DrawingTool.rectangle
DRAW-DEBUG: Estado atual antes: idle
DRAW-DEBUG: Estado após startDrawing: armed
DRAW-DEBUG: Ferramenta: rectangle
00:04 +415 -18: /Users/raudineisilvapereira/dev/appdart/test/modules/drawing/drawing_flow_widget_test.dart: FIX-DRAW-FLOW-02 — Regressão Sheet State 🔁 Cancelar operação e reabrir sheet deve funcionar
00:04 +415 -18: /Users/raudineisilvapereira/dev/appdart/test/modules/drawing/drawing_flow_state_test.dart: FIX-DRAW-FLOW-02 — Diferentes Ferramentas 🛠️ selectTool(circle) deve armar corretamente
DRAW-DEBUG: selectTool(circle) → DrawingTool.circle
DRAW-DEBUG: Estado atual antes: idle
DRAW-DEBUG: Estado após startDrawing: armed
DRAW-DEBUG: Ferramenta: circle
00:04 +416 -18: /Users/raudineisilvapereira/dev/appdart/test/modules/drawing/drawing_flow_widget_test.dart: FIX-DRAW-FLOW-02 — Regressão Sheet State 🔁 Cancelar operação e reabrir sheet deve funcionar
00:04 +416 -18: /Users/raudineisilvapereira/dev/appdart/test/modules/drawing/drawing_flow_state_test.dart: FIX-DRAW-FLOW-02 — Diferentes Ferramentas 🛠️ selectTool(pivot) deve armar corretamente
DRAW-DEBUG: selectTool(pivot) → DrawingTool.pivot
DRAW-DEBUG: Estado atual antes: idle
DRAW-DEBUG: Estado após startDrawing: armed
DRAW-DEBUG: Ferramenta: pivot
00:04 +417 -18: /Users/raudineisilvapereira/dev/appdart/test/modules/drawing/drawing_flow_widget_test.dart: FIX-DRAW-FLOW-02 — Regressão Sheet State 🔁 Cancelar operação e reabrir sheet deve funcionar
00:04 +417 -18: /Users/raudineisilvapereira/dev/appdart/test/modules/drawing/drawing_flow_state_test.dart: FIX-DRAW-FLOW-02 — Diferentes Ferramentas 🛠️ Todas as ferramentas devem transicionar para drawing após ponto
DRAW-DEBUG: selectTool(polygon) → DrawingTool.polygon
DRAW-DEBUG: Estado atual antes: idle
DRAW-DEBUG: Estado após startDrawing: armed
DRAW-DEBUG: Ferramenta: polygon
DRAW-DEBUG: selectTool(freehand) → DrawingTool.freehand
DRAW-DEBUG: Estado atual antes: idle
DRAW-DEBUG: Estado após startDrawing: armed
DRAW-DEBUG: Ferramenta: freehand
DRAW-DEBUG: selectTool(rectangle) → DrawingTool.rectangle
DRAW-DEBUG: Estado atual antes: idle
DRAW-DEBUG: Estado após startDrawing: armed
DRAW-DEBUG: Ferramenta: rectangle
DRAW-DEBUG: selectTool(circle) → DrawingTool.circle
DRAW-DEBUG: Estado atual antes: idle
DRAW-DEBUG: Estado após startDrawing: armed
DRAW-DEBUG: Ferramenta: circle
00:04 +418 -18: /Users/raudineisilvapereira/dev/appdart/test/modules/drawing/drawing_flow_widget_test.dart: FIX-DRAW-FLOW-02 — Regressão Sheet State 🔁 Cancelar operação e reabrir sheet deve funcionar
DRAW-DEBUG: selectTool(polygon) → DrawingTool.polygon
DRAW-DEBUG: Estado atual antes: idle
DRAW-DEBUG: Estado após startDrawing: armed
DRAW-DEBUG: Ferramenta: polygon
DRAW-DEBUG: selectTool(freehand) → DrawingTool.freehand
DRAW-DEBUG: Estado atual antes: idle
DRAW-DEBUG: Estado após startDrawing: armed
DRAW-DEBUG: Ferramenta: freehand
══╡ EXCEPTION CAUGHT BY RENDERING LIBRARY ╞═════════════════════════════════════════════════════════
The following assertion was thrown during layout:
A RenderFlex overflowed by 26 pixels on the bottom.

The relevant error-causing widget was:
  Column
  Column:file:///Users/raudineisilvapereira/dev/appdart/lib/modules/drawing/presentation/widgets/drawing_sheet.dart:146:33

The overflowing RenderFlex has an orientation of Axis.vertical.
The edge of the RenderFlex that is overflowing has been marked in the rendering with a yellow and
black striped pattern. This is usually caused by the contents being too big for the RenderFlex.
Consider applying a flex factor (e.g. using an Expanded widget) to force the children of the
RenderFlex to fit within the available space instead of being sized to their natural size.
This is considered an error condition because it indicates that there is content that cannot be
seen. If the content is legitimately bigger than the available space, consider clipping it with a
ClipRect widget before putting it in the flex, or using a scrollable container rather than a Flex,
like a ListView.
The specific RenderFlex in question is: RenderFlex#ad62c relayoutBoundary=up4 OVERFLOWING:
  creator: Column ← ListenableBuilder ← Flexible ← Column ← Padding ← DecoratedBox ← Container ←
    DrawingSheet ← KeyedSubtree-[GlobalKey#7ed3a] ← _BodyBuilder ← MediaQuery ←
    LayoutId-[<_ScaffoldSlot.body>] ← ⋯
  parentData: offset=Offset(0.0, 97.0); flex=1; fit=FlexFit.loose (can use size)
  constraints: BoxConstraints(w=800.0, 0.0<=h<=491.0)
  size: Size(800.0, 491.0)
  direction: vertical
  mainAxisAlignment: start
  mainAxisSize: min
  crossAxisAlignment: center
  verticalDirection: down
  spacing: 0.0
◢◤◢◤◢◤◢◤◢◤◢◤◢◤◢◤◢◤◢◤◢◤◢◤◢◤◢◤◢◤◢◤◢◤◢◤◢◤◢◤◢◤◢◤◢◤◢◤◢◤◢◤◢◤◢◤◢◤◢◤◢◤◢◤◢◤◢◤◢◤◢◤◢◤◢◤◢◤◢◤◢◤◢◤◢◤◢◤◢◤◢◤◢◤◢◤◢◤◢◤
════════════════════════════════════════════════════════════════════════════════════════════════════
00:04 +418 -19: /Users/raudineisilvapereira/dev/appdart/test/modules/drawing/drawing_flow_widget_test.dart: FIX-DRAW-FLOW-02 — Regressão Sheet State 🔁 Cancelar operação e reabrir sheet deve funcionar [E]
  Test failed. See exception logs above.
  The test description was: 🔁 Cancelar operação e reabrir sheet deve funcionar
  
00:04 +418 -19: /Users/raudineisilvapereira/dev/appdart/test/modules/drawing/drawing_flow_widget_test.dart: FIX-DRAW-FLOW-02 — Regressão Sheet State 🚫 Não deve lançar erro se controller for descartado
00:04 +419 -19: /Users/raudineisilvapereira/dev/appdart/test/modules/drawing/drawing_flow_widget_test.dart: FIX-DRAW-FLOW-02 — Regressão Sheet State 🚫 Não deve lançar erro se controller for descartado
══╡ EXCEPTION CAUGHT BY RENDERING LIBRARY ╞═════════════════════════════════════════════════════════
The following assertion was thrown during layout:
A RenderFlex overflowed by 26 pixels on the bottom.

The relevant error-causing widget was:
  Column
  Column:file:///Users/raudineisilvapereira/dev/appdart/lib/modules/drawing/presentation/widgets/drawing_sheet.dart:146:33

The overflowing RenderFlex has an orientation of Axis.vertical.
The edge of the RenderFlex that is overflowing has been marked in the rendering with a yellow and
black striped pattern. This is usually caused by the contents being too big for the RenderFlex.
Consider applying a flex factor (e.g. using an Expanded widget) to force the children of the
RenderFlex to fit within the available space instead of being sized to their natural size.
This is considered an error condition because it indicates that there is content that cannot be
seen. If the content is legitimately bigger than the available space, consider clipping it with a
ClipRect widget before putting it in the flex, or using a scrollable container rather than a Flex,
like a ListView.
The specific RenderFlex in question is: RenderFlex#461b7 relayoutBoundary=up4 OVERFLOWING:
  creator: Column ← ListenableBuilder ← Flexible ← Column ← Padding ← DecoratedBox ← Container ←
    DrawingSheet ← KeyedSubtree-[GlobalKey#34f88] ← _BodyBuilder ← MediaQuery ←
    LayoutId-[<_ScaffoldSlot.body>] ← ⋯
  parentData: offset=Offset(0.0, 97.0); flex=1; fit=FlexFit.loose (can use size)
  constraints: BoxConstraints(w=800.0, 0.0<=h<=491.0)
  size: Size(800.0, 491.0)
  direction: vertical
  mainAxisAlignment: start
  mainAxisSize: min
  crossAxisAlignment: center
  verticalDirection: down
  spacing: 0.0
◢◤◢◤◢◤◢◤◢◤◢◤◢◤◢◤◢◤◢◤◢◤◢◤◢◤◢◤◢◤◢◤◢◤◢◤◢◤◢◤◢◤◢◤◢◤◢◤◢◤◢◤◢◤◢◤◢◤◢◤◢◤◢◤◢◤◢◤◢◤◢◤◢◤◢◤◢◤◢◤◢◤◢◤◢◤◢◤◢◤◢◤◢◤◢◤◢◤◢◤
════════════════════════════════════════════════════════════════════════════════════════════════════
00:04 +419 -20: /Users/raudineisilvapereira/dev/appdart/test/modules/drawing/drawing_state_machine_v3_complete_test.dart: 🏭 DrawingStateMachineV3 — Complete Test Suite 🎬 Inicialização Máquina deve iniciar com modo none
00:04 +419 -20: /Users/raudineisilvapereira/dev/appdart/test/modules/drawing/drawing_flow_widget_test.dart: FIX-DRAW-FLOW-02 — Regressão Sheet State 🚫 Não deve lançar erro se controller for descartado [E]
  Test failed. See exception logs above.
  The test description was: 🚫 Não deve lançar erro se controller for descartado
  
00:04 +420 -20: /Users/raudineisilvapereira/dev/appdart/test/modules/drawing/drawing_state_machine_v3_complete_test.dart: 🏭 DrawingStateMachineV3 — Complete Test Suite 🎬 Inicialização Máquina deve iniciar sem histórico de eventos
00:04 +421 -20: /Users/raudineisilvapereira/dev/appdart/test/modules/drawing/drawing_flow_widget_test.dart: FIX-DRAW-FLOW-02 — Integration: Sheet + Controller 🔗 Fluxo completo: abrir → selecionar → fechar → estado armed
00:04 +422 -20: /Users/raudineisilvapereira/dev/appdart/test/modules/drawing/drawing_flow_widget_test.dart: FIX-DRAW-FLOW-02 — Integration: Sheet + Controller 🔗 Fluxo completo: abrir → selecionar → fechar → estado armed
00:04 +422 -20: /Users/raudineisilvapereira/dev/appdart/test/modules/drawing/drawing_state_machine_v3_complete_test.dart: 🏭 DrawingStateMachineV3 — Complete Test Suite ✅ Transições Válidas De IDLE idle + selectTool(polygon) → armed
EVENT: selectTool → armed
00:04 +423 -20: /Users/raudineisilvapereira/dev/appdart/test/modules/drawing/drawing_flow_widget_test.dart: FIX-DRAW-FLOW-02 — Integration: Sheet + Controller 🔗 Fluxo completo: abrir → selecionar → fechar → estado armed
00:04 +423 -20: /Users/raudineisilvapereira/dev/appdart/test/modules/drawing/drawing_state_machine_v3_complete_test.dart: 🏭 DrawingStateMachineV3 — Complete Test Suite ✅ Transições Válidas De IDLE idle + selectTool(circle) → armed
EVENT: selectTool → armed
00:04 +424 -20: /Users/raudineisilvapereira/dev/appdart/test/modules/drawing/drawing_flow_widget_test.dart: FIX-DRAW-FLOW-02 — Integration: Sheet + Controller 🔗 Fluxo completo: abrir → selecionar → fechar → estado armed
00:04 +424 -20: /Users/raudineisilvapereira/dev/appdart/test/modules/drawing/drawing_state_machine_v3_complete_test.dart: 🏭 DrawingStateMachineV3 — Complete Test Suite ✅ Transições Válidas De IDLE idle + startEdit → editing
EVENT: startEdit → editing
00:04 +425 -20: /Users/raudineisilvapereira/dev/appdart/test/modules/drawing/drawing_flow_widget_test.dart: FIX-DRAW-FLOW-02 — Integration: Sheet + Controller 🔗 Fluxo completo: abrir → selecionar → fechar → estado armed
00:04 +425 -20: /Users/raudineisilvapereira/dev/appdart/test/modules/drawing/drawing_state_machine_v3_complete_test.dart: 🏭 DrawingStateMachineV3 — Complete Test Suite ✅ Transições Válidas De IDLE idle + startImport → importPreview
EVENT: startImport → importPreview
00:04 +426 -20: /Users/raudineisilvapereira/dev/appdart/test/modules/drawing/drawing_flow_widget_test.dart: FIX-DRAW-FLOW-02 — Integration: Sheet + Controller 🔗 Fluxo completo: abrir → selecionar → fechar → estado armed
00:04 +426 -20: /Users/raudineisilvapereira/dev/appdart/test/modules/drawing/drawing_state_machine_v3_complete_test.dart: 🏭 DrawingStateMachineV3 — Complete Test Suite ✅ Transições Válidas De ARMED armed + addPoint → drawing
EVENT: selectTool → armed
EVENT: addPoint → drawing
00:04 +427 -20: /Users/raudineisilvapereira/dev/appdart/test/modules/drawing/drawing_flow_widget_test.dart: FIX-DRAW-FLOW-02 — Integration: Sheet + Controller 🔗 Fluxo completo: abrir → selecionar → fechar → estado armed
00:04 +427 -20: /Users/raudineisilvapereira/dev/appdart/test/modules/drawing/drawing_state_machine_v3_complete_test.dart: 🏭 DrawingStateMachineV3 — Complete Test Suite ✅ Transições Válidas De ARMED armed + selectTool(circle) → armed (troca ferramenta)
EVENT: selectTool → armed
EVENT: selectTool → armed
00:04 +428 -20: /Users/raudineisilvapereira/dev/appdart/test/modules/drawing/drawing_flow_widget_test.dart: FIX-DRAW-FLOW-02 — Integration: Sheet + Controller 🔗 Fluxo completo: abrir → selecionar → fechar → estado armed
00:04 +428 -20: /Users/raudineisilvapereira/dev/appdart/test/modules/drawing/drawing_state_machine_v3_complete_test.dart: 🏭 DrawingStateMachineV3 — Complete Test Suite ✅ Transições Válidas De ARMED armed + cancel → idle
EVENT: selectTool → armed
EVENT: cancel → idle
00:04 +429 -20: /Users/raudineisilvapereira/dev/appdart/test/modules/drawing/drawing_flow_widget_test.dart: FIX-DRAW-FLOW-02 — Integration: Sheet + Controller 🔗 Fluxo completo: abrir → selecionar → fechar → estado armed
00:04 +429 -20: /Users/raudineisilvapereira/dev/appdart/test/modules/drawing/drawing_state_machine_v3_complete_test.dart: 🏭 DrawingStateMachineV3 — Complete Test Suite ✅ Transições Válidas De DRAWING drawing + addPoint → drawing (incrementa pontos)
EVENT: selectTool → armed
EVENT: addPoint → drawing
EVENT: addPoint → drawing
00:04 +430 -20: /Users/raudineisilvapereira/dev/appdart/test/modules/drawing/drawing_flow_widget_test.dart: FIX-DRAW-FLOW-02 — Integration: Sheet + Controller 🔗 Fluxo completo: abrir → selecionar → fechar → estado armed
00:04 +430 -20: /Users/raudineisilvapereira/dev/appdart/test/modules/drawing/drawing_state_machine_v3_complete_test.dart: 🏭 DrawingStateMachineV3 — Complete Test Suite ✅ Transições Válidas De DRAWING drawing + complete → reviewing
EVENT: selectTool → armed
EVENT: addPoint → drawing
EVENT: complete → reviewing
00:04 +431 -20: /Users/raudineisilvapereira/dev/appdart/test/modules/drawing/drawing_flow_widget_test.dart: FIX-DRAW-FLOW-02 — Integration: Sheet + Controller 🔗 Fluxo completo: abrir → selecionar → fechar → estado armed
00:04 +431 -20: /Users/raudineisilvapereira/dev/appdart/test/modules/drawing/drawing_state_machine_v3_complete_test.dart: 🏭 DrawingStateMachineV3 — Complete Test Suite ✅ Transições Válidas De DRAWING drawing + cancel → idle
EVENT: selectTool → armed
EVENT: addPoint → drawing
EVENT: cancel → idle
00:04 +432 -20: /Users/raudineisilvapereira/dev/appdart/test/modules/drawing/drawing_flow_widget_test.dart: FIX-DRAW-FLOW-02 — Integration: Sheet + Controller 🔗 Fluxo completo: abrir → selecionar → fechar → estado armed
00:04 +432 -20: /Users/raudineisilvapereira/dev/appdart/test/modules/drawing/drawing_state_machine_v3_complete_test.dart: 🏭 DrawingStateMachineV3 — Complete Test Suite ✅ Transições Válidas De REVIEWING reviewing + startEdit → editing
EVENT: selectTool → armed
EVENT: addPoint → drawing
EVENT: complete → reviewing
EVENT: startEdit → editing
00:04 +433 -20: /Users/raudineisilvapereira/dev/appdart/test/modules/drawing/drawing_flow_widget_test.dart: FIX-DRAW-FLOW-02 — Integration: Sheet + Controller 🔗 Fluxo completo: abrir → selecionar → fechar → estado armed
00:04 +433 -20: /Users/raudineisilvapereira/dev/appdart/test/modules/drawing/drawing_state_machine_v3_complete_test.dart: 🏭 DrawingStateMachineV3 — Complete Test Suite ✅ Transições Válidas De REVIEWING reviewing + confirm → idle
EVENT: selectTool → armed
EVENT: addPoint → drawing
EVENT: complete → reviewing
EVENT: confirm → idle
00:04 +434 -20: /Users/raudineisilvapereira/dev/appdart/test/modules/drawing/drawing_flow_widget_test.dart: FIX-DRAW-FLOW-02 — Integration: Sheet + Controller 🔗 Fluxo completo: abrir → selecionar → fechar → estado armed
00:04 +434 -20: /Users/raudineisilvapereira/dev/appdart/test/modules/drawing/drawing_state_machine_v3_complete_test.dart: 🏭 DrawingStateMachineV3 — Complete Test Suite ✅ Transições Válidas De REVIEWING reviewing + cancel → idle
EVENT: selectTool → armed
EVENT: addPoint → drawing
EVENT: complete → reviewing
EVENT: cancel → idle
00:04 +435 -20: /Users/raudineisilvapereira/dev/appdart/test/modules/drawing/drawing_flow_widget_test.dart: FIX-DRAW-FLOW-02 — Integration: Sheet + Controller 🔗 Fluxo completo: abrir → selecionar → fechar → estado armed
00:04 +435 -20: /Users/raudineisilvapereira/dev/appdart/test/modules/drawing/drawing_state_machine_v3_complete_test.dart: 🏭 DrawingStateMachineV3 — Complete Test Suite ✅ Transições Válidas De REVIEWING reviewing + startBooleanOp(union) → booleanOperation
EVENT: selectTool → armed
EVENT: addPoint → drawing
EVENT: complete → reviewing
EVENT: startBooleanOp → booleanOperation
00:04 +436 -20: /Users/raudineisilvapereira/dev/appdart/test/modules/drawing/drawing_flow_widget_test.dart: FIX-DRAW-FLOW-02 — Integration: Sheet + Controller 🔗 Fluxo completo: abrir → selecionar → fechar → estado armed
00:04 +436 -20: /Users/raudineisilvapereira/dev/appdart/test/modules/drawing/drawing_state_machine_v3_complete_test.dart: 🏭 DrawingStateMachineV3 — Complete Test Suite ✅ Transições Válidas De EDITING editing + saveEdit → reviewing
EVENT: startEdit → editing
EVENT: saveEdit → reviewing
00:04 +437 -20: /Users/raudineisilvapereira/dev/appdart/test/modules/drawing/drawing_flow_widget_test.dart: FIX-DRAW-FLOW-02 — Integration: Sheet + Controller 🔗 Fluxo completo: abrir → selecionar → fechar → estado armed
00:04 +437 -20: /Users/raudineisilvapereira/dev/appdart/test/modules/drawing/drawing_state_machine_v3_complete_test.dart: 🏭 DrawingStateMachineV3 — Complete Test Suite ✅ Transições Válidas De EDITING editing + cancel → reviewing
EVENT: startEdit → editing
EVENT: cancel → reviewing
00:04 +438 -20: /Users/raudineisilvapereira/dev/appdart/test/modules/drawing/drawing_flow_widget_test.dart: FIX-DRAW-FLOW-02 — Integration: Sheet + Controller 🔗 Fluxo completo: abrir → selecionar → fechar → estado armed
00:04 +438 -20: /Users/raudineisilvapereira/dev/appdart/test/modules/drawing/drawing_state_machine_v3_complete_test.dart: 🏭 DrawingStateMachineV3 — Complete Test Suite ✅ Transições Válidas De IMPORTPREVIEW importPreview + confirmImport → reviewing
EVENT: startImport → importPreview
EVENT: confirmImport → reviewing
00:04 +439 -20: /Users/raudineisilvapereira/dev/appdart/test/modules/drawing/drawing_flow_widget_test.dart: FIX-DRAW-FLOW-02 — Integration: Sheet + Controller 🔗 Fluxo completo: abrir → selecionar → fechar → estado armed
00:04 +439 -20: /Users/raudineisilvapereira/dev/appdart/test/modules/drawing/drawing_state_machine_v3_complete_test.dart: 🏭 DrawingStateMachineV3 — Complete Test Suite ✅ Transições Válidas De IMPORTPREVIEW importPreview + cancel → idle
EVENT: startImport → importPreview
EVENT: cancel → idle
00:04 +440 -20: /Users/raudineisilvapereira/dev/appdart/test/modules/drawing/drawing_flow_widget_test.dart: FIX-DRAW-FLOW-02 — Integration: Sheet + Controller 🔗 Fluxo completo: abrir → selecionar → fechar → estado armed
00:04 +440 -20: /Users/raudineisilvapereira/dev/appdart/test/modules/drawing/drawing_state_machine_v3_complete_test.dart: 🏭 DrawingStateMachineV3 — Complete Test Suite ✅ Transições Válidas De BOOLEANOPERATION booleanOp + completeBooleanOp → reviewing
EVENT: selectTool → armed
EVENT: addPoint → drawing
EVENT: complete → reviewing
EVENT: startBooleanOp → booleanOperation
EVENT: completeBooleanOp → reviewing
00:04 +441 -20: /Users/raudineisilvapereira/dev/appdart/test/modules/drawing/drawing_flow_widget_test.dart: FIX-DRAW-FLOW-02 — Integration: Sheet + Controller 🔗 Fluxo completo: abrir → selecionar → fechar → estado armed
00:04 +441 -20: /Users/raudineisilvapereira/dev/appdart/test/modules/drawing/drawing_state_machine_v3_complete_test.dart: 🏭 DrawingStateMachineV3 — Complete Test Suite ✅ Transições Válidas De BOOLEANOPERATION booleanOp + cancel → idle
EVENT: selectTool → armed
EVENT: addPoint → drawing
EVENT: complete → reviewing
EVENT: startBooleanOp → booleanOperation
EVENT: cancel → idle
00:04 +442 -20: /Users/raudineisilvapereira/dev/appdart/test/modules/drawing/drawing_flow_widget_test.dart: FIX-DRAW-FLOW-02 — Integration: Sheet + Controller 🔗 Fluxo completo: abrir → selecionar → fechar → estado armed
00:04 +443 -20: /Users/raudineisilvapereira/dev/appdart/test/modules/drawing/drawing_flow_widget_test.dart: FIX-DRAW-FLOW-02 — Integration: Sheet + Controller 🔗 Fluxo completo: abrir → selecionar → fechar → estado armed
00:04 +444 -20: /Users/raudineisilvapereira/dev/appdart/test/modules/drawing/drawing_flow_widget_test.dart: FIX-DRAW-FLOW-02 — Integration: Sheet + Controller 🔗 Fluxo completo: abrir → selecionar → fechar → estado armed
00:04 +444 -20: /Users/raudineisilvapereira/dev/appdart/test/modules/drawing/drawing_state_machine_v3_complete_test.dart: 🏭 DrawingStateMachineV3 — Complete Test Suite ❌ Transições Inválidas armed + complete → BLOQUEADO
EVENT: selectTool → armed
00:04 +445 -20: /Users/raudineisilvapereira/dev/appdart/test/modules/drawing/drawing_flow_widget_test.dart: FIX-DRAW-FLOW-02 — Integration: Sheet + Controller 🔗 Fluxo completo: abrir → selecionar → fechar → estado armed
00:04 +445 -20: /Users/raudineisilvapereira/dev/appdart/test/modules/drawing/drawing_state_machine_v3_complete_test.dart: 🏭 DrawingStateMachineV3 — Complete Test Suite ❌ Transições Inválidas drawing + startEdit → BLOQUEADO
EVENT: selectTool → armed
EVENT: addPoint → drawing
00:04 +446 -20: /Users/raudineisilvapereira/dev/appdart/test/modules/drawing/drawing_flow_widget_test.dart: FIX-DRAW-FLOW-02 — Integration: Sheet + Controller 🔗 Fluxo completo: abrir → selecionar → fechar → estado armed
00:04 +446 -20: /Users/raudineisilvapereira/dev/appdart/test/modules/drawing/drawing_state_machine_v3_complete_test.dart: 🏭 DrawingStateMachineV3 — Complete Test Suite ❌ Transições Inválidas editing + addPoint → BLOQUEADO
EVENT: startEdit → editing
00:04 +447 -20: /Users/raudineisilvapereira/dev/appdart/test/modules/drawing/drawing_flow_widget_test.dart: FIX-DRAW-FLOW-02 — Integration: Sheet + Controller 🔗 Fluxo completo: abrir → selecionar → fechar → estado armed
00:04 +447 -20: /Users/raudineisilvapereira/dev/appdart/test/modules/drawing/drawing_state_machine_v3_complete_test.dart: 🏭 DrawingStateMachineV3 — Complete Test Suite 🔁 Undo/Redo undo() remove último evento e recalcula estado
EVENT: selectTool → armed
EVENT: addPoint → drawing
UNDO: addPoint → armed
00:04 +448 -20: /Users/raudineisilvapereira/dev/appdart/test/modules/drawing/drawing_flow_widget_test.dart: FIX-DRAW-FLOW-02 — Integration: Sheet + Controller 🔗 Fluxo completo: abrir → selecionar → fechar → estado armed
00:04 +448 -20: /Users/raudineisilvapereira/dev/appdart/test/modules/drawing/drawing_state_machine_v3_complete_test.dart: 🏭 DrawingStateMachineV3 — Complete Test Suite 🔁 Undo/Redo undo em sequência deve voltar estados corretamente
EVENT: selectTool → armed
EVENT: addPoint → drawing
EVENT: addPoint → drawing
UNDO: addPoint → drawing
UNDO: addPoint → armed
UNDO: selectTool → idle
00:04 +449 -20: /Users/raudineisilvapereira/dev/appdart/test/modules/drawing/drawing_flow_widget_test.dart: FIX-DRAW-FLOW-02 — Integration: Sheet + Controller 🔗 Fluxo completo: abrir → selecionar → fechar → estado armed
00:04 +449 -20: /Users/raudineisilvapereira/dev/appdart/test/modules/drawing/drawing_state_machine_v3_complete_test.dart: 🏭 DrawingStateMachineV3 — Complete Test Suite 🔁 Undo/Redo redo() reapl ica evento removido
EVENT: selectTool → armed
EVENT: addPoint → drawing
UNDO: addPoint → armed
REDO: addPoint → drawing
00:04 +450 -20: /Users/raudineisilvapereira/dev/appdart/test/modules/drawing/drawing_flow_widget_test.dart: FIX-DRAW-FLOW-02 — Integration: Sheet + Controller 🔗 Fluxo completo: abrir → selecionar → fechar → estado armed
00:04 +450 -20: /Users/raudineisilvapereira/dev/appdart/test/modules/drawing/drawing_state_machine_v3_complete_test.dart: 🏭 DrawingStateMachineV3 — Complete Test Suite 🔁 Undo/Redo nova ação após undo limpa redo stack
EVENT: selectTool → armed
EVENT: addPoint → drawing
UNDO: addPoint → armed
EVENT: addPoint → drawing
00:04 +451 -20: /Users/raudineisilvapereira/dev/appdart/test/modules/drawing/drawing_flow_widget_test.dart: FIX-DRAW-FLOW-02 — Integration: Sheet + Controller 🔗 Fluxo completo: abrir → selecionar → fechar → estado armed
DRAW-DEBUG: selectTool(polygon) → DrawingTool.polygon
DRAW-DEBUG: Estado atual antes: idle
DRAW-DEBUG: Estado após startDrawing: armed
DRAW-DEBUG: Ferramenta: polygon
00:04 +452 -20: /Users/raudineisilvapereira/dev/appdart/test/modules/drawing/drawing_flow_widget_test.dart: FIX-DRAW-FLOW-02 — Integration: Sheet + Controller 🔗 Fluxo completo: abrir → selecionar → fechar → estado armed
00:04 +453 -20: /Users/raudineisilvapereira/dev/appdart/test/modules/drawing/drawing_flow_widget_test.dart: FIX-DRAW-FLOW-02 — Integration: Sheet + Controller 🔗 Fluxo completo: abrir → selecionar → fechar → estado armed
00:04 +453 -20: /Users/raudineisilvapereira/dev/appdart/test/modules/drawing/drawing_state_machine_v3_complete_test.dart: 🏭 DrawingStateMachineV3 — Complete Test Suite 📚 Event History dispatch adiciona evento ao histórico
EVENT: selectTool → armed
00:04 +454 -20: /Users/raudineisilvapereira/dev/appdart/test/modules/drawing/drawing_flow_widget_test.dart: FIX-DRAW-FLOW-02 — Integration: Sheet + Controller 🔗 Fluxo completo: abrir → selecionar → fechar → estado armed
00:04 +454 -20: /Users/raudineisilvapereira/dev/appdart/test/modules/drawing/drawing_state_machine_v3_complete_test.dart: 🏭 DrawingStateMachineV3 — Complete Test Suite 📚 Event History histórico é imutável (não pode modificar de fora)
EVENT: selectTool → armed
00:04 +455 -20: /Users/raudineisilvapereira/dev/appdart/test/modules/drawing/drawing_flow_widget_test.dart: FIX-DRAW-FLOW-02 — Integration: Sheet + Controller 🔗 Fluxo completo: abrir → selecionar → fechar → estado armed
00:04 +456 -20: /Users/raudineisilvapereira/dev/appdart/test/modules/drawing/drawing_flow_widget_test.dart: FIX-DRAW-FLOW-02 — Integration: Sheet + Controller 🔗 Fluxo completo: abrir → selecionar → fechar → estado armed
00:04 +456 -20: /Users/raudineisilvapereira/dev/appdart/test/modules/drawing/drawing_state_machine_v3_complete_test.dart: 🏭 DrawingStateMachineV3 — Complete Test Suite 📚 Event History histórico respeita limite máximo (100 eventos)
EVENT: selectTool → armed
EVENT: addPoint → drawing
EVENT: addPoint → drawing
EVENT: addPoint → drawing
EVENT: addPoint → drawing
EVENT: addPoint → drawing
EVENT: addPoint → drawing
EVENT: addPoint → drawing
EVENT: addPoint → drawing
EVENT: addPoint → drawing
EVENT: addPoint → drawing
EVENT: addPoint → drawing
EVENT: addPoint → drawing
EVENT: addPoint → drawing
EVENT: addPoint → drawing
EVENT: addPoint → drawing
EVENT: addPoint → drawing
EVENT: addPoint → drawing
EVENT: addPoint → drawing
EVENT: addPoint → drawing
📸 SNAPSHOT criado no evento #20
EVENT: addPoint → drawing
EVENT: addPoint → drawing
EVENT: addPoint → drawing
EVENT: addPoint → drawing
EVENT: addPoint → drawing
EVENT: addPoint → drawing
EVENT: addPoint → drawing
EVENT: addPoint → drawing
EVENT: addPoint → drawing
EVENT: addPoint → drawing
EVENT: addPoint → drawing
EVENT: addPoint → drawing
EVENT: addPoint → drawing
EVENT: addPoint → drawing
EVENT: addPoint → drawing
EVENT: addPoint → drawing
EVENT: addPoint → drawing
EVENT: addPoint → drawing
EVENT: addPoint → drawing
EVENT: addPoint → drawing
📸 SNAPSHOT criado no evento #40
EVENT: addPoint → drawing
EVENT: addPoint → drawing
EVENT: addPoint → drawing
EVENT: addPoint → drawing
EVENT: addPoint → drawing
EVENT: addPoint → drawing
EVENT: addPoint → drawing
EVENT: addPoint → drawing
EVENT: addPoint → drawing
EVENT: addPoint → drawing
EVENT: addPoint → drawing
EVENT: addPoint → drawing
EVENT: addPoint → drawing
EVENT: addPoint → drawing
EVENT: addPoint → drawing
EVENT: addPoint → drawing
EVENT: addPoint → drawing
EVENT: addPoint → drawing
EVENT: addPoint → drawing
EVENT: addPoint → drawing
📸 SNAPSHOT criado no evento #60
EVENT: addPoint → drawing
EVENT: addPoint → drawing
EVENT: addPoint → drawing
EVENT: addPoint → drawing
EVENT: addPoint → drawing
EVENT: addPoint → drawing
EVENT: addPoint → drawing
EVENT: addPoint → drawing
EVENT: addPoint → drawing
EVENT: addPoint → drawing
EVENT: addPoint → drawing
EVENT: addPoint → drawing
EVENT: addPoint → drawing
EVENT: addPoint → drawing
EVENT: addPoint → drawing
EVENT: addPoint → drawing
EVENT: addPoint → drawing
EVENT: addPoint → drawing
EVENT: addPoint → drawing
EVENT: addPoint → drawing
📸 SNAPSHOT criado no evento #80
EVENT: addPoint → drawing
EVENT: addPoint → drawing
EVENT: addPoint → drawing
EVENT: addPoint → drawing
EVENT: addPoint → drawing
EVENT: addPoint → drawing
EVENT: addPoint → drawing
EVENT: addPoint → drawing
EVENT: addPoint → drawing
EVENT: addPoint → drawing
EVENT: addPoint → drawing
EVENT: addPoint → drawing
EVENT: addPoint → drawing
EVENT: addPoint → drawing
EVENT: addPoint → drawing
EVENT: addPoint → drawing
EVENT: addPoint → drawing
EVENT: addPoint → drawing
EVENT: addPoint → drawing
EVENT: addPoint → drawing
🗑️ Snapshots invalidados
EVENT: addPoint → drawing
🗑️ Snapshots invalidados
EVENT: addPoint → drawing
🗑️ Snapshots invalidados
EVENT: addPoint → drawing
🗑️ Snapshots invalidados
EVENT: addPoint → drawing
🗑️ Snapshots invalidados
EVENT: addPoint → drawing
00:04 +456 -20: /Users/raudineisilvapereira/dev/appdart/test/modules/drawing/drawing_flow_widget_test.dart: FIX-DRAW-FLOW-02 — Integration: Sheet + Controller 🔗 Fluxo completo: abrir → selecionar → fechar → estado armed
══╡ EXCEPTION CAUGHT BY RENDERING LIBRARY ╞═════════════════════════════════════════════════════════
The following assertion was thrown during layout:
A RenderFlex overflowed by 289 pixels on the bottom.

The overflowing RenderFlex has an orientation of Axis.vertical.
The edge of the RenderFlex that is overflowing has been marked in the rendering with a yellow and
black striped pattern. This is usually caused by the contents being too big for the RenderFlex.
Consider applying a flex factor (e.g. using an Expanded widget) to force the children of the
RenderFlex to fit within the available space instead of being sized to their natural size.
This is considered an error condition because it indicates that there is content that cannot be
seen. If the content is legitimately bigger than the available space, consider clipping it with a
ClipRect widget before putting it in the flex, or using a scrollable container rather than a Flex,
like a ListView.
The specific RenderFlex in question is: RenderFlex#36da6 DISPOSED OVERFLOWING:
  creator: MultiChildRenderObjectElement#6f495(DEFUNCT) ← StatefulElement#51064(DEFUNCT) ←
    ParentDataElement<FlexParentData>#929b3(DEFUNCT) ← MultiChildRenderObjectElement#f50b1(DEFUNCT) ←
    SingleChildRenderObjectElement#e9c92(DEFUNCT) ← SingleChildRenderObjectElement#cb2c4(DEFUNCT) ←
    StatelessElement#096c3(DEFUNCT) ← ConsumerStatefulElement#9960f(DEFUNCT) ←
    _NotificationElement<DraggableScrollableNotification>#13bf7(DEFUNCT) ←
    InheritedElement#b8279(DEFUNCT) ← StatefulElement#46226(DEFUNCT) ←
    SingleChildRenderObjectElement#37259(DEFUNCT) ← ⋯
  parentData: offset=Offset(0.0, 97.0); flex=1; fit=FlexFit.loose (can use size)
  constraints: BoxConstraints(w=640.0, 0.0<=h<=228.5)
  size: Size(640.0, 228.5)
  direction: vertical
  mainAxisAlignment: start
  mainAxisSize: min
  crossAxisAlignment: center
  verticalDirection: down
  spacing: 0.0
◢◤◢◤◢◤◢◤◢◤◢◤◢◤◢◤◢◤◢◤◢◤◢◤◢◤◢◤◢◤◢◤◢◤◢◤◢◤◢◤◢◤◢◤◢◤◢◤◢◤◢◤◢◤◢◤◢◤◢◤◢◤◢◤◢◤◢◤◢◤◢◤◢◤◢◤◢◤◢◤◢◤◢◤◢◤◢◤◢◤◢◤◢◤◢◤◢◤◢◤
════════════════════════════════════════════════════════════════════════════════════════════════════
00:04 +457 -20: /Users/raudineisilvapereira/dev/appdart/test/modules/drawing/drawing_flow_widget_test.dart: FIX-DRAW-FLOW-02 — Integration: Sheet + Controller 🔗 Fluxo completo: abrir → selecionar → fechar → estado armed
00:04 +457 -21: /Users/raudineisilvapereira/dev/appdart/test/modules/drawing/drawing_flow_widget_test.dart: FIX-DRAW-FLOW-02 — Integration: Sheet + Controller 🔗 Fluxo completo: abrir → selecionar → fechar → estado armed [E]
  Test failed. See exception logs above.
  The test description was: 🔗 Fluxo completo: abrir → selecionar → fechar → estado armed
  
00:04 +457 -21: /Users/raudineisilvapereira/dev/appdart/test/modules/drawing/drawing_state_machine_v3_complete_test.dart: 🏭 DrawingStateMachineV3 — Complete Test Suite 📚 Event History eventos têm timestamp automático
00:04 +457 -21: /Users/raudineisilvapereira/dev/appdart/test/modules/drawing/drawing_flow_widget_test.dart: FIX-DRAW-FLOW-02 — Integration: Sheet + Controller 🔗 Fluxo completo: abrir → selecionar → fechar → estado armed
══╡ EXCEPTION CAUGHT BY WIDGET INSPECTOR ╞══════════════════════════════════════════════════════════
The following assertion was thrown:
Looking up a deactivated widget's ancestor is unsafe.
At this point the state of the widget's element tree is no longer stable.
To safely refer to a widget's ancestor in its dispose() method, save a reference to the ancestor by
calling dependOnInheritedWidgetOfExactType() in the widget's didChangeDependencies() method.

When the exception was thrown, this was the stack:
#0      Element._debugCheckStateIsActiveForAncestorLookup.<anonymous closure> (package:flutter/src/widgets/framework.dart:5049:9)
#1      Element._debugCheckStateIsActiveForAncestorLookup (package:flutter/src/widgets/framework.dart:5063:6)
#2      Element.visitAncestorElements (package:flutter/src/widgets/framework.dart:5174:12)
#3      _describeRelevantUserCode (package:flutter/src/widgets/widget_inspector.dart:4236:13)
#4      _parseDiagnosticsNode (package:flutter/src/widgets/widget_inspector.dart:4155:12)
#5      debugTransformDebugCreator (package:flutter/src/widgets/widget_inspector.dart:4134:21)
#6      _FlutterErrorDetailsNode.builder (package:flutter/src/foundation/assertions.dart:1310:31)
#7      DiagnosticableNode.getProperties (package:flutter/src/foundation/diagnostics.dart:2943:68)
#8      TextTreeRenderer._debugRender (package:flutter/src/foundation/diagnostics.dart:1270:63)
#9      TextTreeRenderer.render (package:flutter/src/foundation/diagnostics.dart:1137:14)
#10     FlutterError.dumpErrorToConsole (package:flutter/src/foundation/assertions.dart:1040:13)
#11     _defaultTestExceptionReporter (package:flutter_test/src/test_exception_reporter.dart:29:16)
#12     TestWidgetsFlutterBinding._createTestCompletionHandler.<anonymous closure> (package:flutter_test/src/binding.dart:1444:28)
<asynchronous suspension>
(elided 8 frames from dart:async and package:stack_trace)

This exception was caught while trying to describe the user-relevant code of another error.
════════════════════════════════════════════════════════════════════════════════════════════════════
══╡ EXCEPTION CAUGHT BY WIDGET INSPECTOR ╞══════════════════════════════════════════════════════════
The following assertion was thrown:
Looking up a deactivated widget's ancestor is unsafe.
At this point the state of the widget's element tree is no longer stable.
To safely refer to a widget's ancestor in its dispose() method, save a reference to the ancestor by
calling dependOnInheritedWidgetOfExactType() in the widget's didChangeDependencies() method.

When the exception was thrown, this was the stack:
#0      Element._debugCheckStateIsActiveForAncestorLookup.<anonymous closure> (package:flutter/src/widgets/framework.dart:5049:9)
#1      Element._debugCheckStateIsActiveForAncestorLookup (package:flutter/src/widgets/framework.dart:5063:6)
#2      Element.visitAncestorElements (package:flutter/src/widgets/framework.dart:5174:12)
#3      _describeRelevantUserCode (package:flutter/src/widgets/widget_inspector.dart:4236:13)
#4      _parseDiagnosticsNode (package:flutter/src/widgets/widget_inspector.dart:4155:12)
#5      debugTransformDebugCreator (package:flutter/src/widgets/widget_inspector.dart:4134:21)
#6      _FlutterErrorDetailsNode.builder (package:flutter/src/foundation/assertions.dart:1310:31)
#7      DiagnosticableNode.emptyBodyDescription (package:flutter/src/foundation/diagnostics.dart:2939:45)
#8      TextTreeRenderer._debugRender (package:flutter/src/foundation/diagnostics.dart:1307:14)
#9      TextTreeRenderer.render (package:flutter/src/foundation/diagnostics.dart:1137:14)
#10     FlutterError.dumpErrorToConsole (package:flutter/src/foundation/assertions.dart:1040:13)
#11     _defaultTestExceptionReporter (package:flutter_test/src/test_exception_reporter.dart:29:16)
#12     TestWidgetsFlutterBinding._createTestCompletionHandler.<anonymous closure> (package:flutter_test/src/binding.dart:1444:28)
<asynchronous suspension>
(elided 8 frames from dart:async and package:stack_trace)

This exception was caught while trying to describe the user-relevant code of another error.
════════════════════════════════════════════════════════════════════════════════════════════════════
00:04 +457 -21: /Users/raudineisilvapereira/dev/appdart/test/modules/drawing/drawing_state_machine_v3_complete_test.dart: 🏭 DrawingStateMachineV3 — Complete Test Suite 📚 Event History eventos têm timestamp automático
EVENT: selectTool → armed
00:04 +458 -21: /Users/raudineisilvapereira/dev/appdart/test/modules/drawing/drawing_flow_widget_test.dart: FIX-DRAW-FLOW-02 — Integration: Sheet + Controller 🔗 Múltiplas ferramentas: trocar não deve quebrar
00:04 +458 -21: /Users/raudineisilvapereira/dev/appdart/test/modules/drawing/drawing_state_machine_v3_complete_test.dart: 🏭 DrawingStateMachineV3 — Complete Test Suite 🔄 Replay & Time-Travel replayUntilIndex reconstrói estado corretamente
EVENT: selectTool → armed
EVENT: addPoint → drawing
EVENT: addPoint → drawing
00:04 +459 -21: /Users/raudineisilvapereira/dev/appdart/test/modules/drawing/drawing_flow_widget_test.dart: FIX-DRAW-FLOW-02 — Integration: Sheet + Controller 🔗 Múltiplas ferramentas: trocar não deve quebrar
00:04 +459 -21: /Users/raudineisilvapereira/dev/appdart/test/modules/drawing/drawing_state_machine_v3_complete_test.dart: 🏭 DrawingStateMachineV3 — Complete Test Suite 🔄 Replay & Time-Travel replay completo corresponde ao estado atual
EVENT: selectTool → armed
EVENT: addPoint → drawing
EVENT: complete → reviewing
00:04 +460 -21: /Users/raudineisilvapereira/dev/appdart/test/modules/drawing/drawing_flow_widget_test.dart: FIX-DRAW-FLOW-02 — Integration: Sheet + Controller 🔗 Múltiplas ferramentas: trocar não deve quebrar
00:04 +460 -21: /Users/raudineisilvapereira/dev/appdart/test/modules/drawing/drawing_state_machine_v3_complete_test.dart: 🏭 DrawingStateMachineV3 — Complete Test Suite 🔄 Replay & Time-Travel replay é determinístico (sempre mesmo resultado)
EVENT: selectTool → armed
EVENT: addPoint → drawing
EVENT: addPoint → drawing
00:04 +461 -21: /Users/raudineisilvapereira/dev/appdart/test/modules/drawing/drawing_flow_widget_test.dart: FIX-DRAW-FLOW-02 — Integration: Sheet + Controller 🔗 Múltiplas ferramentas: trocar não deve quebrar
00:04 +461 -21: /Users/raudineisilvapereira/dev/appdart/test/modules/drawing/drawing_state_machine_v3_complete_test.dart: 🏭 DrawingStateMachineV3 — Complete Test Suite 🔄 Replay & Time-Travel replay não modifica estado atual
EVENT: selectTool → armed
EVENT: addPoint → drawing
EVENT: addPoint → drawing
00:04 +462 -21: /Users/raudineisilvapereira/dev/appdart/test/modules/drawing/drawing_flow_widget_test.dart: FIX-DRAW-FLOW-02 — Integration: Sheet + Controller 🔗 Múltiplas ferramentas: trocar não deve quebrar
00:04 +462 -21: /Users/raudineisilvapereira/dev/appdart/test/modules/drawing/drawing_state_machine_v3_complete_test.dart: 🏭 DrawingStateMachineV3 — Complete Test Suite 🔄 Replay & Time-Travel replayUntil(timestamp) funciona corretamente
EVENT: selectTool → armed
00:04 +462 -21: /Users/raudineisilvapereira/dev/appdart/test/modules/drawing/drawing_flow_widget_test.dart: FIX-DRAW-FLOW-02 — Integration: Sheet + Controller 🔗 Múltiplas ferramentas: trocar não deve quebrar
DRAW-DEBUG: selectTool(polygon) → DrawingTool.polygon
DRAW-DEBUG: Estado atual antes: idle
DRAW-DEBUG: Estado após startDrawing: armed
DRAW-DEBUG: Ferramenta: polygon
DRAW-DEBUG: selectTool(freehand) → DrawingTool.freehand
DRAW-DEBUG: Estado atual antes: armed
DRAW-DEBUG: Estado resetado para idle
DRAW-DEBUG: Estado após startDrawing: armed
DRAW-DEBUG: Ferramenta: freehand
DRAW-DEBUG: selectTool(pivot) → DrawingTool.pivot
DRAW-DEBUG: Estado atual antes: armed
DRAW-DEBUG: Estado resetado para idle
DRAW-DEBUG: Estado após startDrawing: armed
DRAW-DEBUG: Ferramenta: pivot
00:04 +463 -21: /Users/raudineisilvapereira/dev/appdart/test/modules/drawing/drawing_flow_widget_test.dart: FIX-DRAW-FLOW-02 — Integration: Sheet + Controller 🔗 Múltiplas ferramentas: trocar não deve quebrar
00:04 +464 -21: /Users/raudineisilvapereira/dev/appdart/test/modules/drawing/drawing_flow_widget_test.dart: FIX-DRAW-FLOW-02 — Integration: Sheet + Controller 🔗 Múltiplas ferramentas: trocar não deve quebrar
00:04 +465 -21: /Users/raudineisilvapereira/dev/appdart/test/modules/drawing/drawing_flow_widget_test.dart: FIX-DRAW-FLOW-02 — Integration: Sheet + Controller 🔗 Múltiplas ferramentas: trocar não deve quebrar
00:04 +466 -21: /Users/raudineisilvapereira/dev/appdart/test/modules/drawing/drawing_flow_widget_test.dart: FIX-DRAW-FLOW-02 — Integration: Sheet + Controller 🔗 Múltiplas ferramentas: trocar não deve quebrar
══╡ EXCEPTION CAUGHT BY RENDERING LIBRARY ╞═════════════════════════════════════════════════════════
The following assertion was thrown during layout:
A RenderFlex overflowed by 26 pixels on the bottom.

The relevant error-causing widget was:
  Column
  Column:file:///Users/raudineisilvapereira/dev/appdart/lib/modules/drawing/presentation/widgets/drawing_sheet.dart:146:33

The overflowing RenderFlex has an orientation of Axis.vertical.
The edge of the RenderFlex that is overflowing has been marked in the rendering with a yellow and
black striped pattern. This is usually caused by the contents being too big for the RenderFlex.
Consider applying a flex factor (e.g. using an Expanded widget) to force the children of the
RenderFlex to fit within the available space instead of being sized to their natural size.
This is considered an error condition because it indicates that there is content that cannot be
seen. If the content is legitimately bigger than the available space, consider clipping it with a
ClipRect widget before putting it in the flex, or using a scrollable container rather than a Flex,
like a ListView.
The specific RenderFlex in question is: RenderFlex#3d76d relayoutBoundary=up4 OVERFLOWING:
  creator: Column ← ListenableBuilder ← Flexible ← Column ← Padding ← DecoratedBox ← Container ←
    DrawingSheet ← KeyedSubtree-[GlobalKey#90b35] ← _BodyBuilder ← MediaQuery ←
    LayoutId-[<_ScaffoldSlot.body>] ← ⋯
  parentData: offset=Offset(0.0, 97.0); flex=1; fit=FlexFit.loose (can use size)
  constraints: BoxConstraints(w=800.0, 0.0<=h<=491.0)
  size: Size(800.0, 491.0)
  direction: vertical
  mainAxisAlignment: start
  mainAxisSize: min
  crossAxisAlignment: center
  verticalDirection: down
  spacing: 0.0
◢◤◢◤◢◤◢◤◢◤◢◤◢◤◢◤◢◤◢◤◢◤◢◤◢◤◢◤◢◤◢◤◢◤◢◤◢◤◢◤◢◤◢◤◢◤◢◤◢◤◢◤◢◤◢◤◢◤◢◤◢◤◢◤◢◤◢◤◢◤◢◤◢◤◢◤◢◤◢◤◢◤◢◤◢◤◢◤◢◤◢◤◢◤◢◤◢◤◢◤
════════════════════════════════════════════════════════════════════════════════════════════════════
00:04 +466 -22: /Users/raudineisilvapereira/dev/appdart/test/modules/drawing/drawing_state_machine_v3_complete_test.dart: 🏭 DrawingStateMachineV3 — Complete Test Suite 🔄 Replay & Time-Travel replayUntil(timestamp) funciona corretamente
00:04 +466 -22: /Users/raudineisilvapereira/dev/appdart/test/modules/drawing/drawing_flow_widget_test.dart: FIX-DRAW-FLOW-02 — Integration: Sheet + Controller 🔗 Múltiplas ferramentas: trocar não deve quebrar [E]
  Test failed. See exception logs above.
  The test description was: 🔗 Múltiplas ferramentas: trocar não deve quebrar
  
00:04 +467 -22: /Users/raudineisilvapereira/dev/appdart/test/modules/drawing/drawing_state_machine_v3_complete_test.dart: 🏭 DrawingStateMachineV3 — Complete Test Suite 🔄 Replay & Time-Travel replayUntil(timestamp) funciona corretamente
00:04 +468 -22: /Users/raudineisilvapereira/dev/appdart/test/modules/drawing/drawing_state_machine_v3_complete_test.dart: 🏭 DrawingStateMachineV3 — Complete Test Suite 🔄 Replay & Time-Travel replayUntil(timestamp) funciona corretamente
00:04 +468 -22: /Users/raudineisilvapereira/dev/appdart/test/modules/drawing/drawing_state_machine_v3_test.dart: 🏭 DrawingStateMachineV3 — Event Sourcing (Fase 1) 📚 Event History dispatch() deve adicionar evento ao histórico
EVENT: selectTool → armed
00:04 +469 -22: /Users/raudineisilvapereira/dev/appdart/test/modules/drawing/drawing_state_machine_v3_complete_test.dart: 🏭 DrawingStateMachineV3 — Complete Test Suite 🔄 Replay & Time-Travel replayUntil(timestamp) funciona corretamente
00:04 +469 -22: /Users/raudineisilvapereira/dev/appdart/test/modules/drawing/drawing_state_machine_v3_test.dart: 🏭 DrawingStateMachineV3 — Event Sourcing (Fase 1) 📚 Event History Múltiplos dispatches devem acumular eventos
EVENT: selectTool → armed
EVENT: addPoint → drawing
EVENT: addPoint → drawing
EVENT: complete → reviewing
00:04 +470 -22: /Users/raudineisilvapereira/dev/appdart/test/modules/drawing/drawing_state_machine_v3_complete_test.dart: 🏭 DrawingStateMachineV3 — Complete Test Suite 🔄 Replay & Time-Travel replayUntil(timestamp) funciona corretamente
00:04 +470 -22: /Users/raudineisilvapereira/dev/appdart/test/modules/drawing/drawing_state_machine_v3_test.dart: 🏭 DrawingStateMachineV3 — Event Sourcing (Fase 1) 📚 Event History Histórico deve ser imutável (não pode modificar de fora)
EVENT: selectTool → armed
00:04 +471 -22: /Users/raudineisilvapereira/dev/appdart/test/modules/drawing/drawing_state_machine_v3_complete_test.dart: 🏭 DrawingStateMachineV3 — Complete Test Suite 🔄 Replay & Time-Travel replayUntil(timestamp) funciona corretamente
00:04 +472 -22: /Users/raudineisilvapereira/dev/appdart/test/modules/drawing/drawing_state_machine_v3_complete_test.dart: 🏭 DrawingStateMachineV3 — Complete Test Suite 🔄 Replay & Time-Travel replayUntil(timestamp) funciona corretamente
00:04 +472 -22: /Users/raudineisilvapereira/dev/appdart/test/modules/drawing/drawing_state_machine_v3_test.dart: 🏭 DrawingStateMachineV3 — Event Sourcing (Fase 1) 📚 Event History Histórico deve respeitar limite máximo (100 eventos)
EVENT: selectTool → armed
EVENT: addPoint → drawing
EVENT: addPoint → drawing
EVENT: addPoint → drawing
EVENT: addPoint → drawing
EVENT: addPoint → drawing
EVENT: addPoint → drawing
EVENT: addPoint → drawing
EVENT: addPoint → drawing
EVENT: addPoint → drawing
EVENT: addPoint → drawing
EVENT: addPoint → drawing
EVENT: addPoint → drawing
EVENT: addPoint → drawing
EVENT: addPoint → drawing
EVENT: addPoint → drawing
EVENT: addPoint → drawing
EVENT: addPoint → drawing
EVENT: addPoint → drawing
EVENT: addPoint → drawing
📸 SNAPSHOT criado no evento #20
EVENT: addPoint → drawing
EVENT: addPoint → drawing
EVENT: addPoint → drawing
EVENT: addPoint → drawing
EVENT: addPoint → drawing
EVENT: addPoint → drawing
EVENT: addPoint → drawing
EVENT: addPoint → drawing
EVENT: addPoint → drawing
EVENT: addPoint → drawing
EVENT: addPoint → drawing
EVENT: addPoint → drawing
EVENT: addPoint → drawing
EVENT: addPoint → drawing
EVENT: addPoint → drawing
EVENT: addPoint → drawing
EVENT: addPoint → drawing
EVENT: addPoint → drawing
EVENT: addPoint → drawing
EVENT: addPoint → drawing
📸 SNAPSHOT criado no evento #40
EVENT: addPoint → drawing
EVENT: addPoint → drawing
EVENT: addPoint → drawing
EVENT: addPoint → drawing
EVENT: addPoint → drawing
EVENT: addPoint → drawing
EVENT: addPoint → drawing
EVENT: addPoint → drawing
EVENT: addPoint → drawing
EVENT: addPoint → drawing
EVENT: addPoint → drawing
EVENT: addPoint → drawing
EVENT: addPoint → drawing
EVENT: addPoint → drawing
EVENT: addPoint → drawing
EVENT: addPoint → drawing
EVENT: addPoint → drawing
EVENT: addPoint → drawing
EVENT: addPoint → drawing
EVENT: addPoint → drawing
📸 SNAPSHOT criado no evento #60
EVENT: addPoint → drawing
EVENT: addPoint → drawing
EVENT: addPoint → drawing
EVENT: addPoint → drawing
EVENT: addPoint → drawing
EVENT: addPoint → drawing
EVENT: addPoint → drawing
EVENT: addPoint → drawing
EVENT: addPoint → drawing
EVENT: addPoint → drawing
EVENT: addPoint → drawing
EVENT: addPoint → drawing
EVENT: addPoint → drawing
EVENT: addPoint → drawing
EVENT: addPoint → drawing
EVENT: addPoint → drawing
EVENT: addPoint → drawing
EVENT: addPoint → drawing
EVENT: addPoint → drawing
EVENT: addPoint → drawing
📸 SNAPSHOT criado no evento #80
EVENT: addPoint → drawing
EVENT: addPoint → drawing
EVENT: addPoint → drawing
EVENT: addPoint → drawing
EVENT: addPoint → drawing
EVENT: addPoint → drawing
EVENT: addPoint → drawing
EVENT: addPoint → drawing
EVENT: addPoint → drawing
EVENT: addPoint → drawing
EVENT: addPoint → drawing
EVENT: addPoint → drawing
EVENT: addPoint → drawing
EVENT: addPoint → drawing
EVENT: addPoint → drawing
EVENT: addPoint → drawing
EVENT: addPoint → drawing
EVENT: addPoint → drawing
EVENT: addPoint → drawing
EVENT: addPoint → drawing
🗑️ Snapshots invalidados
EVENT: addPoint → drawing
🗑️ Snapshots invalidados
EVENT: addPoint → drawing
🗑️ Snapshots invalidados
EVENT: addPoint → drawing
🗑️ Snapshots invalidados
EVENT: addPoint → drawing
🗑️ Snapshots invalidados
EVENT: addPoint → drawing
00:04 +473 -22: /Users/raudineisilvapereira/dev/appdart/test/modules/drawing/drawing_state_machine_v3_complete_test.dart: 🏭 DrawingStateMachineV3 — Complete Test Suite 🔄 Replay & Time-Travel replayUntil(timestamp) funciona corretamente
00:04 +474 -22: /Users/raudineisilvapereira/dev/appdart/test/modules/drawing/drawing_state_machine_v3_complete_test.dart: 🏭 DrawingStateMachineV3 — Complete Test Suite 🔄 Replay & Time-Travel replayUntil(timestamp) funciona corretamente
00:04 +474 -22: /Users/raudineisilvapereira/dev/appdart/test/modules/drawing/drawing_state_machine_v3_test.dart: 🏭 DrawingStateMachineV3 — Event Sourcing (Fase 1) 🔄 Event Replay Replay deve reconstruir estado corretamente
EVENT: selectTool → armed
EVENT: addPoint → drawing
EVENT: addPoint → drawing
00:04 +475 -22: /Users/raudineisilvapereira/dev/appdart/test/modules/drawing/drawing_state_machine_v3_complete_test.dart: 🏭 DrawingStateMachineV3 — Complete Test Suite 🔄 Replay & Time-Travel replayUntil(timestamp) funciona corretamente
00:04 +475 -22: /Users/raudineisilvapereira/dev/appdart/test/modules/drawing/drawing_state_machine_v3_test.dart: 🏭 DrawingStateMachineV3 — Event Sourcing (Fase 1) 🔄 Event Replay Replay completo deve corresponder ao estado atual
EVENT: selectTool → armed
EVENT: addPoint → drawing
EVENT: complete → reviewing
00:04 +476 -22: /Users/raudineisilvapereira/dev/appdart/test/modules/drawing/drawing_state_machine_v3_complete_test.dart: 🏭 DrawingStateMachineV3 — Complete Test Suite 🔄 Replay & Time-Travel replayUntil(timestamp) funciona corretamente
00:04 +476 -22: /Users/raudineisilvapereira/dev/appdart/test/modules/drawing/drawing_state_machine_v3_test.dart: 🏭 DrawingStateMachineV3 — Event Sourcing (Fase 1) 🔄 Event Replay Replay intermediário deve mostrar estado passado
EVENT: selectTool → armed
EVENT: addPoint → drawing
EVENT: complete → reviewing
EVENT: confirm → idle
00:04 +477 -22: /Users/raudineisilvapereira/dev/appdart/test/modules/drawing/drawing_state_machine_v3_complete_test.dart: 🏭 DrawingStateMachineV3 — Complete Test Suite 🔄 Replay & Time-Travel replayUntil(timestamp) funciona corretamente
00:04 +477 -22: /Users/raudineisilvapereira/dev/appdart/test/modules/drawing/drawing_state_machine_v3_test.dart: 🏭 DrawingStateMachineV3 — Event Sourcing (Fase 1) ⏰ Time-Travel replayUntil(timestamp) deve reconstruir estado até tempo específico
EVENT: selectTool → armed
00:04 +477 -22: /Users/raudineisilvapereira/dev/appdart/test/modules/drawing/drawing_state_machine_v3_complete_test.dart: 🏭 DrawingStateMachineV3 — Complete Test Suite 🔄 Replay & Time-Travel replayUntil(timestamp) funciona corretamente
EVENT: addPoint → drawing
00:04 +477 -22: /Users/raudineisilvapereira/dev/appdart/test/modules/drawing/drawing_state_machine_v3_test.dart: 🏭 DrawingStateMachineV3 — Event Sourcing (Fase 1) ⏰ Time-Travel replayUntil(timestamp) deve reconstruir estado até tempo específico
EVENT: addPoint → drawing
EVENT: complete → reviewing
00:04 +477 -23: /Users/raudineisilvapereira/dev/appdart/test/modules/drawing/drawing_state_machine_v3_complete_test.dart: 🏭 DrawingStateMachineV3 — Complete Test Suite 🔄 Replay & Time-Travel replayUntil(timestamp) funciona corretamente
00:04 +477 -23: /Users/raudineisilvapereira/dev/appdart/test/modules/drawing/drawing_state_machine_v3_test.dart: 🏭 DrawingStateMachineV3 — Event Sourcing (Fase 1) ⏰ Time-Travel replayUntil(timestamp) deve reconstruir estado até tempo específico [E]
  Expected: DrawingState:<DrawingState.idle>
    Actual: DrawingState:<DrawingState.armed>
  
  package:matcher                                                 expect
  package:flutter_test/src/widget_tester.dart 473:18              expect
  test/modules/drawing/drawing_state_machine_v3_test.dart 241:11  main.<fn>.<fn>.<fn>
  
00:04 +477 -23: /Users/raudineisilvapereira/dev/appdart/test/modules/drawing/drawing_state_machine_v3_test.dart: 🏭 DrawingStateMachineV3 — Event Sourcing (Fase 1) ⏰ Time-Travel Time-travel não deve modificar histórico
EVENT: selectTool → armed
EVENT: addPoint → drawing
00:04 +478 -23: /Users/raudineisilvapereira/dev/appdart/test/modules/drawing/drawing_state_machine_v3_complete_test.dart: 🏭 DrawingStateMachineV3 — Complete Test Suite 🔄 Replay & Time-Travel replayUntil(timestamp) funciona corretamente
00:04 +479 -23: /Users/raudineisilvapereira/dev/appdart/test/modules/drawing/drawing_state_machine_v3_complete_test.dart: 🏭 DrawingStateMachineV3 — Complete Test Suite 🔄 Replay & Time-Travel replayUntil(timestamp) funciona corretamente
00:04 +479 -23: /Users/raudineisilvapereira/dev/appdart/test/modules/drawing/drawing_state_machine_v3_test.dart: 🏭 DrawingStateMachineV3 — Event Sourcing (Fase 1) ✅ Event Validation getNextState deve prever próximo estado
EVENT: selectTool → armed
00:04 +480 -23: /Users/raudineisilvapereira/dev/appdart/test/modules/drawing/drawing_state_machine_v3_complete_test.dart: 🏭 DrawingStateMachineV3 — Complete Test Suite 🔄 Replay & Time-Travel replayUntil(timestamp) funciona corretamente
00:04 +481 -23: /Users/raudineisilvapereira/dev/appdart/test/modules/drawing/drawing_state_machine_v3_complete_test.dart: 🏭 DrawingStateMachineV3 — Complete Test Suite 🔄 Replay & Time-Travel replayUntil(timestamp) funciona corretamente
00:04 +481 -23: /Users/raudineisilvapereira/dev/appdart/test/modules/drawing/drawing_state_machine_v3_test.dart: 🏭 DrawingStateMachineV3 — Event Sourcing (Fase 1) 🔄 Reset reset() deve limpar histórico e voltar ao inicial
EVENT: selectTool → armed
EVENT: addPoint → drawing
EVENT: complete → reviewing
RESET: máquina reiniciada
00:04 +482 -23: /Users/raudineisilvapereira/dev/appdart/test/modules/drawing/drawing_state_machine_v3_complete_test.dart: 🏭 DrawingStateMachineV3 — Complete Test Suite 🔄 Replay & Time-Travel replayUntil(timestamp) funciona corretamente
EVENT: complete → reviewing
00:04 +483 -23: /Users/raudineisilvapereira/dev/appdart/test/modules/drawing/drawing_state_machine_v3_complete_test.dart: 🏭 DrawingStateMachineV3 — Complete Test Suite 🔒 Validation canDispatch valida antes de executar
EVENT: selectTool → armed
00:04 +484 -23: /Users/raudineisilvapereira/dev/appdart/test/modules/drawing/drawing_state_machine_v3_complete_test.dart: 🏭 DrawingStateMachineV3 — Complete Test Suite 🔒 Validation getNextState prevê próximo estado sem executar
EVENT: selectTool → armed
00:04 +485 -23: /Users/raudineisilvapereira/dev/appdart/test/modules/drawing/drawing_state_machine_v3_complete_test.dart: 🏭 DrawingStateMachineV3 — Complete Test Suite 🔄 Reset reset limpa histórico e volta ao estado inicial
EVENT: selectTool → armed
EVENT: addPoint → drawing
EVENT: complete → reviewing
RESET: máquina reiniciada
00:04 +486 -23: /Users/raudineisilvapereira/dev/appdart/test/modules/drawing/drawing_state_machine_v3_complete_test.dart: 🏭 DrawingStateMachineV3 — Complete Test Suite 🔐 Immutability DrawingContext é imutável
00:04 +487 -23: /Users/raudineisilvapereira/dev/appdart/test/modules/drawing/drawing_state_machine_v3_complete_test.dart: 🏭 DrawingStateMachineV3 — Complete Test Suite 🔐 Immutability currentContext sempre retorna instância válida
EVENT: selectTool → armed
00:04 +488 -23: /Users/raudineisilvapereira/dev/appdart/test/modules/drawing/drawing_state_machine_v3_complete_test.dart: 🏭 DrawingStateMachineV3 — Complete Test Suite ⚡ Performance replay de 100 eventos < 50ms
EVENT: selectTool → armed
EVENT: addPoint → drawing
EVENT: addPoint → drawing
EVENT: addPoint → drawing
EVENT: addPoint → drawing
EVENT: addPoint → drawing
EVENT: addPoint → drawing
EVENT: addPoint → drawing
EVENT: addPoint → drawing
EVENT: addPoint → drawing
EVENT: addPoint → drawing
EVENT: addPoint → drawing
EVENT: addPoint → drawing
EVENT: addPoint → drawing
EVENT: addPoint → drawing
EVENT: addPoint → drawing
EVENT: addPoint → drawing
EVENT: addPoint → drawing
EVENT: addPoint → drawing
EVENT: addPoint → drawing
📸 SNAPSHOT criado no evento #20
EVENT: addPoint → drawing
EVENT: addPoint → drawing
EVENT: addPoint → drawing
EVENT: addPoint → drawing
EVENT: addPoint → drawing
EVENT: addPoint → drawing
EVENT: addPoint → drawing
EVENT: addPoint → drawing
EVENT: addPoint → drawing
EVENT: addPoint → drawing
EVENT: addPoint → drawing
EVENT: addPoint → drawing
EVENT: addPoint → drawing
EVENT: addPoint → drawing
EVENT: addPoint → drawing
EVENT: addPoint → drawing
EVENT: addPoint → drawing
EVENT: addPoint → drawing
EVENT: addPoint → drawing
EVENT: addPoint → drawing
📸 SNAPSHOT criado no evento #40
EVENT: addPoint → drawing
EVENT: addPoint → drawing
EVENT: addPoint → drawing
EVENT: addPoint → drawing
EVENT: addPoint → drawing
EVENT: addPoint → drawing
EVENT: addPoint → drawing
EVENT: addPoint → drawing
EVENT: addPoint → drawing
EVENT: addPoint → drawing
EVENT: addPoint → drawing
EVENT: addPoint → drawing
EVENT: addPoint → drawing
EVENT: addPoint → drawing
EVENT: addPoint → drawing
EVENT: addPoint → drawing
EVENT: addPoint → drawing
EVENT: addPoint → drawing
EVENT: addPoint → drawing
EVENT: addPoint → drawing
📸 SNAPSHOT criado no evento #60
EVENT: addPoint → drawing
EVENT: addPoint → drawing
EVENT: addPoint → drawing
EVENT: addPoint → drawing
EVENT: addPoint → drawing
EVENT: addPoint → drawing
EVENT: addPoint → drawing
EVENT: addPoint → drawing
EVENT: addPoint → drawing
EVENT: addPoint → drawing
EVENT: addPoint → drawing
EVENT: addPoint → drawing
EVENT: addPoint → drawing
EVENT: addPoint → drawing
EVENT: addPoint → drawing
EVENT: addPoint → drawing
EVENT: addPoint → drawing
EVENT: addPoint → drawing
EVENT: addPoint → drawing
EVENT: addPoint → drawing
📸 SNAPSHOT criado no evento #80
EVENT: addPoint → drawing
EVENT: addPoint → drawing
EVENT: addPoint → drawing
EVENT: addPoint → drawing
EVENT: addPoint → drawing
EVENT: addPoint → drawing
EVENT: addPoint → drawing
EVENT: addPoint → drawing
EVENT: addPoint → drawing
EVENT: addPoint → drawing
EVENT: addPoint → drawing
EVENT: addPoint → drawing
EVENT: addPoint → drawing
EVENT: addPoint → drawing
EVENT: addPoint → drawing
EVENT: addPoint → drawing
EVENT: addPoint → drawing
EVENT: addPoint → drawing
EVENT: addPoint → drawing
EVENT: addPoint → drawing
00:04 +489 -23: /Users/raudineisilvapereira/dev/appdart/test/modules/drawing/drawing_state_machine_v3_complete_test.dart: 🏭 DrawingStateMachineV3 — Complete Test Suite ⚡ Performance undo massivo (50 undos) < 100ms
EVENT: selectTool → armed
EVENT: addPoint → drawing
EVENT: addPoint → drawing
EVENT: addPoint → drawing
EVENT: addPoint → drawing
EVENT: addPoint → drawing
EVENT: addPoint → drawing
EVENT: addPoint → drawing
EVENT: addPoint → drawing
EVENT: addPoint → drawing
EVENT: addPoint → drawing
EVENT: addPoint → drawing
EVENT: addPoint → drawing
EVENT: addPoint → drawing
EVENT: addPoint → drawing
EVENT: addPoint → drawing
EVENT: addPoint → drawing
EVENT: addPoint → drawing
EVENT: addPoint → drawing
EVENT: addPoint → drawing
📸 SNAPSHOT criado no evento #20
EVENT: addPoint → drawing
EVENT: addPoint → drawing
EVENT: addPoint → drawing
EVENT: addPoint → drawing
EVENT: addPoint → drawing
EVENT: addPoint → drawing
EVENT: addPoint → drawing
EVENT: addPoint → drawing
EVENT: addPoint → drawing
EVENT: addPoint → drawing
EVENT: addPoint → drawing
EVENT: addPoint → drawing
EVENT: addPoint → drawing
EVENT: addPoint → drawing
EVENT: addPoint → drawing
EVENT: addPoint → drawing
EVENT: addPoint → drawing
EVENT: addPoint → drawing
EVENT: addPoint → drawing
EVENT: addPoint → drawing
📸 SNAPSHOT criado no evento #40
EVENT: addPoint → drawing
EVENT: addPoint → drawing
EVENT: addPoint → drawing
EVENT: addPoint → drawing
EVENT: addPoint → drawing
EVENT: addPoint → drawing
EVENT: addPoint → drawing
EVENT: addPoint → drawing
EVENT: addPoint → drawing
EVENT: addPoint → drawing
EVENT: addPoint → drawing
UNDO: addPoint → drawing
UNDO: addPoint → drawing
UNDO: addPoint → drawing
UNDO: addPoint → drawing
UNDO: addPoint → drawing
UNDO: addPoint → drawing
UNDO: addPoint → drawing
UNDO: addPoint → drawing
UNDO: addPoint → drawing
UNDO: addPoint → drawing
UNDO: addPoint → drawing
UNDO: addPoint → drawing
UNDO: addPoint → drawing
UNDO: addPoint → drawing
UNDO: addPoint → drawing
UNDO: addPoint → drawing
UNDO: addPoint → drawing
UNDO: addPoint → drawing
UNDO: addPoint → drawing
UNDO: addPoint → drawing
UNDO: addPoint → drawing
UNDO: addPoint → drawing
UNDO: addPoint → drawing
UNDO: addPoint → drawing
UNDO: addPoint → drawing
UNDO: addPoint → drawing
UNDO: addPoint → drawing
UNDO: addPoint → drawing
UNDO: addPoint → drawing
UNDO: addPoint → drawing
UNDO: addPoint → drawing
UNDO: addPoint → drawing
UNDO: addPoint → drawing
UNDO: addPoint → drawing
UNDO: addPoint → drawing
UNDO: addPoint → drawing
UNDO: addPoint → drawing
UNDO: addPoint → drawing
UNDO: addPoint → drawing
UNDO: addPoint → drawing
UNDO: addPoint → drawing
UNDO: addPoint → drawing
UNDO: addPoint → drawing
UNDO: addPoint → drawing
UNDO: addPoint → drawing
UNDO: addPoint → drawing
UNDO: addPoint → drawing
UNDO: addPoint → drawing
UNDO: addPoint → drawing
UNDO: addPoint → armed
UNDO: selectTool → idle
00:04 +490 -23: /Users/raudineisilvapereira/dev/appdart/test/modules/drawing/drawing_state_machine_v3_complete_test.dart: 🏭 DrawingStateMachineV3 — Complete Test Suite ⚡ Performance undo individual < 5ms
EVENT: selectTool → armed
EVENT: addPoint → drawing
UNDO: addPoint → armed
00:04 +491 -23: /Users/raudineisilvapereira/dev/appdart/test/modules/drawing/drawing_state_machine_v3_complete_test.dart: 🏭 DrawingStateMachineV3 — Complete Test Suite 🔥 Cenários Complexos fluxo completo: idle → drawing → reviewing → idle
EVENT: selectTool → armed
EVENT: addPoint → drawing
EVENT: complete → reviewing
EVENT: confirm → idle
00:04 +492 -23: /Users/raudineisilvapereira/dev/appdart/test/modules/drawing/drawing_state_machine_v3_complete_test.dart: 🏭 DrawingStateMachineV3 — Complete Test Suite 🔥 Cenários Complexos desfazer fluxo completo até o início
EVENT: selectTool → armed
EVENT: addPoint → drawing
EVENT: complete → reviewing
EVENT: confirm → idle
UNDO: confirm → reviewing
UNDO: complete → drawing
UNDO: addPoint → armed
UNDO: selectTool → idle
00:04 +493 -23: /Users/raudineisilvapereira/dev/appdart/test/modules/drawing/drawing_state_machine_v3_complete_test.dart: 🏭 DrawingStateMachineV3 — Complete Test Suite 🔥 Cenários Complexos refazer fluxo completo
EVENT: selectTool → armed
EVENT: addPoint → drawing
EVENT: complete → reviewing
UNDO: complete → drawing
UNDO: addPoint → armed
UNDO: selectTool → idle
REDO: selectTool → armed
REDO: addPoint → drawing
REDO: complete → reviewing
00:04 +494 -23: /Users/raudineisilvapereira/dev/appdart/test/modules/drawing/drawing_state_machine_v3_complete_test.dart: 🏭 DrawingStateMachineV3 — Complete Test Suite 🔥 Cenários Complexos operação booleana completa
EVENT: selectTool → armed
EVENT: addPoint → drawing
EVENT: complete → reviewing
EVENT: startBooleanOp → booleanOperation
EVENT: completeBooleanOp → reviewing
00:04 +495 -23: /Users/raudineisilvapereira/dev/appdart/test/modules/drawing/drawing_utils_test.dart: DrawingUtils - Cálculo de Área calculateAreaHa deve retornar 0 para polígono vazio
00:05 +496 -23: /Users/raudineisilvapereira/dev/appdart/test/modules/drawing/drawing_utils_test.dart: DrawingUtils - Cálculo de Área calculateAreaHa deve retornar 0 para menos de 3 pontos
00:05 +497 -23: /Users/raudineisilvapereira/dev/appdart/test/modules/drawing/drawing_utils_test.dart: DrawingUtils - Cálculo de Área calculateAreaHa deve calcular área de triângulo simples
00:05 +498 -23: /Users/raudineisilvapereira/dev/appdart/test/modules/drawing/drawing_utils_test.dart: DrawingUtils - Cálculo de Área calculateGeometryArea deve funcionar com DrawingPolygon
00:05 +499 -23: /Users/raudineisilvapereira/dev/appdart/test/modules/drawing/drawing_utils_test.dart: DrawingUtils - Cálculo de Área calculateGeometryArea deve retornar 0 para polígono sem coordenadas
00:05 +500 -23: /Users/raudineisilvapereira/dev/appdart/test/modules/drawing/drawing_utils_test.dart: DrawingUtils - Cálculo de Área calculateGeometryArea deve somar áreas de MultiPolygon
00:05 +501 -23: /Users/raudineisilvapereira/dev/appdart/test/modules/drawing/drawing_utils_test.dart: DrawingUtils - Validação normalizeGeometry deve fechar polígono aberto
00:05 +502 -23: /Users/raudineisilvapereira/dev/appdart/test/modules/drawing/drawing_utils_test.dart: DrawingUtils - Validação validateTopology deve aceitar polígono válido
00:05 +503 -23: /Users/raudineisilvapereira/dev/appdart/test/modules/drawing/drawing_utils_test.dart: DrawingUtils - Validação validateTopology deve rejeitar polígono com menos de 3 pontos
00:05 +504 -23: /Users/raudineisilvapereira/dev/appdart/test/modules/drawing/drawing_utils_test.dart: DrawingUtils - Validação validateTopology deve retornar válido para null geometry
00:05 +505 -23: /Users/raudineisilvapereira/dev/appdart/test/modules/drawing/drawing_utils_test.dart: DrawingUtils - Simplificação simplifyGeometry deve reduzir pontos de polígono complexo
00:05 +506 -23: /Users/raudineisilvapereira/dev/appdart/test/modules/drawing/drawing_utils_test.dart: DrawingUtils - Simplificação simplifyGeometry deve manter polígono já simplificado
00:05 +507 -23: /Users/raudineisilvapereira/dev/appdart/test/modules/drawing/drawing_utils_test.dart: DrawingUtils - Geração de ID generateId deve criar IDs únicos
00:05 +508 -23: /Users/raudineisilvapereira/dev/appdart/test/modules/drawing/drawing_utils_test.dart: DrawingUtils - Geração de ID generateId deve criar UUIDs válidos v4
00:05 +509 -23: /Users/raudineisilvapereira/dev/appdart/test/modules/drawing/drawing_utils_test.dart: DrawingUtils - Point in Polygon isPointInPolygon deve detectar ponto dentro de polígono
00:05 +510 -23: /Users/raudineisilvapereira/dev/appdart/test/modules/drawing/drawing_utils_test.dart: DrawingUtils - Point in Polygon isPointInPolygon deve detectar ponto fora de polígono
00:05 +511 -23: /Users/raudineisilvapereira/dev/appdart/test/modules/drawing/drawing_utils_test.dart: DrawingUtils - Point in Polygon isPointInPolygon deve lidar com ponto na borda
00:05 +512 -23: /Users/raudineisilvapereira/dev/appdart/test/modules/drawing/drawing_utils_test.dart: DrawingUtils - Vertex Count getVertexCount deve contar vértices de Polygon
00:05 +513 -23: /Users/raudineisilvapereira/dev/appdart/test/modules/drawing/drawing_utils_test.dart: DrawingUtils - Vertex Count getVertexCount deve contar vértices de MultiPolygon
00:05 +514 -23: /Users/raudineisilvapereira/dev/appdart/test/modules/drawing/async_geometry_service_test.dart: AsyncGeometryService - Complexity Detection Simple polygon (<2000 vertices) is not complex
00:05 +515 -23: /Users/raudineisilvapereira/dev/appdart/test/modules/feedback/presentation/controllers/feedback_controller_test.dart: feedbackStatsProvider should load stats
00:05 +516 -23: /Users/raudineisilvapereira/dev/appdart/test/modules/feedback/presentation/controllers/feedback_controller_test.dart: feedbackStatsProvider should load stats
00:05 +517 -23: /Users/raudineisilvapereira/dev/appdart/test/modules/feedback/presentation/controllers/feedback_controller_test.dart: feedbackStatsProvider should load stats
00:05 +518 -23: /Users/raudineisilvapereira/dev/appdart/test/modules/feedback/presentation/controllers/feedback_controller_test.dart: feedbackStatsProvider should load stats
00:05 +519 -23: /Users/raudineisilvapereira/dev/appdart/test/modules/feedback/presentation/controllers/feedback_controller_test.dart: feedbackStatsProvider should load stats
00:05 +520 -23: /Users/raudineisilvapereira/dev/appdart/test/modules/feedback/presentation/controllers/feedback_controller_test.dart: feedbackStatsProvider should load stats
00:05 +521 -23: /Users/raudineisilvapereira/dev/appdart/test/modules/feedback/presentation/controllers/feedback_controller_test.dart: feedbackStatsProvider should load stats
00:05 +522 -23: /Users/raudineisilvapereira/dev/appdart/test/modules/feedback/presentation/controllers/feedback_controller_test.dart: feedbackStatsProvider should load stats
00:05 +523 -23: /Users/raudineisilvapereira/dev/appdart/test/modules/feedback/presentation/controllers/feedback_controller_test.dart: feedbackStatsProvider should load stats
00:05 +524 -23: /Users/raudineisilvapereira/dev/appdart/test/modules/feedback/presentation/controllers/feedback_controller_test.dart: feedbackStatsProvider should load stats
00:05 +525 -23: /Users/raudineisilvapereira/dev/appdart/test/modules/feedback/presentation/controllers/feedback_controller_test.dart: feedbackStatsProvider should load stats
00:05 +526 -23: /Users/raudineisilvapereira/dev/appdart/test/modules/feedback/presentation/controllers/feedback_controller_test.dart: feedbackStatsProvider should load stats
00:05 +527 -23: /Users/raudineisilvapereira/dev/appdart/test/modules/feedback/presentation/controllers/feedback_controller_test.dart: feedbackStatsProvider should load stats
00:05 +528 -23: /Users/raudineisilvapereira/dev/appdart/test/modules/drawing/async_geometry_service_test.dart: AsyncGeometryService - Performance with Complex Geometries Complex polygon triggers isolate usage
00:05 +529 -23: /Users/raudineisilvapereira/dev/appdart/test/modules/feedback/presentation/controllers/feedback_controller_test.dart: FeedbackController - Submit success
00:05 +530 -23: /Users/raudineisilvapereira/dev/appdart/test/modules/feedback/presentation/controllers/feedback_controller_test.dart: FeedbackController - Submit error
00:05 +531 -23: /Users/raudineisilvapereira/dev/appdart/test/modules/dashboard/services/location_service_test.dart: LocationService - Estrutura deve ser singleton
00:05 +532 -23: /Users/raudineisilvapereira/dev/appdart/test/modules/dashboard/services/location_service_test.dart: LocationService - Estrutura deve expor stream de localização
00:05 +533 -23: /Users/raudineisilvapereira/dev/appdart/test/modules/dashboard/services/location_service_test.dart: LocationService - Estrutura stream deve ser broadcast (múltiplos listeners)
00:05 +534 -23: /Users/raudineisilvapereira/dev/appdart/test/modules/dashboard/services/location_service_test.dart: LocationService - Estrutura não deve criar múltiplos streams
00:05 +535 -23: /Users/raudineisilvapereira/dev/appdart/test/modules/dashboard/services/location_service_test.dart: LocationService - Estrutura dispose deve executar sem erro
00:05 +536 -23: /Users/raudineisilvapereira/dev/appdart/test/modules/dashboard/services/location_service_test.dart: LocationService - Documentação estrutura do serviço está documentada
00:05 +537 -23: Some tests failed.
